{
'paper.js:examples/Node.js/AnimatedStar.js':[
5,
29,
30,
],
'paper.js:examples/Node.js/BooleanOperations.js':[
12,
13,
17,
],
'paper.js:examples/Node.js/RasterRemote.js':[
11,
],
'paper.js:examples/Node.js/SvgExport.js':[
9,
10,
13,
16,
31,
],
'paper.js:examples/Node.js/SvgImport.js':[
6,
],
'paper.js:examples/Node.js/Tadpoles.js':[
5,
],
'paper.js:src/anim/Tween.js':[
250,
],
'paper.js:src/basic/Line.js':[
57,
67,
162,
],
'paper.js:src/basic/Matrix.js':[
146,
373,
526,
598,
643,
671,
720,
721,
792,
],
'paper.js:src/basic/Point.js':[
243,
460,
485,
538,
576,
615,
653,
688,
692,
821,
945,
977,
998,
1022,
],
'paper.js:src/basic/Rectangle.js':[
211,
260,
278,
457,
747,
764,
789,
818,
869,
],
'paper.js:src/basic/Size.js':[
184,
236,
273,
309,
345,
380,
384,
492,
520,
538,
545,
],
'paper.js:src/core/Base.js':[
444,
561,
],
'paper.js:src/core/PaperScope.js':[
51,
263,
],
'paper.js:src/core/PaperScript.js':[
463,
559,
597,
],
'paper.js:src/dom/DomElement.js':[
65,
72,
90,
],
'paper.js:src/dom/DomEvent.js':[
62,
],
'paper.js:src/event/Key.js':[
51,
],
'paper.js:src/export.js':[
19,
],
'paper.js:src/item/HitResult.js':[
108,
],
'paper.js:src/item/Item.js':[
72,
141,
154,
785,
825,
873,
882,
894,
922,
1094,
1095,
1198,
1209,
1632,
1764,
1765,
1769,
1773,
1779,
1856,
1891,
2022,
2061,
2116,
2290,
2306,
3336,
3348,
3757,
3757,
3758,
4315,
4317,
4828,
],
'paper.js:src/item/Project.js':[
60,
242,
387,
870,
871,
874,
],
'paper.js:src/item/Raster.js':[
145,
178,
257,
258,
259,
260,
340,
537,
593,
596,
612,
619,
626,
676,
741,
796,
803,
],
'paper.js:src/item/Shape.js':[
79,
119,
171,
172,
281,
306,
309,
372,
385,
436,
],
'paper.js:src/item/SymbolDefinition.js':[
118,
137,
146,
],
'paper.js:src/item/SymbolItem.js':[
79,
],
'paper.js:src/node/canvas.js':[
52,
],
'paper.js:src/node/extend.js':[
42,
109,
],
'paper.js:src/node/self.js':[
40,
],
'paper.js:src/path/CompoundPath.js':[
130,
149,
368,
],
'paper.js:src/path/Curve.js':[
78,
79,
84,
85,
102,
103,
120,
121,
144,
385,
417,
432,
496,
496,
497,
498,
511,
573,
704,
705,
747,
839,
972,
1006,
1007,
1008,
1009,
1123,
1231,
1519,
1519,
1756,
1757,
1966,
2080,
2081,
2219,
],
'paper.js:src/path/Path.Constructors.js':[
17,
18,
19,
20,
25,
38,
84,
85,
121,
226,
227,
228,
229,
238,
239,
240,
241,
242,
243,
244,
245,
343,
390,
394,
446,
449,
],
'paper.js:src/path/Path.js':[
231,
289,
306,
434,
1078,
1265,
1270,
1274,
1281,
1504,
1505,
1524,
1530,
1533,
1545,
1552,
1705,
1740,
1813,
1815,
1897,
2335,
2394,
2403,
2416,
2520,
2527,
2545,
2547,
2549,
2614,
2705,
2733,
2760,
2760,
2821,
2822,
2873,
2874,
2875,
2876,
2961,
],
'paper.js:src/path/PathFitter.js':[
51,
110,
],
'paper.js:src/path/PathItem.Boolean.js':[
84,
1018,
1088,
1337,
],
'paper.js:src/path/PathItem.js':[
88,
139,
140,
150,
235,
264,
688,
],
'paper.js:src/path/Segment.js':[
144,
145,
146,
372,
459,
462,
468,
471,
546,
561,
],
'paper.js:src/style/Color.js':[
746,
1207,
1253,
],
'paper.js:src/style/Gradient.js':[
136,
],
'paper.js:src/style/GradientStop.js':[
58,
],
'paper.js:src/style/Style.js':[
87,
104,
],
'paper.js:src/svg/SvgExport.js':[
23,
38,
402,
422,
],
'paper.js:src/svg/SvgImport.js':[
51,
58,
78,
130,
133,
163,
165,
184,
221,
230,
237,
267,
276,
284,
284,
292,
306,
329,
344,
395,
420,
468,
476,
493,
],
'paper.js:src/text/PointText.js':[
71,
118,
],
'paper.js:src/tool/Tool.js':[
343,
],
'paper.js:src/util/Formatter.js':[
61,
],
'paper.js:src/view/View.js':[
39,
76,
88,
109,
281,
316,
380,
422,
422,
486,
502,
535,
567,
1029,
1465,
],
'paper.js:test/helpers.js':[
86,
86,
260,
279,
282,
359,
612,
689,
],
'paper.js:test/tests/Color.js':[
16,
18,
23,
25,
28,
30,
35,
37,
40,
42,
47,
49,
54,
54,
57,
57,
60,
60,
63,
63,
66,
66,
69,
69,
72,
72,
75,
75,
78,
78,
81,
81,
84,
84,
87,
87,
90,
91,
94,
95,
97,
98,
100,
101,
103,
103,
106,
106,
111,
114,
119,
124,
129,
135,
153,
155,
156,
158,
159,
160,
164,
166,
170,
172,
176,
178,
183,
187,
193,
198,
210,
215,
216,
217,
218,
219,
223,
224,
225,
226,
227,
231,
232,
233,
234,
235,
236,
240,
241,
242,
243,
244,
245,
249,
251,
254,
259,
260,
261,
262,
263,
264,
265,
266,
267,
285,
292,
310,
310,
310,
],
'paper.js:test/tests/CompoundPath.js':[
16,
19,
19,
19,
19,
20,
20,
20,
20,
38,
39,
40,
52,
],
'paper.js:test/tests/Curve.js':[
29,
30,
31,
32,
33,
34,
35,
46,
52,
53,
54,
55,
56,
72,
83,
89,
90,
91,
92,
93,
111,
117,
118,
119,
120,
121,
139,
163,
187,
216,
227,
245,
256,
259,
262,
265,
268,
271,
274,
277,
280,
283,
286,
292,
295,
298,
304,
305,
306,
331,
340,
341,
344,
347,
352,
361,
367,
],
'paper.js:test/tests/CurveLocation.js':[
16,
17,
18,
19,
20,
],
'paper.js:test/tests/Emitter.js':[
16,
46,
88,
],
'paper.js:test/tests/Group.js':[
16,
23,
33,
34,
44,
45,
65,
66,
67,
68,
69,
72,
73,
74,
75,
76,
80,
81,
82,
87,
98,
99,
100,
105,
116,
117,
118,
141,
145,
147,
150,
156,
159,
159,
162,
162,
165,
165,
173,
174,
175,
180,
186,
188,
194,
195,
203,
204,
205,
206,
],
'paper.js:test/tests/HitResult.js':[
64,
78,
91,
109,
124,
133,
148,
176,
176,
197,
197,
219,
238,
240,
256,
283,
295,
312,
331,
356,
356,
356,
360,
369,
377,
377,
377,
380,
386,
389,
403,
404,
405,
407,
409,
412,
466,
468,
470,
480,
493,
494,
499,
517,
518,
523,
551,
568,
569,
570,
576,
579,
594,
595,
599,
603,
634,
639,
644,
649,
650,
664,
665,
666,
667,
668,
673,
678,
714,
719,
724,
771,
812,
858,
],
'paper.js:test/tests/Interactions.js':[
27,
27,
27,
29,
43,
43,
43,
45,
58,
58,
58,
62,
67,
67,
67,
73,
78,
78,
78,
84,
89,
89,
89,
95,
100,
100,
100,
105,
111,
111,
111,
113,
126,
126,
126,
128,
140,
140,
140,
142,
148,
156,
156,
156,
161,
167,
167,
167,
169,
175,
183,
183,
183,
188,
189,
194,
194,
194,
199,
200,
206,
206,
206,
208,
214,
224,
224,
224,
230,
231,
232,
233,
239,
239,
239,
241,
257,
257,
257,
259,
272,
272,
272,
278,
279,
280,
282,
284,
290,
290,
290,
292,
293,
308,
308,
308,
310,
311,
317,
325,
325,
325,
330,
331,
332,
333,
338,
338,
338,
344,
345,
],
'paper.js:test/tests/Item.js':[
17,
18,
33,
34,
46,
58,
67,
69,
71,
90,
103,
104,
138,
146,
160,
161,
192,
193,
203,
204,
221,
222,
223,
245,
256,
257,
265,
266,
282,
283,
299,
309,
310,
318,
319,
328,
353,
354,
355,
356,
382,
383,
384,
385,
421,
422,
423,
440,
441,
442,
443,
448,
461,
462,
463,
492,
498,
518,
519,
540,
541,
544,
598,
599,
620,
634,
634,
641,
650,
658,
672,
673,
674,
675,
676,
677,
678,
682,
687,
694,
698,
702,
703,
707,
713,
725,
726,
728,
731,
734,
739,
741,
747,
751,
753,
759,
762,
765,
768,
774,
777,
781,
784,
788,
795,
797,
799,
804,
806,
808,
813,
815,
817,
828,
834,
852,
859,
866,
873,
881,
884,
887,
889,
892,
897,
899,
916,
934,
934,
935,
938,
942,
942,
943,
944,
946,
950,
957,
959,
959,
960,
960,
965,
965,
965,
967,
],
'paper.js:test/tests/Item_Bounds.js':[
16,
16,
17,
17,
17,
18,
19,
24,
29,
34,
39,
43,
44,
44,
44,
46,
47,
48,
52,
53,
53,
53,
55,
56,
58,
59,
63,
64,
66,
69,
73,
74,
75,
77,
81,
88,
90,
92,
96,
103,
107,
108,
108,
108,
108,
109,
109,
109,
109,
110,
110,
110,
110,
115,
118,
124,
127,
133,
139,
151,
160,
161,
161,
161,
161,
162,
162,
162,
162,
163,
163,
163,
163,
165,
169,
170,
170,
170,
170,
173,
177,
178,
178,
178,
178,
182,
186,
192,
197,
214,
217,
225,
228,
236,
239,
247,
250,
258,
261,
269,
272,
280,
283,
291,
294,
302,
305,
317,
322,
333,
339,
344,
355,
361,
367,
368,
368,
368,
368,
369,
369,
369,
369,
370,
370,
370,
370,
375,
378,
384,
387,
393,
399,
411,
420,
421,
421,
421,
421,
422,
422,
422,
422,
423,
423,
423,
423,
425,
429,
430,
430,
430,
430,
433,
437,
438,
438,
438,
438,
442,
446,
452,
457,
475,
478,
486,
489,
497,
500,
508,
511,
519,
522,
530,
533,
541,
544,
552,
555,
563,
566,
578,
583,
594,
599,
609,
616,
622,
632,
637,
647,
656,
661,
666,
678,
679,
680,
681,
689,
697,
700,
703,
719,
726,
735,
738,
744,
750,
752,
754,
757,
762,
767,
768,
780,
784,
785,
786,
789,
794,
794,
797,
797,
799,
],
'paper.js:test/tests/Item_Cloning.js':[
35,
43,
44,
59,
60,
61,
67,
68,
69,
74,
89,
95,
96,
99,
100,
105,
105,
117,
118,
119,
126,
132,
133,
137,
146,
148,
149,
161,
162,
163,
169,
170,
184,
187,
199,
],
'paper.js:test/tests/Item_Getting.js':[
16,
16,
16,
31,
46,
62,
70,
85,
116,
117,
132,
133,
147,
151,
166,
170,
174,
196,
197,
198,
212,
244,
],
'paper.js:test/tests/Item_Order.js':[
16,
20,
23,
66,
67,
68,
69,
105,
106,
107,
108,
],
'paper.js:test/tests/JSON.js':[
18,
24,
25,
26,
27,
30,
31,
32,
33,
36,
36,
44,
45,
46,
47,
53,
58,
59,
62,
69,
71,
73,
81,
82,
83,
84,
93,
94,
95,
102,
103,
104,
105,
108,
109,
110,
111,
112,
119,
124,
134,
134,
138,
138,
150,
150,
165,
165,
165,
178,
185,
192,
193,
194,
205,
206,
215,
235,
250,
261,
],
'paper.js:test/tests/Layer.js':[
18,
28,
29,
58,
60,
79,
100,
131,
132,
144,
144,
144,
145,
145,
],
'paper.js:test/tests/Matrix.js':[
17,
21,
42,
46,
63,
67,
],
'paper.js:test/tests/Path.js':[
16,
17,
18,
31,
40,
51,
59,
91,
95,
103,
107,
113,
117,
123,
128,
140,
144,
157,
186,
199,
218,
229,
244,
253,
274,
274,
284,
296,
308,
320,
329,
335,
343,
352,
360,
361,
365,
369,
388,
390,
393,
405,
419,
428,
428,
435,
435,
545,
553,
571,
578,
585,
594,
608,
622,
622,
632,
634,
640,
641,
642,
643,
650,
651,
653,
],
'paper.js:test/tests/PathItem.js':[
123,
124,
128,
],
'paper.js:test/tests/PathItem_Contains.js':[
21,
23,
24,
25,
26,
27,
29,
30,
31,
32,
33,
35,
36,
37,
38,
39,
43,
60,
78,
79,
80,
82,
82,
83,
87,
90,
94,
95,
96,
101,
103,
105,
107,
109,
111,
113,
115,
117,
119,
121,
123,
125,
127,
129,
131,
133,
146,
148,
149,
150,
151,
152,
154,
156,
157,
158,
159,
160,
161,
164,
166,
167,
168,
169,
170,
171,
172,
173,
177,
177,
188,
188,
200,
202,
203,
204,
205,
210,
214,
221,
222,
223,
224,
279,
286,
296,
298,
302,
309,
311,
313,
317,
322,
326,
333,
335,
337,
341,
348,
350,
352,
356,
363,
365,
367,
371,
378,
398,
399,
],
'paper.js:test/tests/Path_Boolean.js':[
27,
32,
37,
60,
61,
61,
62,
62,
63,
63,
93,
98,
109,
116,
128,
129,
130,
133,
134,
135,
143,
149,
154,
167,
168,
180,
185,
216,
217,
223,
231,
239,
252,
267,
269,
276,
284,
297,
323,
332,
345,
356,
363,
375,
401,
406,
414,
419,
429,
439,
446,
448,
449,
450,
463,
477,
478,
487,
489,
497,
498,
499,
501,
507,
508,
509,
511,
515,
516,
517,
519,
525,
531,
547,
565,
566,
567,
568,
576,
577,
578,
579,
607,
620,
630,
651,
664,
677,
678,
687,
696,
778,
800,
801,
802,
806,
807,
814,
815,
824,
825,
859,
860,
866,
871,
883,
893,
903,
908,
920,
921,
1192,
1193,
1219,
1219,
1219,
1220,
1234,
1239,
1241,
1245,
],
'paper.js:test/tests/Path_Constructors.js':[
16,
21,
29,
34,
39,
40,
45,
46,
51,
55,
63,
64,
69,
74,
79,
79,
82,
82,
87,
87,
90,
90,
96,
96,
99,
99,
104,
105,
112,
113,
122,
127,
135,
],
'paper.js:test/tests/Path_Intersections.js':[
16,
26,
37,
37,
37,
37,
37,
38,
38,
38,
38,
38,
47,
47,
47,
47,
47,
48,
48,
48,
48,
48,
48,
57,
57,
57,
57,
57,
58,
58,
58,
58,
58,
66,
66,
66,
66,
66,
67,
67,
67,
67,
67,
76,
76,
76,
76,
76,
77,
77,
77,
77,
77,
78,
79,
86,
86,
86,
86,
86,
87,
87,
87,
87,
87,
88,
89,
97,
97,
98,
98,
106,
106,
107,
107,
118,
124,
128,
135,
139,
142,
158,
162,
174,
178,
188,
195,
211,
212,
220,
224,
234,
235,
236,
237,
244,
249,
260,
264,
275,
294,
295,
309,
313,
325,
326,
336,
337,
348,
352,
363,
376,
377,
385,
389,
395,
395,
395,
399,
399,
405,
406,
],
'paper.js:test/tests/Point.js':[
16,
22,
28,
34,
34,
34,
38,
38,
42,
42,
46,
46,
47,
47,
48,
48,
50,
50,
54,
55,
59,
61,
65,
70,
75,
76,
80,
83,
90,
94,
102,
111,
111,
115,
115,
119,
119,
123,
123,
129,
133,
137,
143,
143,
146,
146,
149,
149,
152,
152,
158,
158,
161,
161,
164,
164,
167,
167,
],
'paper.js:test/tests/Project.js':[
16,
17,
19,
29,
30,
31,
32,
],
'paper.js:test/tests/Raster.js':[
16,
17,
21,
23,
28,
30,
41,
43,
59,
60,
73,
74,
85,
86,
99,
101,
102,
103,
104,
107,
116,
118,
144,
147,
149,
152,
161,
164,
166,
170,
174,
175,
179,
184,
189,
198,
212,
212,
213,
214,
216,
216,
217,
218,
220,
221,
222,
225,
225,
225,
226,
227,
229,
229,
229,
230,
231,
233,
233,
234,
235,
],
'paper.js:test/tests/Rectangle.js':[
16,
16,
16,
17,
21,
22,
23,
23,
23,
24,
28,
29,
33,
33,
33,
34,
38,
39,
43,
44,
48,
49,
53,
56,
68,
101,
110,
116,
127,
132,
136,
139,
142,
146,
149,
153,
156,
160,
169,
172,
179,
182,
189,
192,
199,
202,
209,
212,
219,
222,
229,
232,
239,
240,
244,
245,
252,
253,
257,
258,
263,
264,
274,
275,
279,
286,
287,
290,
295,
296,
299,
304,
307,
312,
],
'paper.js:test/tests/Segment.js':[
16,
21,
21,
26,
31,
36,
41,
41,
41,
41,
46,
51,
56,
61,
61,
66,
66,
66,
66,
72,
72,
72,
72,
84,
90,
],
'paper.js:test/tests/Shape.js':[
17,
23,
32,
41,
58,
60,
66,
],
'paper.js:test/tests/Size.js':[
16,
21,
26,
31,
31,
36,
41,
41,
42,
42,
43,
43,
45,
45,
],
'paper.js:test/tests/Style.js':[
16,
39,
40,
45,
53,
54,
55,
59,
65,
66,
69,
70,
76,
77,
84,
85,
88,
89,
95,
96,
100,
102,
114,
118,
124,
130,
138,
139,
143,
153,
154,
157,
161,
162,
167,
169,
174,
175,
182,
189,
190,
193,
205,
],
'paper.js:test/tests/SvgExport.js':[
22,
33,
46,
46,
47,
58,
59,
60,
71,
72,
82,
107,
112,
117,
117,
117,
118,
118,
118,
125,
132,
140,
147,
159,
170,
170,
171,
174,
177,
192,
213,
215,
219,
234,
241,
],
'paper.js:test/tests/SvgImport.js':[
23,
36,
51,
51,
52,
65,
66,
67,
80,
81,
91,
123,
155,
155,
155,
],
'paper.js:test/tests/SymbolItem.js':[
16,
22,
24,
25,
28,
33,
38,
43,
43,
44,
47,
50,
52,
57,
57,
61,
64,
66,
68,
70,
71,
73,
78,
78,
79,
79,
80,
81,
83,
87,
91,
96,
98,
108,
109,
125,
126,
127,
134,
141,
148,
149,
],
'paper.js:test/tests/TextItem.js':[
16,
22,
23,
24,
],
}
