{
'paper.js:gulp/tasks/publish.js':[
36,
],
'paper.js:gulp/typescript/typescript-definition-generator.js':[
94,
138,
202,
247,
258,
342,
343,
345,
348,
],
'paper.js:gulp/utils/error.js':[
19,
],
'paper.js:gulp/utils/options.js':[
39,
],
'paper.js:src/basic/Line.js':[
199,
200,
],
'paper.js:src/basic/Matrix.js':[
537,
537,
537,
537,
538,
538,
702,
702,
707,
707,
],
'paper.js:src/basic/Point.js':[
141,
144,
456,
459,
1080,
],
'paper.js:src/basic/Rectangle.js':[
86,
89,
95,
95,
101,
101,
111,
123,
327,
347,
367,
388,
409,
435,
539,
539,
622,
843,
],
'paper.js:src/basic/Size.js':[
104,
107,
],
'paper.js:src/canvas/BlendMode.js':[
62,
62,
63,
63,
125,
125,
126,
126,
127,
127,
134,
134,
135,
135,
136,
136,
236,
250,
262,
],
'paper.js:src/canvas/ProxyContext.js':[
77,
83,
],
'paper.js:src/core/Base.js':[
290,
331,
346,
347,
399,
524,
536,
601,
653,
],
'paper.js:src/core/Emitter.js':[
30,
34,
56,
57,
62,
],
'paper.js:src/core/PaperScope.js':[
94,
],
'paper.js:src/core/PaperScript.js':[
92,
214,
222,
242,
248,
252,
254,
267,
268,
269,
281,
575,
],
'paper.js:src/dom/DomElement.js':[
40,
],
'paper.js:src/dom/DomEvent.js':[
35,
],
'paper.js:src/event/Key.js':[
84,
84,
111,
],
'paper.js:src/item/Group.js':[
114,
],
'paper.js:src/item/Item.js':[
140,
158,
165,
326,
898,
899,
1637,
1637,
1782,
2286,
2331,
2692,
2717,
2986,
2997,
3331,
4332,
4369,
4373,
4402,
],
'paper.js:src/item/Project.js':[
842,
],
'paper.js:src/item/Raster.js':[
118,
245,
245,
],
'paper.js:src/item/Shape.js':[
91,
94,
99,
117,
124,
139,
143,
183,
203,
214,
214,
214,
250,
253,
256,
336,
364,
],
'paper.js:src/item/SymbolItem.js':[
77,
],
'paper.js:src/path/CompoundPath.js':[
297,
],
'paper.js:src/path/Curve.js':[
332,
552,
562,
611,
711,
1460,
1465,
1465,
1467,
1467,
1505,
1519,
1562,
1568,
1599,
1601,
1624,
1626,
1752,
1754,
1803,
1803,
1804,
1804,
1804,
1804,
1967,
2006,
2096,
2315,
],
'paper.js:src/path/CurveLocation.js':[
96,
98,
],
'paper.js:src/path/Path.js':[
108,
108,
109,
422,
842,
932,
1096,
1324,
1324,
1348,
1521,
1526,
1536,
1563,
1632,
1643,
1678,
1734,
1748,
1777,
1787,
1787,
1796,
2389,
2523,
2566,
2776,
2786,
2871,
2900,
2904,
2929,
2931,
],
'paper.js:src/path/PathItem.Boolean.js':[
78,
222,
223,
605,
606,
657,
884,
1104,
1326,
1370,
1414,
],
'paper.js:src/path/PathItem.js':[
169,
174,
186,
278,
743,
],
'paper.js:src/path/Segment.js':[
140,
141,
329,
355,
441,
450,
473,
480,
524,
],
'paper.js:src/path/SegmentPoint.js':[
25,
32,
],
'paper.js:src/style/Color.js':[
208,
275,
276,
296,
597,
607,
612,
616,
860,
906,
960,
],
'paper.js:src/style/GradientStop.js':[
34,
],
'paper.js:src/style/Style.js':[
148,
176,
229,
312,
],
'paper.js:src/svg/SvgElement.js':[
42,
],
'paper.js:src/svg/SvgExport.js':[
148,
149,
162,
295,
303,
307,
311,
312,
321,
361,
419,
421,
423,
435,
435,
],
'paper.js:src/svg/SvgImport.js':[
63,
64,
65,
67,
68,
76,
77,
103,
134,
145,
162,
168,
199,
370,
387,
433,
439,
491,
519,
545,
575,
673,
],
'paper.js:src/text/PointText.js':[
114,
115,
],
'paper.js:src/text/TextItem.js':[
44,
44,
],
'paper.js:src/util/Numerical.js':[
385,
390,
402,
],
'paper.js:src/view/CanvasView.js':[
72,
],
'paper.js:src/view/View.js':[
240,
481,
1101,
1273,
1319,
1444,
],
'paper.js:test/helpers.js':[
104,
680,
],
'paper.js:test/tests/Color.js':[
210,
314,
],
'paper.js:test/tests/Curve.js':[
21,
],
'paper.js:test/tests/HitResult.js':[
584,
589,
620,
659,
732,
737,
742,
748,
755,
761,
766,
],
'paper.js:test/tests/Item.js':[
87,
132,
174,
187,
313,
535,
555,
565,
577,
615,
625,
835,
],
'paper.js:test/tests/Path.js':[
485,
],
'paper.js:test/tests/SvgImport.js':[
142,
],
'paper.js:test/tests/SymbolItem.js':[
103,
],
}
