{
'mootools-core:Grunt/plugins/eslint/rules/mootools-indent.js':[
80,
122,
239,
239,
295,
295,
299,
352,
353,
361,
364,
364,
380,
382,
382,
386,
389,
389,
438,
439,
456,
460,
477,
486,
491,
491,
491,
491,
528,
528,
529,
544,
545,
546,
567,
567,
579,
625,
640,
652,
694,
],
'mootools-core:Grunt/plugins/eslint/rules/mootools-whitespace.js':[
20,
],
'mootools-core:Grunt/plugins/karma/syn/lib/syn.js':[
736,
759,
783,
785,
786,
800,
827,
830,
830,
1146,
1148,
1154,
1156,
1206,
1304,
1308,
1316,
1321,
1354,
1356,
1367,
1393,
1395,
1438,
1455,
1544,
1592,
1607,
1725,
1729,
1738,
1751,
1808,
1808,
1818,
1819,
1820,
1829,
1835,
1835,
1846,
1846,
1852,
1882,
1882,
1921,
1923,
1926,
1937,
1954,
1962,
1976,
1976,
2330,
2330,
2344,
2404,
2517,
2529,
2529,
2529,
2529,
2615,
2624,
2707,
2732,
2996,
3030,
],
'mootools-core:Gruntfile.js':[
36,
37,
52,
],
'mootools-core:Source/Browser/Browser.js':[
157,
],
'mootools-core:Source/Class/Class.Thenable.js':[
70,
104,
150,
159,
168,
180,
198,
200,
],
'mootools-core:Source/Core/Core.js':[
501,
],
'mootools-core:Source/Element/Element.Event.js':[
52,
],
'mootools-core:Source/Element/Element.js':[
693,
950,
],
'mootools-core:Source/Fx/Fx.CSS.js':[
63,
],
'mootools-core:Source/Fx/Fx.js':[
95,
],
'mootools-core:Source/Request/Request.js':[
220,
],
'mootools-core:Source/Slick/Slick.Finder.js':[
851,
],
'mootools-core:Source/Slick/Slick.Parser.js':[
21,
41,
42,
128,
134,
],
'mootools-core:Specs/Core/Core.js':[
661,
],
}
