{
'mootools-core:Grunt/plugins/karma/syn/lib/syn.js':[
2220,
],
'mootools-core:Source/Browser/Browser.js':[
171,
179,
],
'mootools-core:Source/Class/Class.Extras.js':[
19,
45,
107,
],
'mootools-core:Source/Class/Class.Thenable.js':[
23,
62,
89,
95,
],
'mootools-core:Source/Class/Class.js':[
19,
94,
110,
],
'mootools-core:Source/Core/Core.js':[
526,
551,
],
'mootools-core:Source/Element/Element.Event.js':[
51,
190,
],
'mootools-core:Source/Element/Element.Style.js':[
245,
],
'mootools-core:Source/Element/Element.js':[
55,
88,
92,
132,
368,
1039,
],
'mootools-core:Source/Fx/Fx.CSS.js':[
17,
175,
],
'mootools-core:Source/Fx/Fx.Morph.js':[
17,
62,
],
'mootools-core:Source/Fx/Fx.Transitions.js':[
61,
],
'mootools-core:Source/Fx/Fx.Tween.js':[
17,
55,
],
'mootools-core:Source/Fx/Fx.js':[
19,
],
'mootools-core:Source/Request/Request.HTML.js':[
17,
74,
],
'mootools-core:Source/Request/Request.JSON.js':[
17,
],
'mootools-core:Source/Request/Request.js':[
20,
22,
60,
241,
273,
],
'mootools-core:Source/Types/DOMEvent.js':[
31,
132,
],
'mootools-core:Source/Types/Object.js':[
177,
181,
],
'mootools-core:Source/Utilities/Cookie.js':[
20,
60,
67,
71,
75,
],
'mootools-core:Source/Utilities/JSON.js':[
23,
],
'mootools-core:Specs/Class/Class.Extras.js':[
13,
20,
25,
53,
77,
100,
101,
124,
139,
156,
290,
304,
309,
319,
338,
360,
370,
],
'mootools-core:Specs/Class/Class.Thenable.js':[
13,
50,
96,
110,
129,
146,
147,
174,
175,
202,
203,
233,
291,
307,
],
'mootools-core:Specs/Class/Class.js':[
11,
31,
51,
67,
79,
105,
112,
122,
132,
136,
143,
148,
159,
163,
171,
178,
182,
190,
197,
201,
210,
221,
225,
227,
235,
239,
239,
241,
255,
267,
277,
278,
285,
297,
307,
325,
332,
340,
],
'mootools-core:Specs/Core/Core.js':[
259,
378,
395,
403,
708,
718,
734,
744,
757,
770,
],
'mootools-core:Specs/Core/Native.js':[
12,
32,
56,
],
'mootools-core:Specs/Core/Type.js':[
11,
25,
43,
],
'mootools-core:Specs/Element/Element.Event.js':[
423,
451,
],
'mootools-core:Specs/Element/Element.js':[
293,
299,
2465,
],
'mootools-core:Specs/Fx/Fx.Morph.js':[
46,
],
'mootools-core:Specs/Fx/Fx.Tween.js':[
27,
],
'mootools-core:Specs/Fx/Fx.js':[
27,
50,
64,
71,
80,
87,
111,
130,
143,
164,
],
'mootools-core:Specs/Request/Request.HTML.js':[
28,
52,
76,
106,
128,
156,
177,
199,
],
'mootools-core:Specs/Request/Request.JSON.js':[
28,
46,
],
'mootools-core:Specs/Request/Request.js':[
11,
],
'mootools-core:Specs/Types/Function.js':[
213,
283,
297,
],
'mootools-core:Specs/Types/Hash.js':[
12,
19,
23,
24,
34,
35,
36,
38,
39,
40,
48,
58,
59,
67,
68,
76,
77,
78,
86,
99,
109,
122,
131,
132,
136,
137,
137,
145,
146,
150,
151,
151,
159,
160,
172,
180,
206,
218,
230,
233,
236,
],
'mootools-core:Specs/Utilities/Cookie.js':[
28,
],
}
