{
'sizzle:speed/speed.js':[
184,
199,
533,
],
'sizzle:src/sizzle.js':[
176,
199,
199,
247,
247,
247,
261,
267,
273,
289,
317,
317,
329,
366,
481,
481,
492,
492,
492,
517,
522,
524,
530,
534,
535,
538,
544,
615,
762,
764,
883,
890,
932,
934,
983,
1102,
1144,
1212,
1212,
1212,
1225,
1225,
1262,
1283,
1294,
1294,
1295,
1340,
1370,
1380,
1381,
1382,
1382,
1383,
1384,
1385,
1386,
1386,
1394,
1395,
1396,
1398,
1398,
1422,
1429,
1451,
1461,
1482,
1496,
1522,
1636,
1638,
1646,
1668,
1669,
1681,
1714,
1714,
1714,
1719,
1720,
1725,
1878,
1886,
1901,
1909,
1920,
1920,
2133,
2178,
2227,
2325,
2329,
2414,
2418,
2428,
2431,
2445,
],
'sizzle:tasks/ensure_ascii.js':[
24,
],
'sizzle:tasks/karma-tests.js':[
37,
],
'sizzle:test/unit/extending.js':[
69,
],
'sizzle:test/unit/selector.js':[
39,
1223,
1234,
],
}
