{
'jquery:test/data/csp-nonce-globaleval.js':[
4,
],
}
