{
'jquery:build/tasks/build.js':[
42,
298,
],
'jquery:src/core.js':[
28,
],
'jquery:src/event/trigger.js':[
48,
166,
],
'jquery:test/node_smoke_tests/document_passed.js':[
5,
],
'jquery:test/node_smoke_tests/document_present_originally.js':[
5,
],
'jquery:test/node_smoke_tests/lib/ensure_iterability_es6.js':[
8,
],
'jquery:test/promises_aplus_adapters/deferred.js':[
5,
],
'jquery:test/promises_aplus_adapters/when.js':[
5,
],
'jquery:test/unit/core.js':[
295,
],
'jquery:test/unit/deferred.js':[
8,
],
'jquery:test/unit/effects.js':[
840,
846,
863,
871,
877,
],
'jquery:test/unit/event.js':[
1177,
1212,
],
}
