{
'jquery:build/release/cdn.js':[
52,
],
'jquery:build/tasks/build.js':[
85,
127,
331,
],
'jquery:build/tasks/dist.js':[
25,
],
'jquery:build/tasks/lib/spawn_test.js':[
14,
],
'jquery:build/tasks/testswarm.js':[
15,
31,
],
'jquery:src/ajax.js':[
71,
88,
119,
141,
143,
226,
231,
242,
250,
254,
265,
612,
623,
638,
647,
658,
741,
772,
772,
776,
],
'jquery:src/ajax/jsonp.js':[
24,
28,
33,
43,
68,
],
'jquery:src/ajax/script.js':[
32,
55,
],
'jquery:src/ajax/xhr.js':[
64,
66,
79,
],
'jquery:src/attributes/attr.js':[
27,
27,
27,
38,
42,
43,
49,
57,
73,
93,
117,
],
'jquery:src/attributes/classes.js':[
38,
81,
143,
157,
172,
],
'jquery:src/attributes/prop.js':[
28,
28,
28,
32,
39,
41,
48,
],
'jquery:src/attributes/val.js':[
21,
45,
71,
99,
],
'jquery:src/callbacks.js':[
79,
129,
],
'jquery:src/core.js':[
179,
209,
245,
251,
276,
276,
276,
289,
289,
422,
422,
],
'jquery:src/core/access.js':[
12,
19,
],
'jquery:src/core/init.js':[
106,
],
'jquery:src/core/ready-no-deferred.js':[
34,
42,
],
'jquery:src/core/ready.js':[
38,
46,
],
'jquery:src/css.js':[
47,
52,
59,
70,
83,
88,
123,
150,
155,
195,
205,
205,
226,
249,
249,
255,
268,
299,
304,
309,
311,
347,
394,
417,
],
'jquery:src/css/adjustCSS.js':[
20,
23,
],
'jquery:src/css/curCSS.js':[
14,
19,
],
'jquery:src/css/showHide.js':[
22,
49,
55,
59,
],
'jquery:src/css/var/isHiddenWithinTree.js':[
17,
18,
19,
],
'jquery:src/data.js':[
21,
25,
29,
34,
50,
50,
99,
103,
111,
139,
144,
151,
],
'jquery:src/data/Data.js':[
67,
86,
87,
102,
108,
112,
138,
153,
],
'jquery:src/data/var/acceptData.js':[
12,
12,
],
'jquery:src/deferred.js':[
170,
201,
376,
],
'jquery:src/dimensions.js':[
15,
15,
23,
29,
41,
],
'jquery:src/effects.js':[
120,
121,
125,
125,
144,
158,
172,
172,
173,
182,
262,
472,
516,
573,
],
'jquery:src/effects/Tween.js':[
65,
77,
86,
],
'jquery:src/event.js':[
34,
34,
75,
81,
191,
259,
263,
279,
314,
332,
341,
342,
373,
375,
379,
379,
379,
388,
507,
523,
732,
841,
847,
],
'jquery:src/event/trigger.js':[
27,
27,
70,
112,
123,
],
'jquery:src/exports/global.js':[
12,
16,
],
'jquery:src/manipulation.js':[
39,
49,
53,
65,
120,
160,
186,
212,
212,
260,
301,
304,
304,
304,
313,
313,
313,
322,
322,
322,
350,
378,
378,
393,
],
'jquery:src/manipulation/buildFragment.js':[
22,
25,
],
'jquery:src/manipulation/getAll.js':[
20,
],
'jquery:src/offset.js':[
18,
25,
25,
69,
112,
126,
130,
160,
171,
180,
184,
],
'jquery:src/queue.js':[
39,
48,
87,
95,
95,
],
'jquery:src/selector.js':[
143,
163,
163,
163,
177,
183,
225,
311,
322,
347,
352,
354,
360,
364,
365,
368,
374,
426,
519,
540,
551,
551,
553,
604,
634,
642,
645,
648,
649,
651,
654,
657,
661,
662,
670,
671,
672,
674,
674,
698,
705,
718,
728,
740,
754,
774,
888,
890,
898,
934,
966,
971,
1131,
1139,
1154,
1162,
1168,
1168,
1379,
1470,
1566,
1570,
],
'jquery:src/selector/contains.js':[
5,
8,
],
'jquery:src/selector/escapeSelector.js':[
11,
],
'jquery:src/serialize.js':[
39,
],
'jquery:src/traversing.js':[
55,
105,
112,
168,
],
'jquery:src/traversing/findFilter.js':[
11,
18,
25,
40,
40,
45,
],
'jquery:src/traversing/var/dir.js':[
5,
7,
8,
],
'jquery:src/traversing/var/siblings.js':[
5,
],
'jquery:test/data/jquery-1.9.1.js':[
103,
395,
399,
426,
439,
456,
460,
485,
509,
559,
647,
655,
667,
675,
772,
853,
982,
986,
986,
987,
1069,
1100,
1104,
1250,
1315,
1318,
1429,
1500,
1834,
1834,
1841,
1857,
1907,
1984,
1994,
2042,
2042,
2157,
2196,
2257,
2267,
2307,
2354,
2369,
2408,
2408,
2408,
2417,
2428,
2439,
2462,
2491,
2526,
2526,
2526,
2530,
2548,
2599,
2604,
2656,
2656,
2656,
2656,
2673,
2684,
2693,
2771,
2884,
2957,
2960,
2975,
3003,
3003,
3045,
3084,
3093,
3094,
3145,
3171,
3197,
3203,
3203,
3203,
3270,
3341,
3445,
3604,
3604,
3606,
3641,
3641,
3719,
3725,
3765,
3771,
4036,
4036,
4047,
4056,
4067,
4090,
4096,
4096,
4143,
4155,
4192,
4224,
4288,
4290,
4398,
4400,
4428,
4489,
4490,
4527,
4562,
4621,
4629,
4629,
4670,
4670,
4670,
4683,
4683,
4717,
4737,
4746,
4746,
4747,
4791,
4816,
4824,
4825,
4826,
4826,
4827,
4828,
4829,
4830,
4830,
4836,
4837,
4838,
4840,
4840,
4861,
4867,
4880,
4881,
4890,
4897,
4907,
5033,
5035,
5043,
5056,
5060,
5068,
5068,
5079,
5091,
5091,
5113,
5113,
5113,
5121,
5122,
5263,
5271,
5285,
5293,
5295,
5296,
5297,
5302,
5556,
5646,
5650,
5651,
5814,
5868,
5876,
5941,
5950,
5950,
5951,
5963,
5982,
5987,
5992,
6003,
6088,
6137,
6137,
6137,
6145,
6145,
6145,
6174,
6197,
6232,
6250,
6321,
6423,
6453,
6472,
6478,
6491,
6507,
6512,
6512,
6587,
6587,
6643,
6646,
6682,
6726,
6860,
6881,
6888,
6896,
6910,
6910,
6971,
7002,
7002,
7041,
7041,
7089,
7094,
7096,
7140,
7203,
7213,
7227,
7233,
7240,
7247,
7252,
7261,
7274,
7276,
7323,
7362,
7377,
7407,
7408,
7417,
7475,
7606,
7712,
7729,
8100,
8100,
8102,
8149,
8171,
8179,
8189,
8274,
8289,
8294,
8383,
8457,
8460,
8471,
8479,
8483,
8495,
8621,
8627,
8637,
8801,
8818,
8851,
8872,
9099,
9192,
9202,
9203,
9207,
9232,
9233,
9349,
9413,
9429,
9468,
9557,
9690,
9698,
9698,
9742,
9774,
9812,
9824,
9824,
9838,
],
'jquery:test/data/testrunner.js':[
60,
128,
133,
133,
],
'jquery:test/integration/data/gh-1764-fullscreen.js':[
5,
5,
66,
66,
],
'jquery:test/middleware-mockserver.js':[
30,
35,
46,
51,
63,
98,
170,
302,
],
'jquery:test/unit/ajax.js':[
24,
460,
469,
1540,
1540,
1876,
1928,
2847,
],
'jquery:test/unit/attributes.js':[
161,
162,
164,
232,
232,
271,
703,
707,
885,
1272,
1398,
1403,
1515,
1519,
1521,
],
'jquery:test/unit/core.js':[
483,
491,
617,
983,
1005,
1011,
1019,
1022,
1025,
1137,
],
'jquery:test/unit/css.js':[
513,
1002,
1203,
1210,
1609,
1628,
1633,
],
'jquery:test/unit/data.js':[
6,
],
'jquery:test/unit/effects.js':[
78,
173,
923,
924,
931,
932,
939,
954,
957,
974,
981,
982,
983,
983,
984,
984,
985,
985,
986,
987,
988,
989,
1001,
1006,
1006,
1007,
1007,
1010,
1010,
1011,
1011,
1020,
1020,
1024,
1028,
1031,
1034,
1039,
1042,
1047,
1050,
1089,
1356,
1535,
2079,
2091,
2100,
2103,
2535,
],
'jquery:test/unit/event.js':[
122,
124,
273,
275,
281,
283,
557,
942,
1150,
1822,
1826,
2505,
2509,
3062,
],
'jquery:test/unit/manipulation.js':[
475,
476,
480,
481,
514,
1692,
1835,
1859,
2583,
2808,
],
'jquery:test/unit/offset.js':[
32,
546,
546,
550,
550,
552,
596,
601,
601,
608,
615,
625,
626,
678,
],
'jquery:test/unit/selector.js':[
40,
1479,
1490,
],
'jquery:test/unit/support.js':[
120,
150,
],
}
