{
'searchkit:src/core/SearchkitManager.ts':[
83,
],
'searchkit:src/core/state/State.ts':[
9,
],
'searchkit:test/e2e/server/apps/movie-app/index.tsx':[
18,
],
'searchkit:test/e2e/server/apps/playground/index.tsx':[
21,
],
'searchkit:test/e2e/server/apps/range-app/index.tsx':[
11,
],
'searchkit:test/e2e/server/apps/readme-app/index.tsx':[
35,
],
'searchkit:test/e2e/server/apps/theme-app/index.tsx':[
18,
],
'searchkit:test/e2e/server/apps/ui-app/index.tsx':[
15,
],
}
