{
'console:src/components/Auth0LockWrapper/Auth0LockWrapper.tsx':[
33,
],
'console:src/utils/metrics.ts':[
5,
7,
],
'console:src/utils/relay.ts':[
55,
56,
],
'console:src/utils/simpleapi.ts':[
12,
13,
],
'console:src/views/Settings/Export/Export.tsx':[
133,
134,
],
'console:src/views/playground/PlaygroundView/PlaygroundView.tsx':[
101,
102,
104,
105,
],
}
