{
'jshint:tests/unit/fixtures/unused.js':[
48,
49,
],
}
