{
'jshint:src/cli.js':[
321,
404,
],
'jshint:src/jshint.js':[
90,
],
'jshint:src/lex.js':[
118,
],
'jshint:src/scope-manager.js':[
51,
],
'jshint:tests/helpers/browser/server.js':[
22,
67,
142,
149,
],
'jshint:tests/unit/fixtures/newcap.js':[
1,
2,
9,
10,
],
}
