{
'jshint:examples/reporter.js':[
18,
],
'jshint:scripts/build.js':[
42,
],
'jshint:src/cli.js':[
175,
216,
273,
288,
354,
371,
622,
707,
713,
719,
729,
737,
],
'jshint:src/jshint.js':[
110,
120,
178,
202,
208,
246,
397,
468,
473,
479,
481,
488,
495,
508,
512,
523,
530,
530,
550,
550,
551,
557,
563,
573,
579,
585,
585,
588,
592,
596,
608,
626,
644,
661,
673,
691,
700,
736,
736,
737,
739,
741,
744,
746,
748,
814,
834,
836,
842,
842,
856,
856,
867,
882,
882,
891,
894,
894,
894,
897,
898,
938,
960,
961,
970,
971,
983,
983,
987,
987,
1074,
1213,
1213,
1319,
1385,
1389,
1406,
1406,
1406,
1452,
1452,
1452,
1470,
1470,
1474,
1475,
1479,
1479,
1507,
1557,
1558,
1564,
1564,
1566,
1568,
1573,
1579,
1583,
1586,
1799,
1813,
1820,
1820,
1825,
1826,
1827,
1846,
1851,
1854,
1883,
1900,
1908,
1917,
1925,
1925,
1939,
1940,
1941,
1952,
1952,
1980,
1981,
1984,
1984,
2002,
2012,
2012,
2023,
2024,
2071,
2077,
2136,
2161,
2162,
2171,
2224,
2250,
2391,
2440,
2440,
2469,
2469,
2511,
2512,
2513,
2514,
2515,
2516,
2517,
2518,
2519,
2523,
2535,
2535,
2544,
2544,
2555,
2555,
2566,
2566,
2577,
2577,
2604,
2604,
2636,
2676,
2708,
2708,
2708,
2717,
2737,
2750,
2782,
2789,
2814,
2821,
2826,
2832,
2854,
2861,
2861,
2870,
2872,
2910,
2920,
2945,
2948,
2951,
2960,
2984,
2988,
2993,
3008,
3021,
3024,
3035,
3041,
3046,
3059,
3063,
3063,
3064,
3077,
3078,
3079,
3084,
3085,
3086,
3087,
3088,
3093,
3093,
3093,
3094,
3094,
3094,
3094,
3095,
3110,
3112,
3119,
3119,
3119,
3131,
3138,
3145,
3149,
3162,
3163,
3164,
3164,
3186,
3192,
3200,
3203,
3205,
3205,
3208,
3211,
3214,
3214,
3251,
3252,
3252,
3271,
3271,
3281,
3281,
3297,
3307,
3326,
3367,
3368,
3378,
3385,
3392,
3394,
3429,
3434,
3442,
3442,
3443,
3446,
3476,
3487,
3528,
3532,
3548,
3555,
3556,
3789,
3845,
3886,
3934,
3969,
3975,
3975,
3984,
3984,
3984,
3991,
4015,
4017,
4017,
4028,
4041,
4041,
4054,
4067,
4084,
4086,
4089,
4178,
4179,
4197,
4252,
4275,
4316,
4317,
4349,
4359,
4365,
4378,
4382,
4388,
4400,
4400,
4415,
4460,
4501,
4538,
4540,
4541,
4542,
4560,
4566,
4569,
4577,
4588,
4609,
4657,
4657,
4662,
4673,
4694,
4694,
4721,
4721,
4734,
4735,
4735,
4740,
4742,
4742,
4767,
4775,
4791,
4800,
4957,
5004,
5012,
5038,
5043,
5047,
5048,
5060,
5061,
5078,
5111,
5117,
5147,
5150,
5166,
5171,
5173,
5175,
5194,
5206,
5211,
5214,
5217,
5252,
5265,
5290,
5294,
5294,
5301,
5306,
5344,
5348,
5351,
5355,
5414,
5422,
5427,
5433,
5433,
5438,
5455,
5462,
5469,
5475,
5475,
5481,
5482,
5509,
5524,
5539,
5555,
5560,
5566,
5577,
5579,
5621,
5629,
5641,
5645,
5645,
5650,
5663,
5676,
5690,
5710,
5714,
5718,
5722,
5727,
5727,
5733,
5766,
5845,
5852,
5856,
5864,
5926,
5989,
6007,
6007,
6057,
6063,
6070,
6095,
6106,
6118,
6122,
6147,
6149,
6151,
6154,
6156,
6159,
6161,
6162,
6171,
6183,
6185,
6187,
6190,
6194,
6297,
6489,
6496,
6513,
6517,
],
'jshint:src/lex.js':[
48,
111,
112,
419,
431,
435,
435,
441,
441,
442,
451,
452,
475,
614,
641,
667,
695,
703,
769,
769,
769,
1354,
1368,
1378,
1467,
1471,
1484,
1889,
1945,
1945,
1949,
1968,
1969,
1969,
1969,
1970,
1970,
1970,
1971,
1980,
1980,
1988,
2117,
2122,
2141,
2148,
],
'jshint:src/name-stack.js':[
73,
83,
83,
83,
83,
],
'jshint:src/platforms/rhino.js':[
18,
69,
92,
],
'jshint:src/reporters/default.js':[
31,
],
'jshint:src/reporters/non_error.js':[
23,
],
'jshint:src/reporters/unix.js':[
34,
],
'jshint:src/scope-manager.js':[
38,
38,
80,
84,
105,
111,
126,
132,
166,
171,
221,
225,
226,
248,
248,
249,
253,
284,
299,
300,
319,
319,
341,
342,
343,
346,
359,
359,
391,
444,
461,
481,
570,
575,
575,
589,
612,
739,
755,
779,
782,
807,
813,
821,
851,
873,
924,
947,
956,
1024,
],
'jshint:src/state.js':[
14,
32,
36,
48,
146,
],
'jshint:src/style.js':[
12,
30,
68,
68,
74,
74,
81,
100,
109,
],
'jshint:tests/cli.js':[
299,
340,
383,
],
'jshint:tests/helpers/browser/server.js':[
204,
],
'jshint:tests/helpers/testhelper.js':[
36,
36,
89,
],
'jshint:tests/unit/envs.js':[
19,
34,
],
'jshint:tests/unit/fixtures/default-arguments.js':[
8,
19,
],
'jshint:tests/unit/fixtures/typeofcomp.js':[
19,
],
'jshint:tests/unit/options.js':[
1014,
1014,
1015,
1015,
1016,
1016,
1017,
1017,
1018,
1018,
],
}
