{
'postgraphql:src/graphql/schema/collection/createCollectionGqlType.ts':[
24,
39,
],
'postgraphql:src/graphql/schema/collection/createCollectionKeyInputHelpers.ts':[
41,
76,
],
'postgraphql:src/graphql/schema/collection/createCollectionQueryFieldEntries.ts':[
92,
],
'postgraphql:src/graphql/schema/collection/getConditionGqlType.ts':[
36,
],
'postgraphql:src/graphql/schema/collection/mutations/createDeleteCollectionMutationFieldEntry.ts':[
37,
],
'postgraphql:src/graphql/schema/collection/mutations/createUpdateCollectionKeyMutationFieldEntry.ts':[
41,
],
'postgraphql:src/graphql/schema/collection/mutations/createUpdateCollectionMutationFieldEntry.ts':[
47,
55,
105,
],
'postgraphql:src/graphql/schema/connection/createConnectionGqlField.ts':[
141,
147,
158,
164,
183,
241,
260,
275,
284,
295,
301,
306,
],
'postgraphql:src/graphql/schema/createGqlSchema.ts':[
44,
],
'postgraphql:src/graphql/schema/createMutationGqlField.ts':[
62,
62,
],
'postgraphql:src/graphql/schema/createMutationPayloadGqlType.ts':[
18,
],
'postgraphql:src/graphql/schema/getMutationGqlType.ts':[
47,
],
'postgraphql:src/graphql/schema/getQueryGqlType.ts':[
20,
44,
51,
],
'postgraphql:src/graphql/schema/node/createNodeFieldEntry.ts':[
18,
],
'postgraphql:src/graphql/schema/node/getNodeInterfaceType.ts':[
14,
21,
],
'postgraphql:src/graphql/schema/type/aliasGqlType.ts':[
8,
11,
],
'postgraphql:src/graphql/schema/type/getGqlInputType.ts':[
74,
74,
145,
145,
],
'postgraphql:src/graphql/schema/type/getGqlOutputType.ts':[
89,
89,
115,
115,
145,
151,
151,
190,
191,
192,
193,
194,
199,
199,
248,
256,
],
'postgraphql:src/graphql/utils/idSerde.ts':[
26,
33,
51,
],
'postgraphql:src/postgraphql/cli.ts':[
17,
],
'postgraphql:src/postgraphql/postgraphql.ts':[
92,
],
'postgraphql:src/postgraphql/schema/auth/getJwtGqlType.ts':[
21,
],
'postgraphql:src/postgraphql/schema/procedures/createPgProcedureMutationGqlFieldEntry.ts':[
48,
68,
],
'postgraphql:src/postgraphql/schema/procedures/createPgProcedureObjectTypeGqlFieldEntry.ts':[
48,
86,
],
'postgraphql:src/postgraphql/schema/procedures/createPgProcedureQueryGqlFieldEntry.ts':[
45,
82,
],
}
