{
'desktop:app/src/lib/api.ts':[
180,
462,
],
'desktop:app/src/lib/dispatcher/app-store.ts':[
86,
],
'desktop:app/src/lib/dispatcher/cloning-repositories-store.ts':[
28,
],
'desktop:app/src/lib/dispatcher/dispatcher.ts':[
774,
],
'desktop:app/src/lib/dispatcher/git-store.ts':[
76,
],
'desktop:app/src/lib/dispatcher/github-user-store.ts':[
14,
],
'desktop:app/src/lib/dispatcher/sign-in-store.ts':[
165,
],
'desktop:app/src/lib/get-os.ts':[
10,
],
'desktop:app/src/lib/logging/logger.ts':[
28,
39,
],
'desktop:app/src/main-process/app-window.ts':[
16,
63,
],
'desktop:app/src/main-process/error-page.ts':[
48,
50,
],
'desktop:app/src/main-process/main.ts':[
160,
162,
],
'desktop:app/src/shared-process/shared-process.ts':[
14,
],
'desktop:app/src/ui/diff/index.tsx':[
438,
],
'desktop:app/src/ui/history/commit-summary.tsx':[
50,
],
'desktop:app/src/ui/lib/update-store.ts':[
38,
],
'desktop:app/src/ui/list.tsx':[
226,
],
'desktop:app/test/integration/launch-test.ts':[
23,
],
}
