{
'es5-shim:es5-sham.js':[
70,
72,
92,
150,
303,
306,
324,
465,
508,
],
'es5-shim:es5-shim.js':[
69,
69,
71,
72,
83,
129,
375,
415,
777,
885,
923,
923,
1045,
1078,
1081,
1094,
1136,
1216,
1253,
1399,
1472,
1675,
1975,
1986,
1999,
2041,
2048,
],
'es5-shim:tests/lib/jasmine-html.js':[
113,
189,
],
'es5-shim:tests/lib/jasmine.js':[
172,
899,
911,
937,
937,
952,
952,
1322,
1415,
1504,
1510,
1571,
1571,
1892,
1933,
],
'es5-shim:tests/spec/s-array.js':[
192,
202,
212,
223,
294,
304,
314,
325,
598,
598,
],
'es5-shim:tests/spec/s-global.js':[
5,
11,
11,
],
'es5-shim:tests/spec/s-object.js':[
153,
334,
],
}
