{
'es5-shim:es5-shim.js':[
1865,
1917,
],
'es5-shim:tests/spec/s-string.js':[
21,
],
}
