{
'Joust:ts/Launcher.tsx':[
405,
],
'Joust:ts/components/DebugApplication.tsx':[
117,
],
'Joust:ts/components/SetupWidget.tsx':[
144,
],
'Joust:ts/protocol/HSReplayDecoder.ts':[
66,
],
'Joust:ts/protocol/KettleDecoder.ts':[
69,
75,
],
'Joust:ts/protocol/KettleEncoder.ts':[
98,
],
}
