{
'emission:src/lib/components/artist/shows/small_list.tsx':[
21,
],
'emission:src/lib/components/buttons/flat_white.tsx':[
32,
33,
],
'emission:src/lib/components/buttons/inverted_button.tsx':[
29,
30,
],
'emission:src/lib/components/home/artist_rails/artist_rail.tsx':[
63,
64,
100,
101,
],
'emission:src/lib/containers/home.tsx':[
59,
],
'emission:src/lib/containers/works_for_you.tsx':[
56,
],
'emission:src/lib/relay/config.tsx':[
16,
],
}
