{
'qunit:src/cli/utils.js':[
51,
52,
],
'qunit:test/callbacks-promises.js':[
5,
],
'qunit:test/cli/fixtures/memory-leak/index.js':[
3,
],
'qunit:test/cli/fixtures/timeout/index.js':[
5,
9,
],
'qunit:test/main/assert.js':[
282,
395,
],
'qunit:test/main/deepEqual.js':[
1760,
1780,
1796,
1797,
1801,
1802,
1803,
1808,
1809,
1817,
1818,
1820,
1821,
1823,
1824,
1826,
1827,
1831,
1832,
1833,
1834,
1838,
1839,
1840,
1841,
1845,
1846,
1847,
1848,
1849,
1851,
1852,
1856,
1857,
1865,
1866,
1870,
1871,
1872,
1877,
1886,
1898,
1902,
1913,
1917,
1922,
1923,
1925,
1926,
1928,
1929,
1931,
1932,
1936,
1937,
1941,
1942,
1943,
1944,
1948,
1949,
1950,
1951,
1955,
1956,
1957,
1958,
1959,
1963,
1964,
],
'qunit:test/main/dump.js':[
120,
127,
],
'qunit:test/main/utilities.js':[
50,
54,
],
}
