{
'qunit:bin/qunit.js':[
41,
],
'qunit:reporter/diff.js':[
65,
65,
141,
160,
176,
647,
686,
760,
768,
823,
824,
975,
1053,
1095,
1110,
1122,
1123,
],
'qunit:reporter/html.js':[
172,
208,
250,
257,
281,
342,
387,
426,
438,
439,
688,
688,
699,
849,
850,
1007,
],
'qunit:reporter/urlparams.js':[
27,
68,
86,
],
'qunit:src/assert.js':[
42,
42,
44,
273,
301,
308,
312,
321,
321,
343,
344,
362,
396,
400,
407,
411,
421,
422,
],
'qunit:src/cli/find-reporter.js':[
25,
72,
74,
],
'qunit:src/cli/require-qunit.js':[
20,
],
'qunit:src/cli/run.js':[
33,
138,
],
'qunit:src/core.js':[
34,
162,
162,
],
'qunit:src/core/logging.js':[
13,
29,
44,
],
'qunit:src/core/processing-queue.js':[
81,
168,
199,
203,
],
'qunit:src/core/stacktrace.js':[
8,
20,
],
'qunit:src/core/utilities.js':[
35,
36,
90,
107,
],
'qunit:src/dump.js':[
45,
48,
51,
51,
65,
84,
94,
95,
96,
98,
104,
222,
231,
231,
],
'qunit:src/equiv.js':[
45,
48,
54,
54,
55,
55,
269,
],
'qunit:src/events.js':[
27,
50,
55,
],
'qunit:src/module.js':[
14,
17,
18,
51,
75,
],
'qunit:src/reports/suite.js':[
48,
],
'qunit:src/test.js':[
104,
190,
190,
210,
211,
220,
221,
279,
282,
285,
353,
448,
526,
609,
616,
622,
],
'qunit:test/cli/watch.js':[
23,
202,
210,
215,
269,
],
'qunit:test/events-in-test.js':[
38,
],
'qunit:test/main/assert/step.js':[
143,
],
'qunit:test/main/deepEqual.js':[
1761,
1766,
1781,
1786,
],
'qunit:test/main/dump.js':[
114,
123,
212,
218,
],
'qunit:test/main/test.js':[
44,
163,
185,
],
'qunit:test/main/utilities.js':[
21,
],
}
