{
'angular.js:docs/config/index.js':[
10,
],
'angular.js:docs/config/inline-tag-defs/type.js':[
4,
],
'angular.js:docs/config/services/errorNamespaceMap.js':[
9,
],
'angular.js:docs/gulpfile.js':[
113,
],
'angular.js:lib/browserstack/start_tunnel.js':[
26,
],
'angular.js:protractor-jenkins-conf.js':[
33,
],
'angular.js:scripts/code.angularjs.org-firebase/functions/index.js':[
62,
],
'angular.js:src/Angular.js':[
980,
998,
1006,
],
'angular.js:src/auto/injector.js':[
947,
959,
],
'angular.js:src/ng/animate.js':[
91,
],
'angular.js:src/ng/animateCss.js':[
42,
],
'angular.js:src/ng/location.js':[
861,
],
'angular.js:src/ng/rootScope.js':[
258,
],
'angular.js:src/ng/sce.js':[
299,
361,
],
'angular.js:src/ngAnimate/animateCss.js':[
666,
762,
],
'angular.js:src/ngAnimate/animateCssDriver.js':[
104,
214,
],
'angular.js:src/ngAnimate/animateJs.js':[
83,
93,
207,
],
'angular.js:src/ngAnimate/animateJsDriver.js':[
26,
],
'angular.js:src/ngAnimate/animateQueue.js':[
119,
120,
340,
],
'angular.js:src/ngAnimate/animation.js':[
33,
123,
],
'angular.js:src/ngMock/angular-mocks.js':[
32,
],
'angular.js:src/ngMock/browserTrigger.js':[
103,
115,
],
'angular.js:test/AngularSpec.js':[
1282,
1919,
],
'angular.js:test/auto/injectorSpec.js':[
482,
],
'angular.js:test/ng/animateRunnerSpec.js':[
39,
51,
52,
62,
74,
88,
89,
116,
117,
146,
153,
175,
187,
202,
217,
218,
219,
241,
242,
243,
263,
264,
265,
284,
285,
286,
335,
336,
337,
338,
339,
340,
],
'angular.js:test/ng/filter/filtersSpec.js':[
309,
310,
311,
312,
313,
314,
315,
425,
426,
427,
428,
429,
449,
],
'angular.js:test/ng/qSpec.js':[
236,
],
'angular.js:test/ngAnimate/animateCssDriverSpec.js':[
51,
176,
216,
285,
466,
],
'angular.js:test/ngAnimate/animateJsDriverSpec.js':[
23,
],
'angular.js:test/ngAnimate/animateJsSpec.js':[
557,
588,
],
'angular.js:test/ngAnimate/animateSpec.js':[
31,
127,
800,
1324,
1508,
1873,
1900,
2018,
2184,
3114,
],
'angular.js:test/ngAnimate/animationSpec.js':[
83,
110,
195,
244,
287,
432,
902,
1064,
],
'angular.js:test/ngMock/angular-mocksSpec.js':[
15,
20,
21,
25,
26,
34,
38,
42,
48,
63,
67,
71,
78,
82,
86,
90,
94,
98,
105,
109,
113,
119,
120,
121,
126,
139,
149,
160,
],
'angular.js:test/ngResource/resourceSpec.js':[
97,
518,
678,
700,
970,
1008,
1034,
1646,
2365,
],
}
