{
'angular.js:Gruntfile.js':[
50,
72,
122,
],
'angular.js:benchmarks/repeat-animate-bp/common.js':[
27,
109,
],
'angular.js:docs/app/assets/js/angular-bootstrap/dropdown-toggle.js':[
58,
66,
],
'angular.js:docs/app/src/directives.js':[
72,
],
'angular.js:docs/app/src/docs.js':[
17,
60,
],
'angular.js:docs/app/src/examples.js':[
187,
],
'angular.js:docs/app/src/search.js':[
28,
72,
217,
225,
],
'angular.js:docs/app/src/versions.js':[
18,
],
'angular.js:docs/config/index.js':[
99,
],
'angular.js:docs/config/processors/error-docs.js':[
28,
],
'angular.js:docs/config/processors/index-page.js':[
36,
],
'angular.js:docs/config/processors/keywords.js':[
103,
103,
103,
],
'angular.js:docs/config/processors/pages-data.js':[
18,
127,
161,
],
'angular.js:docs/config/processors/versions-data.js':[
119,
119,
137,
],
'angular.js:docs/config/tag-defs/deprecated.js':[
31,
32,
],
'angular.js:docs/config/tag-defs/tutorial-step.js':[
6,
],
'angular.js:karma-shared.conf.js':[
196,
228,
229,
],
'angular.js:lib/grunt/utils.js':[
28,
45,
72,
129,
186,
192,
211,
225,
231,
232,
],
'angular.js:lib/grunt/validate-angular-files.js':[
43,
],
'angular.js:lib/promises-aplus/promises-aplus-test-adapter.js':[
16,
],
'angular.js:lib/versions/version-info.js':[
89,
115,
124,
124,
124,
124,
124,
130,
130,
160,
163,
],
'angular.js:protractor-travis-conf.js':[
5,
],
'angular.js:scripts/code.angularjs.org-firebase/functions/index.js':[
16,
20,
27,
42,
54,
91,
107,
115,
207,
219,
],
'angular.js:src/Angular.js':[
251,
492,
541,
551,
604,
665,
687,
692,
697,
717,
772,
879,
888,
956,
1085,
1085,
1268,
1374,
1415,
1441,
1445,
1728,
1802,
],
'angular.js:src/apis.js':[
26,
48,
],
'angular.js:src/auto/injector.js':[
707,
789,
855,
878,
890,
],
'angular.js:src/jqLite.js':[
195,
195,
287,
347,
510,
523,
543,
683,
683,
683,
694,
694,
704,
708,
727,
727,
735,
769,
770,
770,
770,
775,
837,
911,
961,
974,
974,
985,
1034,
1063,
1065,
],
'angular.js:src/loader.js':[
86,
],
'angular.js:src/ng/anchorScroll.js':[
183,
200,
255,
264,
],
'angular.js:src/ng/animate.js':[
19,
125,
],
'angular.js:src/ng/animateRunner.js':[
47,
53,
72,
117,
],
'angular.js:src/ng/browser.js':[
6,
109,
117,
141,
],
'angular.js:src/ng/compile.js':[
1419,
1420,
1437,
1461,
1672,
1686,
1931,
2083,
2226,
2231,
2328,
2328,
2417,
2458,
2491,
2592,
2598,
2685,
2686,
2687,
2731,
2731,
2744,
2803,
2992,
3030,
3102,
3175,
3212,
3321,
3394,
3397,
3409,
3409,
3450,
3494,
3501,
3556,
3559,
3574,
3577,
3577,
3616,
3616,
3773,
3778,
3778,
3783,
3785,
3786,
3790,
3790,
3793,
3793,
3795,
3795,
3798,
3798,
3799,
3822,
3822,
3822,
3869,
3869,
3914,
4150,
4306,
4307,
4307,
],
'angular.js:src/ng/controller.js':[
93,
],
'angular.js:src/ng/cookieReader.js':[
37,
],
'angular.js:src/ng/directive/a.js':[
20,
23,
],
'angular.js:src/ng/directive/attrs.js':[
354,
365,
391,
391,
417,
418,
430,
],
'angular.js:src/ng/directive/form.js':[
215,
357,
368,
612,
713,
714,
],
'angular.js:src/ng/directive/input.js':[
1309,
1334,
1341,
1367,
1386,
1455,
1455,
1506,
1506,
1670,
1677,
1794,
1960,
2021,
2349,
],
'angular.js:src/ng/directive/ngClass.js':[
28,
71,
94,
],
'angular.js:src/ng/directive/ngIf.js':[
119,
],
'angular.js:src/ng/directive/ngInclude.js':[
217,
226,
],
'angular.js:src/ng/directive/ngList.js':[
100,
],
'angular.js:src/ng/directive/ngModel.js':[
372,
372,
587,
714,
714,
856,
],
'angular.js:src/ng/directive/ngModelOptions.js':[
45,
46,
51,
56,
],
'angular.js:src/ng/directive/ngOptions.js':[
425,
561,
570,
672,
],
'angular.js:src/ng/directive/ngPluralize.js':[
219,
],
'angular.js:src/ng/directive/ngRef.js':[
263,
],
'angular.js:src/ng/directive/ngRepeat.js':[
442,
443,
],
'angular.js:src/ng/directive/ngSwitch.js':[
157,
],
'angular.js:src/ng/directive/ngTransclude.js':[
218,
],
'angular.js:src/ng/directive/script.js':[
41,
],
'angular.js:src/ng/directive/select.js':[
267,
270,
285,
287,
457,
474,
813,
824,
834,
],
'angular.js:src/ng/directive/validators.js':[
190,
],
'angular.js:src/ng/filter/filter.js':[
181,
189,
189,
200,
218,
248,
267,
],
'angular.js:src/ng/filter/filters.js':[
384,
384,
649,
],
'angular.js:src/ng/filter/limitTo.js':[
120,
],
'angular.js:src/ng/filter/orderBy.js':[
572,
622,
622,
623,
626,
666,
683,
687,
698,
699,
700,
701,
],
'angular.js:src/ng/http.js':[
44,
143,
217,
1378,
1379,
1379,
1507,
1520,
1531,
],
'angular.js:src/ng/httpBackend.js':[
66,
90,
95,
96,
150,
178,
217,
221,
],
'angular.js:src/ng/interpolate.js':[
241,
241,
],
'angular.js:src/ng/location.js':[
65,
70,
76,
100,
154,
303,
313,
511,
512,
582,
615,
659,
899,
899,
904,
916,
],
'angular.js:src/ng/log.js':[
145,
],
'angular.js:src/ng/parse.js':[
77,
77,
79,
107,
121,
121,
121,
122,
122,
122,
134,
134,
148,
168,
168,
240,
252,
304,
448,
451,
454,
476,
499,
515,
561,
573,
644,
651,
768,
771,
776,
776,
780,
786,
787,
788,
789,
790,
921,
942,
944,
955,
967,
971,
973,
974,
994,
1004,
1096,
1108,
1168,
1241,
1242,
1243,
1292,
1293,
1407,
1577,
1596,
1613,
1659,
1659,
1855,
2006,
],
'angular.js:src/ng/q.js':[
360,
368,
398,
],
'angular.js:src/ng/rootScope.js':[
110,
274,
482,
619,
628,
646,
783,
783,
831,
860,
861,
1028,
1040,
1041,
1275,
1469,
1493,
],
'angular.js:src/ng/sanitizeUri.js':[
76,
],
'angular.js:src/ng/sce.js':[
52,
262,
351,
351,
424,
424,
],
'angular.js:src/ng/sniffer.js':[
69,
],
'angular.js:src/ng/templateRequest.js':[
88,
90,
],
'angular.js:src/ng/testability.js':[
42,
97,
],
'angular.js:src/ngAnimate/animateChildrenDirective.js':[
85,
95,
95,
],
'angular.js:src/ngAnimate/animateCss.js':[
260,
260,
267,
283,
293,
338,
450,
554,
574,
600,
636,
845,
846,
890,
],
'angular.js:src/ngAnimate/animateCssDriver.js':[
13,
50,
246,
],
'angular.js:src/ngAnimate/animateJs.js':[
46,
54,
54,
217,
232,
235,
],
'angular.js:src/ngAnimate/animateQueue.js':[
74,
79,
90,
150,
166,
197,
207,
226,
394,
424,
434,
456,
482,
520,
642,
660,
672,
672,
678,
684,
692,
719,
],
'angular.js:src/ngAnimate/animation.js':[
375,
428,
],
'angular.js:src/ngAnimate/ngAnimateSwap.js':[
107,
],
'angular.js:src/ngAnimate/shared.js':[
27,
27,
36,
36,
118,
128,
137,
215,
256,
266,
269,
],
'angular.js:src/ngAria/aria.js':[
70,
238,
238,
252,
252,
253,
253,
254,
254,
254,
391,
391,
],
'angular.js:src/ngMessageFormat/messageFormatCommon.js':[
50,
],
'angular.js:src/ngMessageFormat/messageFormatInterpolationParts.js':[
68,
],
'angular.js:src/ngMessageFormat/messageFormatParser.js':[
95,
133,
149,
149,
177,
233,
325,
331,
335,
338,
362,
473,
473,
478,
506,
],
'angular.js:src/ngMessageFormat/messageFormatSelector.js':[
20,
92,
113,
117,
],
'angular.js:src/ngMessageFormat/messageFormatService.js':[
182,
203,
203,
],
'angular.js:src/ngMessages/messages.js':[
555,
],
'angular.js:src/ngMock/angular-mocks.js':[
165,
664,
1505,
1981,
1986,
2016,
2037,
2148,
2378,
2543,
2546,
3203,
],
'angular.js:src/ngMock/browserTrigger.js':[
89,
97,
251,
],
'angular.js:src/ngParseExt/module.js':[
32,
33,
38,
39,
40,
41,
],
'angular.js:src/ngParseExt/ucd.js':[
9,
10,
11,
17,
18,
22,
23,
25,
31,
38,
42,
43,
46,
49,
51,
52,
53,
57,
58,
65,
67,
68,
80,
88,
89,
91,
98,
101,
102,
107,
112,
117,
125,
126,
132,
133,
139,
145,
147,
148,
152,
153,
157,
159,
161,
166,
169,
173,
175,
176,
181,
188,
209,
210,
213,
222,
240,
241,
242,
246,
254,
255,
257,
258,
260,
262,
263,
264,
268,
276,
277,
279,
322,
323,
328,
336,
338,
341,
342,
361,
365,
406,
409,
419,
439,
442,
443,
447,
458,
459,
463,
467,
471,
486,
496,
500,
509,
527,
528,
531,
532,
533,
534,
535,
536,
539,
540,
541,
542,
543,
544,
546,
551,
567,
569,
570,
571,
572,
578,
579,
583,
585,
592,
595,
598,
607,
611,
622,
627,
639,
643,
645,
657,
660,
675,
681,
689,
690,
714,
725,
733,
735,
737,
745,
747,
748,
752,
753,
758,
762,
765,
766,
767,
773,
777,
778,
783,
790,
814,
835,
853,
854,
855,
859,
868,
869,
870,
873,
875,
876,
878,
880,
881,
882,
886,
893,
894,
896,
937,
938,
973,
989,
1004,
1007,
1023,
1026,
1042,
1062,
1066,
1070,
1086,
1087,
1092,
1098,
1106,
1141,
1145,
1154,
1171,
1172,
1180,
1181,
1184,
1185,
1186,
1187,
1188,
1189,
1192,
1193,
1194,
1195,
1196,
1197,
1199,
1204,
],
'angular.js:src/ngResource/resource.js':[
11,
11,
22,
612,
631,
643,
686,
709,
709,
820,
882,
],
'angular.js:src/ngRoute/directive/ngView.js':[
210,
232,
],
'angular.js:src/ngRoute/route.js':[
841,
],
'angular.js:src/ngSanitize/filter/linky.js':[
142,
],
'angular.js:src/ngSanitize/sanitize.js':[
509,
509,
529,
544,
553,
618,
623,
624,
625,
638,
638,
666,
671,
671,
],
'angular.js:src/routeToRegExp.js':[
23,
23,
24,
24,
],
'angular.js:test/AngularSpec.js':[
53,
60,
67,
90,
1046,
1139,
1147,
1156,
1165,
1174,
1183,
1192,
1201,
1771,
],
'angular.js:test/auto/injectorSpec.js':[
927,
],
'angular.js:test/e2e/tests/helpers/main.js':[
6,
],
'angular.js:test/e2e/tests/input-hidden.spec.js':[
14,
],
'angular.js:test/e2e/tests/version.spec.js':[
46,
],
'angular.js:test/e2e/tools/fixture.js':[
36,
36,
37,
37,
38,
],
'angular.js:test/e2e/tools/middleware.js':[
11,
36,
],
'angular.js:test/e2e/tools/util.js':[
14,
26,
31,
],
'angular.js:test/helpers/matchers.js':[
194,
239,
277,
371,
371,
376,
376,
396,
],
'angular.js:test/helpers/privateMocksSpec.js':[
231,
],
'angular.js:test/helpers/testabilityPatch.js':[
134,
139,
161,
162,
163,
164,
165,
166,
166,
167,
168,
169,
170,
171,
172,
173,
174,
175,
195,
242,
],
'angular.js:test/jqLiteSpec.js':[
17,
],
'angular.js:test/ng/animateRunnerSpec.js':[
105,
132,
245,
],
'angular.js:test/ng/animateSpec.js':[
263,
263,
425,
433,
],
'angular.js:test/ng/browserSpecs.js':[
130,
133,
],
'angular.js:test/ng/compileSpec.js':[
359,
447,
447,
5445,
6904,
11324,
11335,
11372,
11921,
],
'angular.js:test/ng/directive/formSpec.js':[
394,
452,
],
'angular.js:test/ng/directive/inputSpec.js':[
42,
400,
429,
458,
2847,
3928,
4930,
5044,
],
'angular.js:test/ng/directive/ngBindSpec.js':[
100,
111,
],
'angular.js:test/ng/directive/ngModelSpec.js':[
1314,
1338,
],
'angular.js:test/ng/directive/ngOptionsSpec.js':[
53,
75,
97,
113,
604,
],
'angular.js:test/ng/directive/ngPluralizeSpec.js':[
224,
],
'angular.js:test/ng/directive/ngRepeatSpec.js':[
227,
],
'angular.js:test/ng/directive/ngShowHideSpec.js':[
12,
],
'angular.js:test/ng/directive/ngSwitchSpec.js':[
340,
],
'angular.js:test/ng/directive/selectSpec.js':[
1798,
1961,
2035,
2065,
2068,
2113,
2126,
2178,
2192,
2257,
2321,
2370,
2375,
2400,
2431,
2435,
2482,
2496,
],
'angular.js:test/ng/filter/filterSpec.js':[
457,
677,
],
'angular.js:test/ng/filter/orderBySpec.js':[
337,
338,
360,
361,
456,
457,
],
'angular.js:test/ng/httpBackendSpec.js':[
25,
],
'angular.js:test/ng/httpSpec.js':[
170,
618,
631,
641,
642,
652,
653,
662,
663,
672,
682,
683,
707,
708,
736,
755,
1107,
1969,
2259,
2276,
2293,
2332,
],
'angular.js:test/ng/locationSpec.js':[
727,
2271,
2299,
2328,
2330,
2410,
2440,
],
'angular.js:test/ng/ngPropSpec.js':[
251,
308,
400,
],
'angular.js:test/ng/parseSpec.js':[
1845,
1846,
1902,
1902,
2187,
2643,
2752,
],
'angular.js:test/ng/qSpec.js':[
213,
216,
],
'angular.js:test/ng/rootScopeSpec.js':[
128,
1946,
1965,
1966,
1967,
1968,
1969,
1970,
3061,
3079,
3086,
],
'angular.js:test/ng/snifferSpec.js':[
141,
],
'angular.js:test/ng/urlUtilsSpec.js':[
117,
],
'angular.js:test/ngAnimate/animateCssDriverSpec.js':[
14,
463,
],
'angular.js:test/ngAnimate/animateCssSpec.js':[
436,
458,
464,
471,
1804,
1806,
1834,
1836,
1875,
1877,
2019,
],
'angular.js:test/ngAnimate/animateJsDriverSpec.js':[
134,
175,
],
'angular.js:test/ngAnimate/animateJsSpec.js':[
435,
461,
487,
536,
567,
596,
648,
],
'angular.js:test/ngAnimate/animateSpec.js':[
244,
871,
871,
1170,
1194,
1216,
1881,
2315,
2345,
2351,
2502,
2539,
2543,
2666,
3081,
],
'angular.js:test/ngAnimate/animationSpec.js':[
218,
788,
],
'angular.js:test/ngAnimate/integrationSpec.js':[
754,
878,
943,
],
'angular.js:test/ngAria/ariaSpec.js':[
352,
],
'angular.js:test/ngMock/angular-mocksSpec.js':[
2313,
2334,
2357,
],
'angular.js:test/ngResource/resourceSpec.js':[
584,
],
'angular.js:test/ngRoute/directive/ngViewSpec.js':[
574,
577,
],
'angular.js:test/ngRoute/routeSpec.js':[
92,
139,
],
'angular.js:test/ngSanitize/sanitizeSpec.js':[
541,
],
'angular.js:test/ngTouch/directive/ngSwipeSpec.js':[
76,
],
}
