{
'ocanvas:src/animation.js':[
160,
264,
392,
],
'ocanvas:src/core.js':[
63,
112,
138,
209,
],
'ocanvas:src/displayobject.js':[
309,
312,
589,
589,
611,
625,
644,
666,
714,
716,
718,
725,
727,
729,
842,
],
'ocanvas:src/displayobjects/arc.js':[
34,
37,
],
'ocanvas:src/displayobjects/ellipse.js':[
48,
50,
56,
58,
99,
],
'ocanvas:src/displayobjects/image.js':[
34,
42,
43,
49,
50,
56,
57,
85,
86,
131,
],
'ocanvas:src/displayobjects/polygon.js':[
66,
],
'ocanvas:src/displayobjects/rectangle.js':[
39,
40,
41,
42,
194,
207,
212,
217,
235,
245,
259,
262,
],
'ocanvas:src/displayobjects/sprite.js':[
48,
64,
65,
78,
79,
146,
173,
],
'ocanvas:src/displayobjects/text.js':[
13,
124,
166,
215,
216,
247,
248,
272,
],
'ocanvas:src/draw.js':[
65,
133,
138,
138,
],
'ocanvas:src/events.js':[
64,
80,
194,
204,
345,
382,
397,
],
'ocanvas:src/keyboard.js':[
34,
45,
45,
50,
52,
64,
71,
84,
123,
134,
155,
],
'ocanvas:src/mouse.js':[
93,
105,
111,
116,
140,
145,
150,
],
'ocanvas:src/scenes.js':[
105,
],
'ocanvas:src/style.js':[
12,
15,
85,
104,
107,
446,
491,
491,
498,
505,
505,
512,
590,
618,
621,
700,
702,
704,
731,
],
'ocanvas:src/timeline.js':[
55,
63,
],
'ocanvas:src/tools.js':[
45,
99,
119,
126,
168,
170,
170,
176,
183,
194,
228,
230,
231,
240,
246,
279,
336,
336,
344,
352,
360,
366,
372,
411,
],
'ocanvas:src/touch.js':[
103,
119,
124,
142,
155,
155,
177,
182,
187,
],
'ocanvas:src/utils.js':[
20,
82,
82,
],
}
