{
'javascript-test-sources:src/ecmascript6/Ghost/Gruntfile.js':[
841,
],
'javascript-test-sources:src/ecmascript6/Ghost/core/client/app/components/gh-cm-editor.js':[
24,
],
'javascript-test-sources:src/ecmascript6/Ghost/core/client/app/components/gh-fullscreen-modal.js':[
57,
67,
],
'javascript-test-sources:src/ecmascript6/Ghost/core/client/app/components/modals/invite-new-user.js':[
56,
],
'javascript-test-sources:src/ecmascript6/Ghost/core/client/app/controllers/setup/two.js':[
40,
],
'javascript-test-sources:src/ecmascript6/Ghost/core/client/app/controllers/signup.js':[
29,
],
'javascript-test-sources:src/ecmascript6/Ghost/core/client/app/helpers/gh-format-markdown.js':[
7,
],
'javascript-test-sources:src/ecmascript6/Ghost/core/client/app/mirage/config.js':[
73,
],
'javascript-test-sources:src/ecmascript6/Ghost/core/client/app/mixins/ed-editor-shortcuts.js':[
106,
],
'javascript-test-sources:src/ecmascript6/Ghost/core/client/app/mixins/validation-engine.js':[
92,
],
'javascript-test-sources:src/ecmascript6/Ghost/core/client/app/routes/signup.js':[
36,
],
'javascript-test-sources:src/ecmascript6/Ghost/core/client/app/utils/word-count.js':[
5,
],
'javascript-test-sources:src/ecmascript6/Ghost/core/client/ember-cli-build.js':[
19,
],
'javascript-test-sources:src/ecmascript6/Ghost/core/client/tests/acceptance/authentication-test.js':[
50,
86,
],
'javascript-test-sources:src/ecmascript6/Ghost/core/client/tests/acceptance/settings/tags-test.js':[
291,
],
'javascript-test-sources:src/ecmascript6/Ghost/core/client/tests/acceptance/setup-test.js':[
184,
196,
237,
282,
],
'javascript-test-sources:src/ecmascript6/Ghost/core/client/tests/acceptance/team-test.js':[
326,
],
'javascript-test-sources:src/ecmascript6/Ghost/core/client/tests/integration/adapters/tag-test.js':[
20,
],
'javascript-test-sources:src/ecmascript6/Ghost/core/client/tests/integration/adapters/user-test.js':[
20,
],
'javascript-test-sources:src/ecmascript6/Ghost/core/client/tests/integration/components/gh-validation-status-container-test.js':[
19,
],
'javascript-test-sources:src/ecmascript6/Ghost/core/client/tests/integration/services/ajax-test.js':[
29,
],
'javascript-test-sources:src/ecmascript6/Ghost/core/client/tests/integration/services/slug-generator-test.js':[
34,
],
'javascript-test-sources:src/ecmascript6/Ghost/core/client/tests/unit/controllers/settings/navigation-test.js':[
139,
],
'javascript-test-sources:src/ecmascript6/Ghost/core/client/tests/unit/services/notifications-test.js':[
174,
190,
244,
],
'javascript-test-sources:src/ecmascript6/Ghost/core/server/api/authentication.js':[
73,
81,
129,
149,
170,
195,
211,
223,
247,
287,
294,
],
'javascript-test-sources:src/ecmascript6/Ghost/core/server/api/clients.js':[
56,
],
'javascript-test-sources:src/ecmascript6/Ghost/core/server/api/configuration.js':[
69,
],
'javascript-test-sources:src/ecmascript6/Ghost/core/server/api/db.js':[
43,
70,
75,
119,
],
'javascript-test-sources:src/ecmascript6/Ghost/core/server/api/mail.js':[
28,
],
'javascript-test-sources:src/ecmascript6/Ghost/core/server/api/notifications.js':[
34,
69,
133,
144,
149,
185,
],
'javascript-test-sources:src/ecmascript6/Ghost/core/server/api/posts.js':[
110,
157,
],
'javascript-test-sources:src/ecmascript6/Ghost/core/server/api/settings.js':[
249,
264,
269,
348,
359,
],
'javascript-test-sources:src/ecmascript6/Ghost/core/server/api/slugs.js':[
49,
75,
],
'javascript-test-sources:src/ecmascript6/Ghost/core/server/api/tags.js':[
84,
158,
],
'javascript-test-sources:src/ecmascript6/Ghost/core/server/api/themes.js':[
152,
170,
],
'javascript-test-sources:src/ecmascript6/Ghost/core/server/api/upload.js':[
31,
36,
],
'javascript-test-sources:src/ecmascript6/Ghost/core/server/api/users.js':[
141,
196,
203,
243,
273,
303,
316,
409,
],
'javascript-test-sources:src/ecmascript6/Ghost/core/server/api/utils.js':[
275,
287,
],
'javascript-test-sources:src/ecmascript6/Ghost/core/server/apps/dependencies.js':[
17,
],
'javascript-test-sources:src/ecmascript6/Ghost/core/server/apps/loader.js':[
44,
],
'javascript-test-sources:src/ecmascript6/Ghost/core/server/apps/permissions.js':[
39,
],
'javascript-test-sources:src/ecmascript6/Ghost/core/server/apps/sandbox.js':[
33,
],
'javascript-test-sources:src/ecmascript6/Ghost/core/server/config/index.js':[
266,
290,
],
'javascript-test-sources:src/ecmascript6/Ghost/core/server/controllers/frontend/index.js':[
61,
184,
],
'javascript-test-sources:src/ecmascript6/Ghost/core/server/data/import/data-importer.js':[
166,
],
'javascript-test-sources:src/ecmascript6/Ghost/core/server/data/import/index.js':[
47,
],
'javascript-test-sources:src/ecmascript6/Ghost/core/server/data/import/utils.js':[
81,
],
'javascript-test-sources:src/ecmascript6/Ghost/core/server/data/importer/handlers/json.js':[
37,
],
'javascript-test-sources:src/ecmascript6/Ghost/core/server/data/importer/index.js':[
151,
162,
166,
214,
241,
258,
],
'javascript-test-sources:src/ecmascript6/Ghost/core/server/data/validation/index.js':[
49,
60,
73,
121,
160,
],
'javascript-test-sources:src/ecmascript6/Ghost/core/server/data/xml/rss/index.js':[
124,
204,
],
'javascript-test-sources:src/ecmascript6/Ghost/core/server/data/xml/sitemap/index.js':[
3,
],
'javascript-test-sources:src/ecmascript6/Ghost/core/server/errors/index.js':[
214,
219,
235,
],
'javascript-test-sources:src/ecmascript6/Ghost/core/server/ghost-server.js':[
39,
93,
],
'javascript-test-sources:src/ecmascript6/Ghost/core/server/helpers/asset.js':[
20,
],
'javascript-test-sources:src/ecmascript6/Ghost/core/server/helpers/author.js':[
42,
],
'javascript-test-sources:src/ecmascript6/Ghost/core/server/helpers/body_class.js':[
68,
],
'javascript-test-sources:src/ecmascript6/Ghost/core/server/helpers/content.js':[
25,
30,
35,
],
'javascript-test-sources:src/ecmascript6/Ghost/core/server/helpers/encode.js':[
12,
],
'javascript-test-sources:src/ecmascript6/Ghost/core/server/helpers/excerpt.js':[
20,
],
'javascript-test-sources:src/ecmascript6/Ghost/core/server/helpers/ghost_foot.js':[
24,
],
'javascript-test-sources:src/ecmascript6/Ghost/core/server/helpers/ghost_head.js':[
128,
],
'javascript-test-sources:src/ecmascript6/Ghost/core/server/helpers/input_password.js':[
32,
],
'javascript-test-sources:src/ecmascript6/Ghost/core/server/helpers/navigation.js':[
52,
],
'javascript-test-sources:src/ecmascript6/Ghost/core/server/helpers/plural.js':[
24,
26,
28,
],
'javascript-test-sources:src/ecmascript6/Ghost/core/server/helpers/post_class.js':[
33,
],
'javascript-test-sources:src/ecmascript6/Ghost/core/server/helpers/tags.js':[
48,
],
'javascript-test-sources:src/ecmascript6/Ghost/core/server/helpers/template.js':[
23,
],
'javascript-test-sources:src/ecmascript6/Ghost/core/server/helpers/title.js':[
10,
],
'javascript-test-sources:src/ecmascript6/Ghost/core/server/i18n.js':[
33,
38,
],
'javascript-test-sources:src/ecmascript6/Ghost/core/server/index.js':[
70,
],
'javascript-test-sources:src/ecmascript6/Ghost/core/server/mail/index.js':[
82,
],
'javascript-test-sources:src/ecmascript6/Ghost/core/server/middleware/auth.js':[
92,
117,
131,
155,
160,
171,
183,
],
'javascript-test-sources:src/ecmascript6/Ghost/core/server/middleware/ghost-busboy.js':[
20,
],
'javascript-test-sources:src/ecmascript6/Ghost/core/server/middleware/index.js':[
54,
55,
],
'javascript-test-sources:src/ecmascript6/Ghost/core/server/middleware/oauth.js':[
14,
35,
45,
],
'javascript-test-sources:src/ecmascript6/Ghost/core/server/middleware/spam-prevention.js':[
35,
53,
81,
113,
],
'javascript-test-sources:src/ecmascript6/Ghost/core/server/models/base/token.js':[
60,
81,
],
'javascript-test-sources:src/ecmascript6/Ghost/core/server/models/plugins/filter.js':[
29,
],
'javascript-test-sources:src/ecmascript6/Ghost/core/server/models/post.js':[
8,
262,
556,
559,
590,
],
'javascript-test-sources:src/ecmascript6/Ghost/core/server/models/role.js':[
79,
],
'javascript-test-sources:src/ecmascript6/Ghost/core/server/models/settings.js':[
123,
142,
149,
],
'javascript-test-sources:src/ecmascript6/Ghost/core/server/models/user.js':[
119,
307,
330,
363,
367,
415,
482,
499,
529,
534,
541,
552,
569,
573,
594,
598,
602,
614,
626,
640,
647,
656,
663,
668,
674,
699,
711,
715,
727,
751,
762,
784,
],
'javascript-test-sources:src/ecmascript6/Ghost/core/server/permissions/index.js':[
197,
263,
],
'javascript-test-sources:src/ecmascript6/Ghost/core/server/routes/frontend.js':[
40,
],
'javascript-test-sources:src/ecmascript6/Ghost/core/server/storage/index.js':[
25,
],
'javascript-test-sources:src/ecmascript6/Ghost/core/server/storage/local-file-store.js':[
44,
],
'javascript-test-sources:src/ecmascript6/Ghost/core/server/update-check.js':[
116,
],
'javascript-test-sources:src/ecmascript6/Ghost/core/test/integration/model/model_posts_spec.js':[
569,
659,
],
'javascript-test-sources:src/ecmascript6/Ghost/core/test/integration/model/model_users_spec.js':[
642,
650,
],
'javascript-test-sources:src/ecmascript6/Ghost/core/test/unit/apps_filters_spec.js':[
86,
100,
],
'javascript-test-sources:src/ecmascript6/Ghost/core/test/unit/apps_spec.js':[
275,
310,
341,
356,
],
'javascript-test-sources:src/ecmascript6/Ghost/core/test/unit/controllers/frontend/error_spec.js':[
26,
34,
],
'javascript-test-sources:src/ecmascript6/Ghost/core/test/unit/controllers/frontend/fetch-data_spec.js':[
24,
25,
26,
],
'javascript-test-sources:src/ecmascript6/Ghost/core/test/unit/controllers/frontend/index_spec.js':[
129,
134,
],
'javascript-test-sources:src/ecmascript6/Ghost/core/test/unit/error_handling_spec.js':[
299,
],
'javascript-test-sources:src/ecmascript6/Ghost/core/test/unit/filters_spec.js':[
86,
100,
],
'javascript-test-sources:src/ecmascript6/Ghost/core/test/unit/middleware/auth-strategies_spec.js':[
56,
57,
122,
123,
126,
131,
132,
],
'javascript-test-sources:src/ecmascript6/Ghost/core/test/unit/middleware/authentication_spec.js':[
28,
38,
48,
58,
69,
80,
],
'javascript-test-sources:src/ecmascript6/Ghost/core/test/unit/middleware/oauth_spec.js':[
35,
37,
53,
57,
61,
64,
99,
121,
125,
129,
144,
146,
161,
170,
173,
206,
227,
254,
263,
],
'javascript-test-sources:src/ecmascript6/Ghost/core/test/unit/server_helpers/get_spec.js':[
50,
51,
53,
54,
55,
56,
57,
58,
59,
60,
285,
286,
],
'javascript-test-sources:src/ecmascript6/Ghost/core/test/unit/server_helpers/ghost_head_spec.js':[
34,
40,
729,
],
'javascript-test-sources:src/ecmascript6/Ghost/core/test/unit/showdown_client_integrated_spec.js':[
13,
],
'javascript-test-sources:src/ecmascript6/Ghost/core/test/unit/sitemap_spec.js':[
48,
],
'javascript-test-sources:src/ecmascript6/Ghost/core/test/unit/storage_local-file-store_spec.js':[
35,
],
'javascript-test-sources:src/ecmascript6/Ghost/core/test/unit/utils_pipeline_spec.js':[
73,
73,
73,
86,
87,
88,
109,
110,
111,
115,
115,
115,
],
'javascript-test-sources:src/ecmascript6/Ghost/core/test/utils/fork.js':[
11,
62,
],
'javascript-test-sources:src/ecmascript6/Ghost/core/test/utils/index.js':[
531,
549,
],
'javascript-test-sources:src/ecmascript6/ecmascript6-today/5-map.js':[
8,
],
'javascript-test-sources:src/ecmascript6/ecmascript6-today/5-set.js':[
7,
],
'javascript-test-sources:src/ecmascript6/ecmascript6-today/8-iterators.js':[
36,
],
'javascript-test-sources:src/ecmascript6/expressionist.js/test/lexer.spec.js':[
7,
],
'javascript-test-sources:src/ecmascript6/expressionist.js/test/parser.spec.js':[
8,
],
'javascript-test-sources:src/ecmascript6/expressionist.js/test/watch_parser.spec.js':[
36,
36,
37,
38,
],
'javascript-test-sources:src/ecmascript6/http/test/ConnectionMock.spec.js':[
30,
49,
58,
68,
70,
82,
84,
95,
97,
115,
120,
121,
131,
172,
179,
188,
196,
206,
217,
228,
239,
249,
],
'javascript-test-sources:src/ecmascript6/http/test/Http.spec.js':[
221,
222,
228,
372,
379,
386,
],
'javascript-test-sources:src/ecmascript6/http/test/IInterceptResolution.spec.js':[
11,
12,
18,
],
'javascript-test-sources:src/ecmascript6/http/test/IRequest.spec.js':[
10,
12,
32,
62,
],
'javascript-test-sources:src/ecmascript6/http/test/IResponse.spec.js':[
12,
32,
],
'javascript-test-sources:src/ecmascript6/http/test/JSONPConnection.spec.js':[
14,
22,
29,
36,
45,
55,
64,
75,
83,
],
'javascript-test-sources:src/ecmascript6/http/test/QueryParams.spec.js':[
5,
13,
21,
29,
36,
],
'javascript-test-sources:src/ecmascript6/http/test/XHRConnection.spec.js':[
14,
22,
30,
34,
41,
49,
53,
60,
67,
84,
94,
104,
113,
121,
130,
139,
149,
161,
169,
179,
193,
207,
223,
],
'javascript-test-sources:src/ecmascript6/reddit-mobile/assets/js/client.es6.js':[
141,
209,
239,
],
'javascript-test-sources:src/ecmascript6/reddit-mobile/assets/js/trackingEvents.es6.js':[
29,
],
'javascript-test-sources:src/ecmascript6/reddit-mobile/index.js':[
100,
115,
123,
],
'javascript-test-sources:src/ecmascript6/reddit-mobile/src/server/console.es6.js':[
19,
61,
110,
],
'javascript-test-sources:src/ecmascript6/reddit-mobile/src/server/oauth.es6.js':[
67,
79,
94,
99,
103,
152,
237,
371,
387,
472,
],
'javascript-test-sources:src/ecmascript6/reddit-mobile/src/server/routes.es6.js':[
44,
76,
91,
],
'javascript-test-sources:src/ecmascript6/reddit-mobile/test/helpers/buildProps.es6.js':[
12,
],
'javascript-test-sources:src/ecmascript6/redux/examples/async/server.js':[
6,
],
'javascript-test-sources:src/ecmascript6/redux/examples/async/webpack.config.js':[
16,
17,
18,
],
'javascript-test-sources:src/ecmascript6/redux/examples/counter/server.js':[
6,
],
'javascript-test-sources:src/ecmascript6/redux/examples/counter/webpack.config.js':[
16,
17,
18,
],
'javascript-test-sources:src/ecmascript6/redux/examples/real-world/middleware/api.js':[
53,
57,
],
'javascript-test-sources:src/ecmascript6/redux/examples/real-world/server.js':[
6,
],
'javascript-test-sources:src/ecmascript6/redux/examples/real-world/webpack.config.js':[
16,
17,
18,
],
'javascript-test-sources:src/ecmascript6/redux/examples/shopping-cart/server.js':[
6,
],
'javascript-test-sources:src/ecmascript6/redux/examples/shopping-cart/webpack.config.js':[
16,
17,
18,
],
'javascript-test-sources:src/ecmascript6/redux/examples/todomvc/server.js':[
6,
],
'javascript-test-sources:src/ecmascript6/redux/examples/todomvc/webpack.config.js':[
16,
17,
18,
],
'javascript-test-sources:src/ecmascript6/redux/examples/todos-with-undo/server.js':[
6,
],
'javascript-test-sources:src/ecmascript6/redux/examples/todos-with-undo/webpack.config.js':[
16,
17,
18,
],
'javascript-test-sources:src/ecmascript6/redux/examples/universal/server/server.js':[
20,
],
'javascript-test-sources:src/ecmascript6/redux/examples/universal/webpack.config.js':[
16,
17,
18,
],
'javascript-test-sources:src/ecmascript6/redux/test/helpers/actionCreators.js':[
8,
],
'javascript-test-sources:src/ecmascript6/redux/webpack.config.development.js':[
8,
9,
],
'javascript-test-sources:src/ecmascript6/redux/webpack.config.production.js':[
8,
9,
12,
],
'javascript-test-sources:src/ecmascript6/router/examples/hello/jsonp.js':[
3,
],
'javascript-test-sources:src/ecmascript6/router/examples/http.js':[
3,
],
'javascript-test-sources:src/ecmascript6/router/gulpfile.js':[
104,
],
'javascript-test-sources:src/ecmascript6/router/src/router.js':[
179,
208,
209,
],
'javascript-test-sources:src/ecmascript6/router/third_party/brick/brick-1.0.1.byob.js':[
97,
556,
1652,
],
'javascript-test-sources:src/ecmascript6/router/utils/requirejs_module_ce.js':[
27,
],
'javascript-test-sources:src/ecmascript6/snoode/src/endpoints/v1.es6.js':[
51,
136,
241,
372,
374,
387,
406,
432,
435,
500,
503,
588,
592,
629,
675,
695,
755,
757,
769,
803,
828,
877,
894,
898,
952,
973,
1000,
1003,
1021,
1050,
1062,
1085,
1161,
1164,
1167,
1191,
1210,
1252,
1260,
1270,
1290,
1292,
1301,
],
'javascript-test-sources:src/ecmascript6/snoode/src/models/base.es6.js':[
8,
],
'javascript-test-sources:src/ecmascript6/snoode/test/models/account.js':[
22,
],
'javascript-test-sources:src/ecmascript6/snoode/test/models/base.js':[
17,
22,
42,
64,
81,
110,
],
'javascript-test-sources:src/ecmascript6/snoode/test/models/comment.js':[
23,
36,
],
'javascript-test-sources:src/ecmascript6/snoode/test/models/link.js':[
22,
],
'javascript-test-sources:src/ecmascript6/sonar-web/src/main/js/api/ce.js':[
31,
],
'javascript-test-sources:src/ecmascript6/sonar-web/src/main/js/apps/account/app.js':[
30,
],
'javascript-test-sources:src/ecmascript6/sonar-web/src/main/js/apps/api-documentation/app.js':[
13,
18,
26,
31,
34,
40,
47,
54,
60,
],
'javascript-test-sources:src/ecmascript6/sonar-web/src/main/js/apps/api-documentation/controller.js':[
56,
57,
62,
],
'javascript-test-sources:src/ecmascript6/sonar-web/src/main/js/apps/coding-rules/app.js':[
18,
22,
26,
27,
28,
30,
32,
39,
45,
51,
57,
],
'javascript-test-sources:src/ecmascript6/sonar-web/src/main/js/apps/coding-rules/bulk-change-popup-view.js':[
17,
],
'javascript-test-sources:src/ecmascript6/sonar-web/src/main/js/apps/coding-rules/controller.js':[
110,
116,
],
'javascript-test-sources:src/ecmascript6/sonar-web/src/main/js/apps/coding-rules/filters-view.js':[
14,
],
'javascript-test-sources:src/ecmascript6/sonar-web/src/main/js/apps/coding-rules/rule-details-view.js':[
38,
46,
50,
54,
58,
61,
63,
68,
116,
123,
],
'javascript-test-sources:src/ecmascript6/sonar-web/src/main/js/apps/coding-rules/rule/custom-rules-view.js':[
32,
],
'javascript-test-sources:src/ecmascript6/sonar-web/src/main/js/apps/coding-rules/rule/profile-activation-view.js':[
104,
],
'javascript-test-sources:src/ecmascript6/sonar-web/src/main/js/apps/coding-rules/rule/rule-filter-mixin.js':[
10,
],
'javascript-test-sources:src/ecmascript6/sonar-web/src/main/js/apps/coding-rules/rule/rule-profile-view.js':[
37,
107,
],
'javascript-test-sources:src/ecmascript6/sonar-web/src/main/js/apps/coding-rules/rule/rule-profiles-view.js':[
46,
],
'javascript-test-sources:src/ecmascript6/sonar-web/src/main/js/apps/coding-rules/workspace-header-view.js':[
26,
],
'javascript-test-sources:src/ecmascript6/sonar-web/src/main/js/apps/coding-rules/workspace-list-item-view.js':[
43,
45,
],
'javascript-test-sources:src/ecmascript6/sonar-web/src/main/js/apps/component-issues/app.js':[
19,
24,
32,
33,
34,
36,
40,
42,
49,
55,
63,
],
'javascript-test-sources:src/ecmascript6/sonar-web/src/main/js/apps/custom-measures/app.js':[
9,
12,
18,
23,
30,
36,
],
'javascript-test-sources:src/ecmascript6/sonar-web/src/main/js/apps/custom-measures/create-view.js':[
8,
],
'javascript-test-sources:src/ecmascript6/sonar-web/src/main/js/apps/custom-measures/form-view.js':[
10,
],
'javascript-test-sources:src/ecmascript6/sonar-web/src/main/js/apps/custom-measures/header-view.js':[
18,
],
'javascript-test-sources:src/ecmascript6/sonar-web/src/main/js/apps/custom-measures/list-item-view.js':[
35,
42,
],
'javascript-test-sources:src/ecmascript6/sonar-web/src/main/js/apps/drilldown/app.js':[
6,
15,
],
'javascript-test-sources:src/ecmascript6/sonar-web/src/main/js/apps/global-permissions/groups-view.js':[
26,
],
'javascript-test-sources:src/ecmascript6/sonar-web/src/main/js/apps/global-permissions/permission-groups.js':[
28,
],
'javascript-test-sources:src/ecmascript6/sonar-web/src/main/js/apps/global-permissions/permission-users.js':[
28,
],
'javascript-test-sources:src/ecmascript6/sonar-web/src/main/js/apps/global-permissions/users-view.js':[
26,
],
'javascript-test-sources:src/ecmascript6/sonar-web/src/main/js/apps/groups/app.js':[
10,
15,
19,
22,
26,
30,
34,
],
'javascript-test-sources:src/ecmascript6/sonar-web/src/main/js/apps/groups/create-view.js':[
8,
],
'javascript-test-sources:src/ecmascript6/sonar-web/src/main/js/apps/groups/header-view.js':[
31,
],
'javascript-test-sources:src/ecmascript6/sonar-web/src/main/js/apps/groups/list-item-view.js':[
45,
52,
56,
],
'javascript-test-sources:src/ecmascript6/sonar-web/src/main/js/apps/groups/users-view.js':[
10,
],
'javascript-test-sources:src/ecmascript6/sonar-web/src/main/js/apps/issues/app.js':[
19,
23,
24,
25,
26,
28,
32,
34,
41,
47,
53,
61,
],
'javascript-test-sources:src/ecmascript6/sonar-web/src/main/js/apps/issues/component-viewer/main.js':[
182,
],
'javascript-test-sources:src/ecmascript6/sonar-web/src/main/js/apps/issues/controller.js':[
99,
216,
238,
],
'javascript-test-sources:src/ecmascript6/sonar-web/src/main/js/apps/issues/layout.js':[
29,
],
'javascript-test-sources:src/ecmascript6/sonar-web/src/main/js/apps/issues/workspace-list-item-view.js':[
53,
],
'javascript-test-sources:src/ecmascript6/sonar-web/src/main/js/apps/maintenance/app.js':[
8,
14,
16,
],
'javascript-test-sources:src/ecmascript6/sonar-web/src/main/js/apps/markdown/app.js':[
4,
8,
],
'javascript-test-sources:src/ecmascript6/sonar-web/src/main/js/apps/measures/app.js':[
14,
18,
22,
34,
44,
53,
61,
70,
80,
90,
101,
112,
123,
131,
145,
],
'javascript-test-sources:src/ecmascript6/sonar-web/src/main/js/apps/metrics/app.js':[
10,
15,
19,
22,
31,
39,
],
'javascript-test-sources:src/ecmascript6/sonar-web/src/main/js/apps/metrics/create-view.js':[
8,
],
'javascript-test-sources:src/ecmascript6/sonar-web/src/main/js/apps/metrics/header-view.js':[
18,
],
'javascript-test-sources:src/ecmascript6/sonar-web/src/main/js/apps/metrics/list-item-view.js':[
38,
47,
],
'javascript-test-sources:src/ecmascript6/sonar-web/src/main/js/apps/permission-templates/groups-view.js':[
16,
],
'javascript-test-sources:src/ecmascript6/sonar-web/src/main/js/apps/permission-templates/header.js':[
7,
],
'javascript-test-sources:src/ecmascript6/sonar-web/src/main/js/apps/permission-templates/permission-template.js':[
20,
29,
38,
39,
46,
47,
],
'javascript-test-sources:src/ecmascript6/sonar-web/src/main/js/apps/permission-templates/users-view.js':[
13,
],
'javascript-test-sources:src/ecmascript6/sonar-web/src/main/js/apps/project-permissions/groups-view.js':[
15,
],
'javascript-test-sources:src/ecmascript6/sonar-web/src/main/js/apps/project-permissions/main.js':[
78,
],
'javascript-test-sources:src/ecmascript6/sonar-web/src/main/js/apps/project-permissions/project.js':[
17,
27,
37,
],
'javascript-test-sources:src/ecmascript6/sonar-web/src/main/js/apps/project-permissions/users-view.js':[
13,
],
'javascript-test-sources:src/ecmascript6/sonar-web/src/main/js/apps/projects/header.js':[
10,
],
'javascript-test-sources:src/ecmascript6/sonar-web/src/main/js/apps/projects/search.js':[
70,
],
'javascript-test-sources:src/ecmascript6/sonar-web/src/main/js/apps/quality-gates/actions-view.js':[
15,
],
'javascript-test-sources:src/ecmascript6/sonar-web/src/main/js/apps/quality-gates/app.js':[
12,
17,
22,
25,
28,
35,
42,
],
'javascript-test-sources:src/ecmascript6/sonar-web/src/main/js/apps/quality-gates/controller.js':[
38,
44,
],
'javascript-test-sources:src/ecmascript6/sonar-web/src/main/js/apps/quality-gates/details-view.js':[
33,
34,
45,
],
'javascript-test-sources:src/ecmascript6/sonar-web/src/main/js/apps/quality-gates/form-view.js':[
35,
],
'javascript-test-sources:src/ecmascript6/sonar-web/src/main/js/apps/quality-gates/gate-condition-view.js':[
64,
],
'javascript-test-sources:src/ecmascript6/sonar-web/src/main/js/apps/quality-gates/gate-conditions-view.js':[
49,
],
'javascript-test-sources:src/ecmascript6/sonar-web/src/main/js/apps/quality-gates/gate-projects-view.js':[
11,
],
'javascript-test-sources:src/ecmascript6/sonar-web/src/main/js/apps/quality-gates/header-view.js':[
23,
29,
36,
],
'javascript-test-sources:src/ecmascript6/sonar-web/src/main/js/apps/quality-gates/layout.js':[
23,
],
'javascript-test-sources:src/ecmascript6/sonar-web/src/main/js/apps/quality-profiles/actions-view.js':[
44,
53,
59,
],
'javascript-test-sources:src/ecmascript6/sonar-web/src/main/js/apps/quality-profiles/app.js':[
12,
23,
28,
31,
34,
43,
50,
],
'javascript-test-sources:src/ecmascript6/sonar-web/src/main/js/apps/quality-profiles/controller.js':[
63,
69,
],
'javascript-test-sources:src/ecmascript6/sonar-web/src/main/js/apps/quality-profiles/copy-profile-view.js':[
41,
],
'javascript-test-sources:src/ecmascript6/sonar-web/src/main/js/apps/quality-profiles/create-profile-view.js':[
62,
],
'javascript-test-sources:src/ecmascript6/sonar-web/src/main/js/apps/quality-profiles/helpers.js':[
20,
25,
27,
],
'javascript-test-sources:src/ecmascript6/sonar-web/src/main/js/apps/quality-profiles/layout.js':[
25,
],
'javascript-test-sources:src/ecmascript6/sonar-web/src/main/js/apps/quality-profiles/profile-details-view.js':[
33,
34,
59,
109,
],
'javascript-test-sources:src/ecmascript6/sonar-web/src/main/js/apps/quality-profiles/profile-header-view.js':[
49,
53,
61,
],
'javascript-test-sources:src/ecmascript6/sonar-web/src/main/js/apps/quality-profiles/restore-profile-view.js':[
25,
],
'javascript-test-sources:src/ecmascript6/sonar-web/src/main/js/apps/source-viewer/app.js':[
5,
11,
],
'javascript-test-sources:src/ecmascript6/sonar-web/src/main/js/apps/update-center/app.js':[
14,
19,
24,
28,
31,
34,
37,
41,
46,
50,
],
'javascript-test-sources:src/ecmascript6/sonar-web/src/main/js/apps/update-center/list-item-view.js':[
59,
61,
],
'javascript-test-sources:src/ecmascript6/sonar-web/src/main/js/apps/update-center/plugins.js':[
106,
132,
144,
155,
],
'javascript-test-sources:src/ecmascript6/sonar-web/src/main/js/apps/users/app.js':[
10,
15,
19,
22,
26,
30,
34,
],
'javascript-test-sources:src/ecmascript6/sonar-web/src/main/js/apps/users/create-view.js':[
8,
],
'javascript-test-sources:src/ecmascript6/sonar-web/src/main/js/apps/users/groups-view.js':[
10,
],
'javascript-test-sources:src/ecmascript6/sonar-web/src/main/js/apps/users/header-view.js':[
31,
],
'javascript-test-sources:src/ecmascript6/sonar-web/src/main/js/apps/users/list-item-view.js':[
78,
85,
92,
96,
],
'javascript-test-sources:src/ecmascript6/sonar-web/src/main/js/components/common/file-upload.js':[
16,
],
'javascript-test-sources:src/ecmascript6/sonar-web/src/main/js/components/common/select-list.js':[
266,
385,
389,
],
'javascript-test-sources:src/ecmascript6/sonar-web/src/main/js/components/issue/issue-view.js':[
70,
77,
103,
119,
122,
147,
159,
170,
179,
190,
197,
215,
239,
],
'javascript-test-sources:src/ecmascript6/sonar-web/src/main/js/components/issue/manual-issue-view.js':[
48,
],
'javascript-test-sources:src/ecmascript6/sonar-web/src/main/js/components/navigator/filters/ajax-select-filters.js':[
149,
199,
280,
304,
353,
366,
383,
396,
414,
426,
444,
445,
458,
],
'javascript-test-sources:src/ecmascript6/sonar-web/src/main/js/components/navigator/filters/base-filters.js':[
71,
],
'javascript-test-sources:src/ecmascript6/sonar-web/src/main/js/components/navigator/filters/choice-filters.js':[
42,
45,
183,
186,
205,
207,
],
'javascript-test-sources:src/ecmascript6/sonar-web/src/main/js/components/navigator/filters/filter-bar.js':[
117,
],
'javascript-test-sources:src/ecmascript6/sonar-web/src/main/js/components/source-viewer/header.js':[
49,
69,
],
'javascript-test-sources:src/ecmascript6/sonar-web/src/main/js/components/source-viewer/main.js':[
58,
60,
71,
331,
388,
390,
408,
409,
457,
461,
486,
],
'javascript-test-sources:src/ecmascript6/sonar-web/src/main/js/components/source-viewer/popups/line-actions-popup.js':[
26,
],
'javascript-test-sources:src/ecmascript6/sonar-web/src/main/js/components/workspace/main.js':[
22,
28,
46,
75,
],
'javascript-test-sources:src/ecmascript6/sonar-web/src/main/js/components/workspace/views/base-viewer-view.js':[
30,
],
'javascript-test-sources:src/ecmascript6/sonar-web/src/main/js/components/workspace/views/viewer-view.js':[
15,
],
'javascript-test-sources:src/ecmascript6/sonar-web/src/main/js/helpers/handlebars-helpers.js':[
73,
79,
85,
95,
99,
105,
111,
117,
581,
],
'javascript-test-sources:src/ecmascript6/sonar-web/src/main/js/helpers/request.js':[
158,
],
'javascript-test-sources:src/ecmascript6/sonar-web/src/main/js/main/app.js':[
17,
],
'javascript-test-sources:src/ecmascript6/sonar-web/src/main/js/main/nav/app.js':[
14,
],
'javascript-test-sources:src/ecmascript6/sonar-web/src/main/js/main/nav/global/global-nav-search.js':[
45,
46,
],
'javascript-test-sources:src/ecmascript6/sonar-web/src/main/js/main/nav/global/global-nav.js':[
31,
],
'javascript-test-sources:src/ecmascript6/sonar-web/src/main/js/main/nav/global/search-view.js':[
63,
72,
],
'javascript-test-sources:src/ecmascript6/sonar-web/src/main/js/main/processes.js':[
89,
90,
100,
],
'javascript-test-sources:src/ecmascript6/sonar-web/src/main/js/widgets/issue-filter/widget.js':[
248,
],
'javascript-test-sources:src/ecmascript6/sonar-web/src/main/js/widgets/old/histogram.js':[
12,
],
'javascript-test-sources:src/ecmascript6/sonar-web/src/main/js/widgets/old/tag-cloud.js':[
11,
],
'javascript-test-sources:src/ecmascript6/sonar-web/src/main/js/widgets/old/treemap.js':[
13,
],
'javascript-test-sources:src/ecmascript6/sonar-web/src/main/js/widgets/old/widget.js':[
48,
],
'javascript-test-sources:src/ecmascript6/sonar-web/src/main/js/widgets/old/word-cloud.js':[
10,
],
'javascript-test-sources:src/ecmascript6/sonar-web/test/helpers/test-page.js':[
11,
26,
41,
56,
75,
94,
106,
115,
124,
134,
143,
152,
161,
173,
189,
197,
],
'javascript-test-sources:src/ecmascript6/sonar-web/tests/components/issue-test.js':[
13,
18,
24,
30,
37,
44,
51,
57,
64,
75,
86,
94,
102,
115,
125,
135,
149,
167,
],
'javascript-test-sources:src/ecmascript6/templating/gulpfile.js':[
133,
],
'javascript-test-sources:src/ecmascript6/templating/src/lib/di/ce_di.js':[
23,
],
'javascript-test-sources:src/ecmascript6/templating/src/lib/di/ce_di_bootstrap.js':[
10,
],
'javascript-test-sources:src/ecmascript6/templating/test/lib/compiler/compiler.spec.js':[
24,
33,
44,
57,
81,
90,
92,
102,
117,
118,
163,
189,
190,
236,
],
'javascript-test-sources:src/ecmascript6/watchtower.js/src/dirty_checking.js':[
1030,
],
'javascript-test-sources:src/ecmascript6/watchtower.js/src/watch_record.js':[
100,
],
'javascript-test-sources:src/ecmascript6/watchtower.js/test/dirtychecking.spec.js':[
19,
],
'javascript-test-sources:src/ecmascript6/watchtower.js/test/observer.spec.js':[
19,
],
'javascript-test-sources:src/ecmascript6/watchtower.js/test/watchgroup.spec.js':[
30,
32,
39,
291,
305,
318,
330,
344,
363,
377,
404,
420,
422,
446,
448,
458,
468,
478,
488,
497,
506,
508,
564,
566,
568,
],
'javascript-test-sources:src/file-for-rules/S4123.js':[
5,
],
}
