{
'javascript-test-sources:src/ecmascript6/Ghost/Gruntfile.js':[
560,
608,
610,
612,
962,
],
'javascript-test-sources:src/ecmascript6/Ghost/core/client/app/adapters/base.js':[
37,
59,
],
'javascript-test-sources:src/ecmascript6/Ghost/core/client/app/adapters/embedded-relation-adapter.js':[
123,
125,
],
'javascript-test-sources:src/ecmascript6/Ghost/core/client/app/assets/lib/uploader.js':[
92,
94,
182,
191,
227,
227,
],
'javascript-test-sources:src/ecmascript6/Ghost/core/client/app/components/gh-alert.js':[
28,
],
'javascript-test-sources:src/ecmascript6/Ghost/core/client/app/components/gh-dropdown.js':[
44,
],
'javascript-test-sources:src/ecmascript6/Ghost/core/client/app/components/gh-navitem-url-input.js':[
6,
6,
8,
8,
62,
62,
69,
76,
],
'javascript-test-sources:src/ecmascript6/Ghost/core/client/app/components/gh-navitem.js':[
23,
],
'javascript-test-sources:src/ecmascript6/Ghost/core/client/app/components/gh-notification.js':[
29,
40,
],
'javascript-test-sources:src/ecmascript6/Ghost/core/client/app/components/gh-search-input.js':[
110,
136,
136,
141,
146,
],
'javascript-test-sources:src/ecmascript6/Ghost/core/client/app/components/gh-selectize.js':[
67,
86,
],
'javascript-test-sources:src/ecmascript6/Ghost/core/client/app/components/gh-spin-button.js':[
40,
],
'javascript-test-sources:src/ecmascript6/Ghost/core/client/app/components/gh-uploader.js':[
76,
76,
],
'javascript-test-sources:src/ecmascript6/Ghost/core/client/app/components/gh-user-invited.js':[
34,
],
'javascript-test-sources:src/ecmascript6/Ghost/core/client/app/components/modals/invite-new-user.js':[
63,
63,
111,
],
'javascript-test-sources:src/ecmascript6/Ghost/core/client/app/controllers/error.js':[
14,
18,
],
'javascript-test-sources:src/ecmascript6/Ghost/core/client/app/controllers/post-settings-menu.js':[
69,
116,
159,
170,
],
'javascript-test-sources:src/ecmascript6/Ghost/core/client/app/controllers/posts.js':[
34,
35,
36,
],
'javascript-test-sources:src/ecmascript6/Ghost/core/client/app/controllers/reset.js':[
69,
],
'javascript-test-sources:src/ecmascript6/Ghost/core/client/app/controllers/settings/general.js':[
47,
53,
],
'javascript-test-sources:src/ecmascript6/Ghost/core/client/app/controllers/settings/labs.js':[
93,
],
'javascript-test-sources:src/ecmascript6/Ghost/core/client/app/controllers/settings/navigation.js':[
50,
79,
],
'javascript-test-sources:src/ecmascript6/Ghost/core/client/app/controllers/setup.js':[
21,
],
'javascript-test-sources:src/ecmascript6/Ghost/core/client/app/controllers/setup/three.js':[
32,
86,
112,
117,
127,
178,
226,
],
'javascript-test-sources:src/ecmascript6/Ghost/core/client/app/controllers/team/index.js':[
25,
25,
],
'javascript-test-sources:src/ecmascript6/Ghost/core/client/app/helpers/gh-count-words.js':[
19,
],
'javascript-test-sources:src/ecmascript6/Ghost/core/client/app/helpers/gh-path.js':[
44,
47,
],
'javascript-test-sources:src/ecmascript6/Ghost/core/client/app/mirage/config.js':[
14,
72,
131,
],
'javascript-test-sources:src/ecmascript6/Ghost/core/client/app/mixins/404-handler.js':[
6,
],
'javascript-test-sources:src/ecmascript6/Ghost/core/client/app/mixins/ed-editor-api.js':[
70,
92,
],
'javascript-test-sources:src/ecmascript6/Ghost/core/client/app/mixins/ed-editor-shortcuts.js':[
59,
65,
65,
68,
],
'javascript-test-sources:src/ecmascript6/Ghost/core/client/app/mixins/editor-base-controller.js':[
226,
246,
349,
351,
],
'javascript-test-sources:src/ecmascript6/Ghost/core/client/app/mixins/editor-base-route.js':[
53,
54,
],
'javascript-test-sources:src/ecmascript6/Ghost/core/client/app/mixins/shortcuts.js':[
56,
],
'javascript-test-sources:src/ecmascript6/Ghost/core/client/app/mixins/text-input.js':[
19,
],
'javascript-test-sources:src/ecmascript6/Ghost/core/client/app/routes/signup.js':[
58,
],
'javascript-test-sources:src/ecmascript6/Ghost/core/client/app/services/config.js':[
10,
12,
13,
14,
16,
],
'javascript-test-sources:src/ecmascript6/Ghost/core/client/app/services/media-queries.js':[
33,
],
'javascript-test-sources:src/ecmascript6/Ghost/core/client/app/services/notifications.js':[
28,
33,
38,
],
'javascript-test-sources:src/ecmascript6/Ghost/core/client/app/session-stores/application.js':[
5,
],
'javascript-test-sources:src/ecmascript6/Ghost/core/client/app/utils/ajax.js':[
20,
],
'javascript-test-sources:src/ecmascript6/Ghost/core/client/app/utils/ed-image-manager.js':[
8,
20,
38,
],
'javascript-test-sources:src/ecmascript6/Ghost/core/client/app/utils/ghost-paths.js':[
47,
],
'javascript-test-sources:src/ecmascript6/Ghost/core/client/app/utils/isNumber.js':[
7,
],
'javascript-test-sources:src/ecmascript6/Ghost/core/client/app/utils/link-component.js':[
17,
],
'javascript-test-sources:src/ecmascript6/Ghost/core/client/app/utils/titleize.js':[
8,
],
'javascript-test-sources:src/ecmascript6/Ghost/core/client/app/utils/validator-extensions.js':[
13,
],
'javascript-test-sources:src/ecmascript6/Ghost/core/client/app/validators/setting.js':[
27,
],
'javascript-test-sources:src/ecmascript6/Ghost/core/client/app/validators/user.js':[
7,
],
'javascript-test-sources:src/ecmascript6/Ghost/core/client/config/environment.js':[
29,
40,
],
'javascript-test-sources:src/ecmascript6/Ghost/core/client/ember-cli-build.js':[
6,
7,
76,
],
'javascript-test-sources:src/ecmascript6/Ghost/core/client/lib/asset-delivery/index.js':[
17,
],
'javascript-test-sources:src/ecmascript6/Ghost/core/client/tests/acceptance/authentication-test.js':[
85,
],
'javascript-test-sources:src/ecmascript6/Ghost/core/client/tests/acceptance/setup-test.js':[
113,
],
'javascript-test-sources:src/ecmascript6/Ghost/core/client/tests/acceptance/team-test.js':[
137,
137,
147,
],
'javascript-test-sources:src/ecmascript6/Ghost/core/client/tests/unit/helpers/gh-user-can-admin-test.js':[
12,
14,
29,
31,
46,
48,
],
'javascript-test-sources:src/ecmascript6/Ghost/core/server/api/authentication.js':[
306,
308,
],
'javascript-test-sources:src/ecmascript6/Ghost/core/server/api/configuration.js':[
13,
20,
22,
],
'javascript-test-sources:src/ecmascript6/Ghost/core/server/api/index.js':[
66,
66,
66,
67,
67,
67,
67,
69,
72,
74,
74,
107,
156,
],
'javascript-test-sources:src/ecmascript6/Ghost/core/server/api/notifications.js':[
139,
153,
],
'javascript-test-sources:src/ecmascript6/Ghost/core/server/api/posts.js':[
195,
],
'javascript-test-sources:src/ecmascript6/Ghost/core/server/api/roles.js':[
58,
67,
],
'javascript-test-sources:src/ecmascript6/Ghost/core/server/api/settings.js':[
140,
141,
142,
153,
244,
262,
316,
323,
346,
352,
400,
406,
406,
406,
],
'javascript-test-sources:src/ecmascript6/Ghost/core/server/api/slugs.js':[
48,
],
'javascript-test-sources:src/ecmascript6/Ghost/core/server/api/themes.js':[
40,
40,
40,
],
'javascript-test-sources:src/ecmascript6/Ghost/core/server/api/users.js':[
113,
175,
195,
195,
201,
202,
205,
272,
313,
313,
324,
334,
],
'javascript-test-sources:src/ecmascript6/Ghost/core/server/apps/dependencies.js':[
7,
],
'javascript-test-sources:src/ecmascript6/Ghost/core/server/apps/sandbox.js':[
52,
52,
58,
],
'javascript-test-sources:src/ecmascript6/Ghost/core/server/config/index.js':[
92,
92,
92,
103,
170,
417,
421,
],
'javascript-test-sources:src/ecmascript6/Ghost/core/server/config/url.js':[
40,
45,
174,
176,
179,
182,
185,
199,
218,
],
'javascript-test-sources:src/ecmascript6/Ghost/core/server/controllers/frontend/context.js':[
25,
],
'javascript-test-sources:src/ecmascript6/Ghost/core/server/controllers/frontend/error.js':[
4,
],
'javascript-test-sources:src/ecmascript6/Ghost/core/server/controllers/frontend/fetch-data.js':[
110,
],
'javascript-test-sources:src/ecmascript6/Ghost/core/server/controllers/frontend/index.js':[
48,
121,
136,
149,
152,
180,
182,
],
'javascript-test-sources:src/ecmascript6/Ghost/core/server/controllers/frontend/templates.js':[
27,
35,
],
'javascript-test-sources:src/ecmascript6/Ghost/core/server/data/import/data-importer.js':[
32,
],
'javascript-test-sources:src/ecmascript6/Ghost/core/server/data/import/index.js':[
22,
24,
26,
29,
31,
33,
35,
85,
87,
110,
121,
135,
],
'javascript-test-sources:src/ecmascript6/Ghost/core/server/data/import/utils.js':[
57,
76,
94,
120,
124,
163,
],
'javascript-test-sources:src/ecmascript6/Ghost/core/server/data/importer/handlers/json.js':[
25,
],
'javascript-test-sources:src/ecmascript6/Ghost/core/server/data/importer/handlers/markdown.js':[
21,
],
'javascript-test-sources:src/ecmascript6/Ghost/core/server/data/importer/index.js':[
75,
],
'javascript-test-sources:src/ecmascript6/Ghost/core/server/data/meta/author_image.js':[
8,
],
'javascript-test-sources:src/ecmascript6/Ghost/core/server/data/meta/cover_image.js':[
8,
8,
],
'javascript-test-sources:src/ecmascript6/Ghost/core/server/data/meta/og_type.js':[
3,
6,
],
'javascript-test-sources:src/ecmascript6/Ghost/core/server/data/meta/schema.js':[
11,
98,
100,
102,
104,
],
'javascript-test-sources:src/ecmascript6/Ghost/core/server/data/meta/structured_data.js':[
29,
],
'javascript-test-sources:src/ecmascript6/Ghost/core/server/data/migration/builder.js':[
52,
],
'javascript-test-sources:src/ecmascript6/Ghost/core/server/data/migration/fixtures/index.js':[
97,
191,
273,
350,
350,
354,
355,
355,
],
'javascript-test-sources:src/ecmascript6/Ghost/core/server/data/migration/fixtures/permissions/index.js':[
34,
],
'javascript-test-sources:src/ecmascript6/Ghost/core/server/data/migration/index.js':[
62,
111,
],
'javascript-test-sources:src/ecmascript6/Ghost/core/server/data/schema/clients/mysql.js':[
44,
],
'javascript-test-sources:src/ecmascript6/Ghost/core/server/data/schema/clients/sqlite3.js':[
21,
],
'javascript-test-sources:src/ecmascript6/Ghost/core/server/data/schema/commands.js':[
15,
17,
23,
28,
119,
],
'javascript-test-sources:src/ecmascript6/Ghost/core/server/data/schema/versioning.js':[
44,
],
'javascript-test-sources:src/ecmascript6/Ghost/core/server/data/validation/index.js':[
46,
54,
54,
71,
159,
],
'javascript-test-sources:src/ecmascript6/Ghost/core/server/data/xml/rss/index.js':[
20,
24,
90,
101,
188,
],
'javascript-test-sources:src/ecmascript6/Ghost/core/server/data/xml/sitemap/page-generator.js':[
42,
51,
],
'javascript-test-sources:src/ecmascript6/Ghost/core/server/data/xml/xmlrpc.js':[
25,
33,
],
'javascript-test-sources:src/ecmascript6/Ghost/core/server/errors/index.js':[
64,
65,
66,
72,
73,
74,
119,
125,
126,
127,
284,
284,
329,
340,
340,
344,
],
'javascript-test-sources:src/ecmascript6/Ghost/core/server/filters.js':[
35,
],
'javascript-test-sources:src/ecmascript6/Ghost/core/server/ghost-server.js':[
61,
94,
168,
186,
],
'javascript-test-sources:src/ecmascript6/Ghost/core/server/helpers/asset.js':[
17,
],
'javascript-test-sources:src/ecmascript6/Ghost/core/server/helpers/author.js':[
28,
],
'javascript-test-sources:src/ecmascript6/Ghost/core/server/helpers/body_class.js':[
59,
],
'javascript-test-sources:src/ecmascript6/Ghost/core/server/helpers/content.js':[
24,
],
'javascript-test-sources:src/ecmascript6/Ghost/core/server/helpers/date.js':[
22,
],
'javascript-test-sources:src/ecmascript6/Ghost/core/server/helpers/foreach.js':[
46,
75,
86,
],
'javascript-test-sources:src/ecmascript6/Ghost/core/server/helpers/ghost_head.js':[
26,
39,
46,
48,
55,
55,
102,
102,
],
'javascript-test-sources:src/ecmascript6/Ghost/core/server/helpers/has.js':[
31,
],
'javascript-test-sources:src/ecmascript6/Ghost/core/server/helpers/navigation.js':[
51,
],
'javascript-test-sources:src/ecmascript6/Ghost/core/server/helpers/page_url.js':[
22,
26,
],
'javascript-test-sources:src/ecmascript6/Ghost/core/server/helpers/pagination.js':[
34,
38,
],
'javascript-test-sources:src/ecmascript6/Ghost/core/server/helpers/plural.js':[
23,
25,
],
'javascript-test-sources:src/ecmascript6/Ghost/core/server/helpers/prev_next.js':[
32,
35,
],
'javascript-test-sources:src/ecmascript6/Ghost/core/server/helpers/tags.js':[
19,
],
'javascript-test-sources:src/ecmascript6/Ghost/core/server/helpers/template.js':[
13,
],
'javascript-test-sources:src/ecmascript6/Ghost/core/server/helpers/utils.js':[
9,
],
'javascript-test-sources:src/ecmascript6/Ghost/core/server/i18n.js':[
59,
],
'javascript-test-sources:src/ecmascript6/Ghost/core/server/index.js':[
37,
59,
184,
],
'javascript-test-sources:src/ecmascript6/Ghost/core/server/mail/index.js':[
88,
95,
],
'javascript-test-sources:src/ecmascript6/Ghost/core/server/middleware/auth-strategies.js':[
20,
],
'javascript-test-sources:src/ecmascript6/Ghost/core/server/middleware/auth.js':[
25,
42,
54,
58,
61,
111,
120,
],
'javascript-test-sources:src/ecmascript6/Ghost/core/server/middleware/check-ssl.js':[
6,
22,
],
'javascript-test-sources:src/ecmascript6/Ghost/core/server/middleware/decide-is-admin.js':[
13,
],
'javascript-test-sources:src/ecmascript6/Ghost/core/server/middleware/index.js':[
65,
66,
],
'javascript-test-sources:src/ecmascript6/Ghost/core/server/middleware/private-blogging.js':[
33,
48,
53,
54,
55,
55,
57,
84,
],
'javascript-test-sources:src/ecmascript6/Ghost/core/server/middleware/serve-shared-file.js':[
18,
28,
28,
28,
],
'javascript-test-sources:src/ecmascript6/Ghost/core/server/middleware/spam-prevention.js':[
30,
32,
52,
75,
93,
112,
151,
],
'javascript-test-sources:src/ecmascript6/Ghost/core/server/models/base/index.js':[
110,
112,
126,
172,
285,
446,
446,
490,
],
'javascript-test-sources:src/ecmascript6/Ghost/core/server/models/plugins/pagination.js':[
39,
80,
82,
165,
],
'javascript-test-sources:src/ecmascript6/Ghost/core/server/models/post.js':[
48,
55,
56,
86,
125,
130,
194,
338,
345,
352,
357,
418,
420,
425,
427,
436,
],
'javascript-test-sources:src/ecmascript6/Ghost/core/server/models/role.js':[
62,
],
'javascript-test-sources:src/ecmascript6/Ghost/core/server/models/settings.js':[
84,
170,
172,
172,
],
'javascript-test-sources:src/ecmascript6/Ghost/core/server/models/user.js':[
101,
196,
201,
203,
205,
281,
283,
285,
328,
458,
479,
507,
531,
531,
532,
536,
572,
572,
655,
795,
],
'javascript-test-sources:src/ecmascript6/Ghost/core/server/permissions/index.js':[
34,
56,
59,
65,
69,
70,
70,
75,
],
'javascript-test-sources:src/ecmascript6/Ghost/core/server/routes/frontend.js':[
31,
],
'javascript-test-sources:src/ecmascript6/Ghost/core/server/update-check.js':[
70,
186,
186,
213,
213,
213,
213,
],
'javascript-test-sources:src/ecmascript6/Ghost/core/server/utils/downzero.js':[
40,
82,
],
'javascript-test-sources:src/ecmascript6/Ghost/core/server/utils/labs.js':[
7,
],
'javascript-test-sources:src/ecmascript6/Ghost/core/server/utils/read-directory.js':[
29,
45,
],
'javascript-test-sources:src/ecmascript6/Ghost/core/server/utils/startup-check.js':[
5,
32,
72,
72,
101,
101,
168,
168,
183,
192,
201,
],
'javascript-test-sources:src/ecmascript6/Ghost/core/server/utils/validate-themes.js':[
27,
41,
],
'javascript-test-sources:src/ecmascript6/Ghost/core/shared/ghost-url.js':[
19,
],
'javascript-test-sources:src/ecmascript6/Ghost/core/test/functional/base.js':[
181,
184,
186,
186,
277,
323,
325,
],
'javascript-test-sources:src/ecmascript6/Ghost/core/test/functional/client/settings_test.js':[
54,
],
'javascript-test-sources:src/ecmascript6/Ghost/core/test/functional/client/team_test.js':[
50,
65,
82,
89,
247,
257,
],
'javascript-test-sources:src/ecmascript6/Ghost/core/test/integration/api/advanced_browse_spec.js':[
335,
339,
343,
347,
351,
355,
387,
391,
395,
399,
403,
407,
446,
450,
454,
486,
490,
494,
],
'javascript-test-sources:src/ecmascript6/Ghost/core/test/integration/api/api_settings_spec.js':[
60,
74,
88,
],
'javascript-test-sources:src/ecmascript6/Ghost/core/test/integration/import_spec.js':[
110,
],
'javascript-test-sources:src/ecmascript6/Ghost/core/test/integration/model/model_posts_spec.js':[
583,
584,
585,
697,
],
'javascript-test-sources:src/ecmascript6/Ghost/core/test/unit/importer_spec.js':[
610,
],
'javascript-test-sources:src/ecmascript6/Ghost/core/test/unit/rss_spec.js':[
35,
35,
],
'javascript-test-sources:src/ecmascript6/Ghost/core/test/unit/server_helpers/next_post_spec.js':[
27,
68,
98,
124,
],
'javascript-test-sources:src/ecmascript6/Ghost/core/test/unit/server_helpers/prev_post_spec.js':[
27,
69,
100,
126,
],
'javascript-test-sources:src/ecmascript6/Ghost/core/test/unit/storage_local-file-store_spec.js':[
166,
],
'javascript-test-sources:src/ecmascript6/Ghost/core/test/utils/configUtils.js':[
20,
],
'javascript-test-sources:src/ecmascript6/Ghost/core/test/utils/fork.js':[
25,
],
'javascript-test-sources:src/ecmascript6/Ghost/core/test/utils/index.js':[
354,
459,
459,
547,
],
'javascript-test-sources:src/ecmascript6/Ghost/core/test/utils/jscs-rules/disallow-object-controller.js':[
12,
27,
],
'javascript-test-sources:src/ecmascript6/http/gulpfile.js':[
59,
60,
61,
62,
],
'javascript-test-sources:src/ecmascript6/http/lib/gulp/karma/index.js':[
34,
],
'javascript-test-sources:src/ecmascript6/http/src/IInterceptResolution.js':[
23,
],
'javascript-test-sources:src/ecmascript6/reddit-mobile/assets/js/client.es6.js':[
103,
107,
108,
110,
179,
324,
338,
338,
353,
414,
],
'javascript-test-sources:src/ecmascript6/reddit-mobile/index.js':[
122,
163,
163,
],
'javascript-test-sources:src/ecmascript6/reddit-mobile/src/config.es6.js':[
22,
23,
27,
],
'javascript-test-sources:src/ecmascript6/reddit-mobile/src/lib/errorLog.es6.js':[
35,
],
'javascript-test-sources:src/ecmascript6/reddit-mobile/src/lib/formatDifference.es6.js':[
25,
],
'javascript-test-sources:src/ecmascript6/reddit-mobile/src/server/config.es6.js':[
44,
],
'javascript-test-sources:src/ecmascript6/reddit-mobile/src/server/oauth.es6.js':[
218,
294,
433,
460,
468,
500,
],
'javascript-test-sources:src/ecmascript6/reddit-mobile/src/server/routes.es6.js':[
81,
113,
],
'javascript-test-sources:src/ecmascript6/redux/examples/async/containers/App.js':[
59,
62,
],
'javascript-test-sources:src/ecmascript6/redux/examples/buildAll.js':[
27,
32,
],
'javascript-test-sources:src/ecmascript6/redux/examples/real-world/components/Explore.js':[
30,
],
'javascript-test-sources:src/ecmascript6/redux/examples/real-world/components/List.js':[
21,
],
'javascript-test-sources:src/ecmascript6/redux/examples/real-world/containers/Root.js':[
1,
],
'javascript-test-sources:src/ecmascript6/redux/examples/real-world/middleware/api.js':[
25,
],
'javascript-test-sources:src/ecmascript6/redux/examples/real-world/reducers/index.js':[
20,
],
'javascript-test-sources:src/ecmascript6/redux/examples/real-world/store/configureStore.js':[
1,
],
'javascript-test-sources:src/ecmascript6/redux/examples/shopping-cart/index.js':[
11,
],
'javascript-test-sources:src/ecmascript6/redux/examples/testAll.js':[
27,
32,
],
'javascript-test-sources:src/ecmascript6/redux/examples/todomvc/components/Footer.js':[
14,
],
'javascript-test-sources:src/ecmascript6/redux/examples/todomvc/components/Header.js':[
6,
],
'javascript-test-sources:src/ecmascript6/redux/examples/todomvc/components/TodoItem.js':[
18,
],
'javascript-test-sources:src/ecmascript6/redux/examples/todomvc/components/TodoTextInput.js':[
14,
],
'javascript-test-sources:src/ecmascript6/redux/examples/todomvc/reducers/todos.js':[
25,
30,
37,
],
'javascript-test-sources:src/ecmascript6/redux/examples/todomvc/test/components/Footer.spec.js':[
65,
],
'javascript-test-sources:src/ecmascript6/redux/examples/todos-with-undo/containers/App.js':[
60,
61,
],
'javascript-test-sources:src/ecmascript6/redux/src/utils/bindActionCreators.js':[
33,
33,
35,
],
'javascript-test-sources:src/ecmascript6/redux/src/utils/combineReducers.js':[
20,
128,
],
'javascript-test-sources:src/ecmascript6/redux/src/utils/isPlainObject.js':[
15,
],
'javascript-test-sources:src/ecmascript6/redux/test/createStore.spec.js':[
319,
323,
330,
],
'javascript-test-sources:src/ecmascript6/redux/test/utils/combineReducers.spec.js':[
10,
12,
],
'javascript-test-sources:src/ecmascript6/router/src/activation.js':[
151,
151,
],
'javascript-test-sources:src/ecmascript6/router/src/history.js':[
72,
96,
164,
185,
185,
],
'javascript-test-sources:src/ecmascript6/router/src/navigationContext.js':[
32,
],
'javascript-test-sources:src/ecmascript6/router/src/navigationPlan.js':[
36,
],
'javascript-test-sources:src/ecmascript6/router/src/router.js':[
156,
],
'javascript-test-sources:src/ecmascript6/router/src/util.js':[
42,
44,
45,
],
'javascript-test-sources:src/ecmascript6/router/third_party/brick/brick-1.0.1.byob.js':[
30,
37,
47,
103,
186,
337,
340,
340,
366,
468,
501,
561,
591,
596,
637,
656,
764,
767,
777,
852,
899,
1027,
1505,
1524,
1524,
1579,
1594,
1637,
1637,
1862,
1871,
1996,
2016,
2019,
2022,
2098,
2101,
2199,
2254,
2260,
2260,
2555,
2562,
2622,
2646,
2914,
3424,
3432,
3444,
3651,
3651,
3756,
3805,
3823,
3995,
4010,
4010,
],
'javascript-test-sources:src/ecmascript6/router/third_party/route-recognizer.js':[
11,
91,
106,
192,
194,
453,
483,
491,
494,
518,
545,
],
'javascript-test-sources:src/ecmascript6/snoode/src/endpoints/v1.es6.js':[
35,
62,
82,
127,
171,
232,
264,
587,
774,
796,
882,
920,
1026,
1036,
1038,
1067,
1215,
1273,
1287,
1289,
],
'javascript-test-sources:src/ecmascript6/snoode/src/models/base.es6.js':[
88,
],
'javascript-test-sources:src/ecmascript6/snoode/src/models/link.es6.js':[
89,
90,
91,
],
'javascript-test-sources:src/ecmascript6/snoode/src/models/report.es6.js':[
12,
29,
],
'javascript-test-sources:src/ecmascript6/sonar-web/src/main/js/api/components.js':[
43,
],
'javascript-test-sources:src/ecmascript6/sonar-web/src/main/js/apps/api-documentation/app.js':[
22,
],
'javascript-test-sources:src/ecmascript6/sonar-web/src/main/js/apps/api-documentation/controller.js':[
36,
],
'javascript-test-sources:src/ecmascript6/sonar-web/src/main/js/apps/background-tasks/main.js':[
63,
66,
69,
106,
],
'javascript-test-sources:src/ecmascript6/sonar-web/src/main/js/apps/background-tasks/search.js':[
46,
77,
],
'javascript-test-sources:src/ecmascript6/sonar-web/src/main/js/apps/background-tasks/tasks.js':[
86,
],
'javascript-test-sources:src/ecmascript6/sonar-web/src/main/js/apps/coding-rules/bulk-change-modal-view.js':[
76,
],
'javascript-test-sources:src/ecmascript6/sonar-web/src/main/js/apps/coding-rules/controller.js':[
73,
],
'javascript-test-sources:src/ecmascript6/sonar-web/src/main/js/apps/coding-rules/facets/quality-profile-facet.js':[
20,
60,
60,
],
'javascript-test-sources:src/ecmascript6/sonar-web/src/main/js/apps/coding-rules/models/rule.js':[
10,
],
'javascript-test-sources:src/ecmascript6/sonar-web/src/main/js/apps/coding-rules/rule/custom-rule-creation-view.js':[
154,
],
'javascript-test-sources:src/ecmascript6/sonar-web/src/main/js/apps/coding-rules/rule/manual-rule-creation-view.js':[
100,
],
'javascript-test-sources:src/ecmascript6/sonar-web/src/main/js/apps/coding-rules/rule/rule-profile-view.js':[
97,
],
'javascript-test-sources:src/ecmascript6/sonar-web/src/main/js/apps/custom-measures/custom-measure.js':[
13,
20,
27,
],
'javascript-test-sources:src/ecmascript6/sonar-web/src/main/js/apps/custom-measures/form-view.js':[
37,
],
'javascript-test-sources:src/ecmascript6/sonar-web/src/main/js/apps/dashboard/app.js':[
82,
93,
],
'javascript-test-sources:src/ecmascript6/sonar-web/src/main/js/apps/groups/group.js':[
11,
18,
26,
],
'javascript-test-sources:src/ecmascript6/sonar-web/src/main/js/apps/issues/controller.js':[
65,
83,
106,
],
'javascript-test-sources:src/ecmascript6/sonar-web/src/main/js/apps/issues/facets/action-plan-facet.js':[
12,
],
'javascript-test-sources:src/ecmascript6/sonar-web/src/main/js/apps/issues/facets/assignee-facet.js':[
27,
90,
],
'javascript-test-sources:src/ecmascript6/sonar-web/src/main/js/apps/issues/facets/creation-date-facet.js':[
52,
],
'javascript-test-sources:src/ecmascript6/sonar-web/src/main/js/apps/issues/facets/project-facet.js':[
8,
8,
17,
17,
],
'javascript-test-sources:src/ecmascript6/sonar-web/src/main/js/apps/issues/facets/resolution-facet.js':[
12,
],
'javascript-test-sources:src/ecmascript6/sonar-web/src/main/js/apps/issues/helpers/format-facet-value.js':[
5,
],
'javascript-test-sources:src/ecmascript6/sonar-web/src/main/js/apps/issues/models/issues.js':[
43,
],
'javascript-test-sources:src/ecmascript6/sonar-web/src/main/js/apps/maintenance/main-view.js':[
30,
30,
33,
55,
],
'javascript-test-sources:src/ecmascript6/sonar-web/src/main/js/apps/metrics/create-view.js':[
23,
],
'javascript-test-sources:src/ecmascript6/sonar-web/src/main/js/apps/metrics/form-view.js':[
25,
],
'javascript-test-sources:src/ecmascript6/sonar-web/src/main/js/apps/metrics/metric.js':[
13,
20,
27,
],
'javascript-test-sources:src/ecmascript6/sonar-web/src/main/js/apps/overview/components/domain-timeline.js':[
16,
],
'javascript-test-sources:src/ecmascript6/sonar-web/src/main/js/apps/overview/components/timeline-chart.js':[
44,
46,
],
'javascript-test-sources:src/ecmascript6/sonar-web/src/main/js/apps/overview/domains/size-domain.js':[
72,
],
'javascript-test-sources:src/ecmascript6/sonar-web/src/main/js/apps/overview/gate/gate-condition.js':[
22,
],
'javascript-test-sources:src/ecmascript6/sonar-web/src/main/js/apps/overview/gate/gate-conditions.js':[
12,
],
'javascript-test-sources:src/ecmascript6/sonar-web/src/main/js/apps/overview/gate/gate.js':[
10,
],
'javascript-test-sources:src/ecmascript6/sonar-web/src/main/js/apps/overview/helpers/metrics.js':[
2,
10,
10,
14,
29,
31,
],
'javascript-test-sources:src/ecmascript6/sonar-web/src/main/js/apps/overview/helpers/periods.js':[
10,
],
'javascript-test-sources:src/ecmascript6/sonar-web/src/main/js/apps/permission-templates/permission-template-defaults.js':[
32,
35,
],
'javascript-test-sources:src/ecmascript6/sonar-web/src/main/js/apps/permission-templates/permission-template-set-defaults.js':[
57,
61,
],
'javascript-test-sources:src/ecmascript6/sonar-web/src/main/js/apps/projects/app.js':[
10,
],
'javascript-test-sources:src/ecmascript6/sonar-web/src/main/js/apps/projects/create-view.js':[
40,
],
'javascript-test-sources:src/ecmascript6/sonar-web/src/main/js/apps/projects/main.js':[
39,
],
'javascript-test-sources:src/ecmascript6/sonar-web/src/main/js/apps/projects/projects.js':[
23,
],
'javascript-test-sources:src/ecmascript6/sonar-web/src/main/js/apps/projects/search.js':[
63,
],
'javascript-test-sources:src/ecmascript6/sonar-web/src/main/js/apps/quality-gates/condition.js':[
28,
32,
36,
40,
],
'javascript-test-sources:src/ecmascript6/sonar-web/src/main/js/apps/quality-gates/gate-condition-view.js':[
85,
],
'javascript-test-sources:src/ecmascript6/sonar-web/src/main/js/apps/quality-gates/gate.js':[
30,
33,
],
'javascript-test-sources:src/ecmascript6/sonar-web/src/main/js/apps/quality-profiles/app.js':[
14,
],
'javascript-test-sources:src/ecmascript6/sonar-web/src/main/js/apps/quality-profiles/create-profile-view.js':[
70,
],
'javascript-test-sources:src/ecmascript6/sonar-web/src/main/js/apps/quality-profiles/profile-details-view.js':[
35,
39,
139,
],
'javascript-test-sources:src/ecmascript6/sonar-web/src/main/js/apps/system/item-log-level.js':[
22,
],
'javascript-test-sources:src/ecmascript6/sonar-web/src/main/js/apps/system/item-value.js':[
8,
],
'javascript-test-sources:src/ecmascript6/sonar-web/src/main/js/apps/update-center/plugin.js':[
14,
],
'javascript-test-sources:src/ecmascript6/sonar-web/src/main/js/apps/update-center/plugins.js':[
38,
193,
196,
],
'javascript-test-sources:src/ecmascript6/sonar-web/src/main/js/apps/users/user.js':[
35,
42,
49,
],
'javascript-test-sources:src/ecmascript6/sonar-web/src/main/js/components/common/modal-form.js':[
28,
],
'javascript-test-sources:src/ecmascript6/sonar-web/src/main/js/components/common/modals.js':[
56,
],
'javascript-test-sources:src/ecmascript6/sonar-web/src/main/js/components/common/select-list.js':[
280,
],
'javascript-test-sources:src/ecmascript6/sonar-web/src/main/js/components/issue/collections/issues.js':[
43,
],
'javascript-test-sources:src/ecmascript6/sonar-web/src/main/js/components/issue/issue-view.js':[
252,
252,
],
'javascript-test-sources:src/ecmascript6/sonar-web/src/main/js/components/issue/models/issue.js':[
71,
94,
104,
],
'javascript-test-sources:src/ecmascript6/sonar-web/src/main/js/components/issue/views/assign-form-view.js':[
71,
74,
77,
80,
],
'javascript-test-sources:src/ecmascript6/sonar-web/src/main/js/components/issue/views/comment-form-view.js':[
33,
41,
],
'javascript-test-sources:src/ecmascript6/sonar-web/src/main/js/components/issue/views/tags-form-view.js':[
57,
65,
65,
134,
137,
140,
143,
],
'javascript-test-sources:src/ecmascript6/sonar-web/src/main/js/components/navigator/controller.js':[
28,
36,
51,
],
'javascript-test-sources:src/ecmascript6/sonar-web/src/main/js/components/navigator/filters/ajax-select-filters.js':[
112,
112,
112,
112,
148,
187,
224,
244,
277,
288,
],
'javascript-test-sources:src/ecmascript6/sonar-web/src/main/js/components/navigator/filters/choice-filters.js':[
30,
34,
43,
46,
69,
184,
187,
261,
278,
361,
],
'javascript-test-sources:src/ecmascript6/sonar-web/src/main/js/components/navigator/filters/filter-bar.js':[
46,
46,
166,
],
'javascript-test-sources:src/ecmascript6/sonar-web/src/main/js/components/navigator/filters/metric-filters.js':[
17,
34,
38,
58,
61,
94,
150,
150,
],
'javascript-test-sources:src/ecmascript6/sonar-web/src/main/js/components/navigator/workspace-header-view.js':[
48,
],
'javascript-test-sources:src/ecmascript6/sonar-web/src/main/js/components/source-viewer/helpers/code-with-issue-locations-helper.js':[
41,
45,
74,
],
'javascript-test-sources:src/ecmascript6/sonar-web/src/main/js/components/source-viewer/main.js':[
148,
167,
167,
181,
181,
193,
193,
209,
213,
235,
345,
427,
448,
452,
610,
610,
],
'javascript-test-sources:src/ecmascript6/sonar-web/src/main/js/components/source-viewer/measures-overlay.js':[
48,
173,
182,
192,
],
'javascript-test-sources:src/ecmascript6/sonar-web/src/main/js/components/source-viewer/source.js':[
49,
],
'javascript-test-sources:src/ecmascript6/sonar-web/src/main/js/components/workspace/models/item.js':[
9,
12,
18,
22,
],
'javascript-test-sources:src/ecmascript6/sonar-web/src/main/js/helpers/handlebars-helpers.js':[
243,
265,
270,
314,
314,
412,
438,
495,
495,
563,
587,
],
'javascript-test-sources:src/ecmascript6/sonar-web/src/main/js/helpers/measures.js':[
132,
142,
154,
185,
189,
193,
193,
234,
249,
263,
271,
],
'javascript-test-sources:src/ecmascript6/sonar-web/src/main/js/helpers/request.js':[
51,
],
'javascript-test-sources:src/ecmascript6/sonar-web/src/main/js/libs/application.js':[
25,
98,
],
'javascript-test-sources:src/ecmascript6/sonar-web/src/main/js/libs/graphics/pie-chart.js':[
38,
],
'javascript-test-sources:src/ecmascript6/sonar-web/src/main/js/libs/inputs.js':[
9,
30,
30,
],
'javascript-test-sources:src/ecmascript6/sonar-web/src/main/js/libs/translate.js':[
53,
59,
74,
82,
],
'javascript-test-sources:src/ecmascript6/sonar-web/src/main/js/main/nav/app.js':[
22,
26,
],
'javascript-test-sources:src/ecmascript6/sonar-web/src/main/js/main/nav/component/component-nav.js':[
24,
],
'javascript-test-sources:src/ecmascript6/sonar-web/src/main/js/main/nav/dashboard-name-mixin.js':[
5,
],
'javascript-test-sources:src/ecmascript6/sonar-web/src/main/js/main/nav/global/global-nav.js':[
19,
19,
19,
21,
],
'javascript-test-sources:src/ecmascript6/sonar-web/src/main/js/main/nav/global/search-view.js':[
86,
90,
94,
99,
145,
149,
155,
175,
],
'javascript-test-sources:src/ecmascript6/sonar-web/src/main/js/main/processes.js':[
26,
34,
],
'javascript-test-sources:src/ecmascript6/sonar-web/src/main/js/widgets/issue-filter/widget.js':[
29,
38,
64,
64,
76,
114,
152,
181,
207,
220,
232,
271,
338,
346,
],
'javascript-test-sources:src/ecmascript6/sonar-web/src/main/js/widgets/old/bubble-chart.js':[
78,
80,
373,
373,
376,
376,
],
'javascript-test-sources:src/ecmascript6/sonar-web/src/main/js/widgets/old/histogram.js':[
88,
],
'javascript-test-sources:src/ecmascript6/sonar-web/src/main/js/widgets/old/pie-chart.js':[
219,
],
'javascript-test-sources:src/ecmascript6/sonar-web/src/main/js/widgets/old/stack-area.js':[
10,
],
'javascript-test-sources:src/ecmascript6/sonar-web/src/main/js/widgets/old/tag-cloud.js':[
66,
],
'javascript-test-sources:src/ecmascript6/sonar-web/src/main/js/widgets/old/timeline.js':[
10,
],
'javascript-test-sources:src/ecmascript6/sonar-web/src/main/js/widgets/old/treemap.js':[
63,
63,
213,
216,
224,
],
'javascript-test-sources:src/ecmascript6/sonar-web/src/main/js/widgets/old/word-cloud.js':[
30,
66,
],
'javascript-test-sources:src/ecmascript6/sonar-web/test/helpers/test-page.js':[
15,
61,
80,
],
'javascript-test-sources:src/ecmascript6/templating/src/lib/types.js':[
78,
],
'javascript-test-sources:src/ecmascript6/templating/test/example/tab.spec.js':[
61,
83,
],
'javascript-test-sources:src/ecmascript6/watchtower.js/gulpfile.js':[
44,
45,
46,
47,
],
'javascript-test-sources:src/ecmascript6/watchtower.js/src/dirty_checking.js':[
39,
50,
92,
97,
101,
106,
125,
218,
219,
220,
227,
237,
247,
268,
268,
284,
303,
312,
324,
333,
342,
354,
355,
370,
380,
381,
391,
403,
420,
426,
442,
456,
496,
506,
516,
545,
559,
559,
586,
594,
613,
614,
615,
627,
631,
646,
650,
657,
664,
705,
721,
741,
747,
769,
788,
796,
802,
829,
835,
847,
864,
885,
893,
901,
909,
948,
954,
964,
982,
983,
1000,
1006,
1019,
],
'javascript-test-sources:src/ecmascript6/watchtower.js/src/linked_list.js':[
22,
33,
40,
42,
59,
70,
76,
78,
88,
99,
106,
108,
122,
133,
140,
142,
164,
165,
171,
184,
185,
189,
190,
],
'javascript-test-sources:src/ecmascript6/watchtower.js/src/watch_record.js':[
53,
83,
90,
169,
204,
242,
328,
],
'javascript-test-sources:src/ecmascript6/watchtower.js/test/matchers.js':[
107,
],
'javascript-test-sources:src/ecmascript6/watchtower.js/test/watchgroup.spec.js':[
720,
900,
],
'javascript-test-sources:src/file-for-rules/S1697.js':[
1,
1,
],
}
