{
'underscore:docs/main.js':[
30,
],
'underscore:test/arrays.js':[
341,
470,
485,
501,
513,
528,
544,
],
'underscore:test/collections.js':[
123,
130,
139,
230,
246,
267,
289,
902,
],
'underscore:test/functions.js':[
19,
19,
],
'underscore:test/objects.js':[
205,
205,
244,
244,
279,
807,
1068,
1082,
1086,
1097,
],
'underscore:underscore.js':[
69,
93,
246,
246,
354,
379,
429,
430,
848,
856,
868,
1086,
1194,
1237,
1282,
1304,
1310,
1316,
1328,
1361,
1361,
1361,
1366,
1371,
1506,
1654,
1654,
1654,
],
}
