{
'underscore:test/functions.js':[
44,
78,
],
'underscore:test/objects.js':[
697,
700,
703,
707,
721,
724,
727,
730,
744,
747,
750,
753,
767,
770,
773,
776,
],
'underscore:test/utility.js':[
56,
],
}
