{
'ag-grid:src/ts/componentProvider.ts':[
199,
],
'ag-grid:src/ts/context/context.ts':[
86,
296,
],
}
