{
'knockout:spec/asyncBehaviors.js':[
121,
145,
166,
186,
202,
224,
254,
],
'knockout:spec/bindingDependencyBehaviors.js':[
5,
26,
41,
57,
],
'knockout:spec/crossWindowBehaviors.js':[
27,
],
'knockout:spec/defaultBindings/checkedBehaviors.js':[
25,
36,
45,
73,
84,
94,
187,
197,
465,
],
'knockout:spec/defaultBindings/cssBehaviors.js':[
6,
7,
19,
29,
41,
58,
94,
110,
111,
],
'knockout:spec/defaultBindings/enableDisableBehaviors.js':[
5,
15,
25,
32,
],
'knockout:spec/defaultBindings/ifBehaviors.js':[
12,
14,
],
'knockout:spec/defaultBindings/ifnotBehaviors.js':[
12,
14,
],
'knockout:spec/defaultBindings/optionsBehaviors.js':[
13,
20,
31,
41,
52,
62,
72,
80,
90,
132,
163,
],
'knockout:spec/defaultBindings/selectedOptionsBehaviors.js':[
14,
15,
34,
35,
59,
84,
99,
138,
158,
183,
203,
],
'knockout:spec/defaultBindings/styleBehaviors.js':[
5,
17,
],
'knockout:spec/defaultBindings/textInputBehaviors.js':[
29,
38,
47,
191,
211,
275,
287,
303,
],
'knockout:spec/defaultBindings/valueBehaviors.js':[
29,
38,
47,
172,
192,
202,
213,
227,
245,
267,
318,
330,
342,
371,
394,
417,
456,
473,
486,
501,
513,
791,
809,
],
'knockout:spec/defaultBindings/visibleHiddenBehaviors.js':[
5,
15,
22,
32,
],
'knockout:spec/dependentObservableBehaviors.js':[
147,
176,
177,
205,
215,
229,
241,
250,
260,
281,
540,
541,
],
'knockout:spec/extenderBehaviors.js':[
8,
19,
],
'knockout:spec/lib/jasmine-1.2.0/jasmine-tap.js':[
6,
],
'knockout:spec/lib/jasmine-1.2.0/jasmine.js':[
2201,
2202,
],
'knockout:spec/nativeTemplateEngineBehaviors.js':[
79,
86,
],
'knockout:spec/observableArrayBehaviors.js':[
4,
37,
47,
48,
49,
],
'knockout:spec/observableBehaviors.js':[
4,
9,
34,
47,
54,
55,
73,
79,
86,
91,
96,
108,
120,
138,
153,
175,
191,
199,
210,
218,
233,
270,
293,
],
'knockout:spec/pureComputedBehaviors.js':[
85,
],
'knockout:spec/subscribableBehaviors.js':[
4,
17,
25,
38,
47,
61,
73,
82,
90,
111,
133,
148,
],
'knockout:spec/templatingBehaviors.js':[
28,
57,
83,
88,
131,
147,
165,
178,
342,
630,
646,
719,
728,
743,
752,
753,
774,
790,
800,
813,
827,
836,
848,
857,
971,
],
'knockout:src/binding/bindingAttributeSyntax.js':[
135,
142,
157,
215,
548,
],
'knockout:src/binding/bindingProvider.js':[
55,
],
'knockout:src/components/customElements.js':[
38,
],
'knockout:src/components/defaultLoader.js':[
140,
],
'knockout:src/components/loaderRegistry.js':[
41,
],
'knockout:src/subscribables/observableUtils.js':[
16,
],
'knockout:src/subscribables/subscribable.js':[
59,
],
'knockout:src/templating/jquery.tmpl/jqueryTmplTemplateEngine.js':[
75,
79,
],
'knockout:src/templating/native/nativeTemplateEngine.js':[
5,
20,
],
'knockout:src/templating/templateEngine.js':[
45,
48,
],
'knockout:src/templating/templateSources.js':[
119,
],
'knockout:src/templating/templating.js':[
151,
276,
282,
],
}
