{
'knockout:Gruntfile.js':[
131,
133,
144,
],
'knockout:spec/asyncBehaviors.js':[
1356,
1383,
],
'knockout:spec/bindingAttributeBehaviors.js':[
254,
411,
579,
587,
],
'knockout:spec/components/componentBindingBehaviors.js':[
363,
],
'knockout:spec/components/customElementBehaviors.js':[
68,
133,
311,
],
'knockout:spec/defaultBindings/foreachBehaviors.js':[
233,
233,
273,
658,
],
'knockout:spec/defaultBindings/selectedOptionsBehaviors.js':[
46,
72,
],
'knockout:spec/defaultBindings/textBehaviors.js':[
64,
],
'knockout:spec/defaultBindings/textInputBehaviors.js':[
203,
],
'knockout:spec/lib/innershiv.js':[
22,
],
'knockout:spec/lib/jasmine-1.2.0/jasmine-html.js':[
120,
256,
272,
287,
299,
539,
615,
],
'knockout:spec/lib/jasmine-1.2.0/jasmine-tap.js':[
76,
78,
],
'knockout:spec/lib/jasmine-1.2.0/jasmine.js':[
162,
881,
907,
907,
922,
922,
1283,
1363,
1461,
1467,
1528,
1528,
1853,
1893,
],
'knockout:spec/lib/jasmine.extensions.js':[
80,
],
'knockout:spec/lib/json2.js':[
293,
420,
],
'knockout:spec/nodePreprocessingBehaviors.js':[
23,
45,
75,
84,
110,
110,
],
'knockout:spec/observableUtilsBehaviors.js':[
6,
26,
],
'knockout:spec/parseHtmlFragment.js':[
72,
],
'knockout:spec/runner.phantom.js':[
83,
89,
],
'knockout:spec/utilsBehaviors.js':[
133,
137,
],
'knockout:spec/utilsDomBehaviors.js':[
113,
],
'knockout:src/binding/bindingAttributeSyntax.js':[
93,
233,
339,
369,
497,
509,
552,
563,
563,
578,
578,
588,
588,
],
'knockout:src/binding/defaultBindings/attr.js':[
15,
15,
15,
40,
],
'knockout:src/binding/defaultBindings/checked.js':[
62,
82,
],
'knockout:src/binding/defaultBindings/css.js':[
14,
],
'knockout:src/binding/defaultBindings/event.js':[
34,
42,
],
'knockout:src/binding/defaultBindings/hasfocus.js':[
45,
],
'knockout:src/binding/defaultBindings/ifIfnotWith.js':[
24,
],
'knockout:src/binding/defaultBindings/options.js':[
4,
45,
45,
52,
52,
81,
124,
],
'knockout:src/binding/defaultBindings/style.js':[
7,
7,
7,
],
'knockout:src/binding/defaultBindings/submit.js':[
10,
],
'knockout:src/binding/defaultBindings/textInput.js':[
89,
89,
93,
132,
160,
177,
],
'knockout:src/binding/defaultBindings/value.js':[
77,
77,
77,
88,
95,
96,
111,
],
'knockout:src/binding/editDetection/arrayToDomNodeChildren.js':[
68,
107,
139,
],
'knockout:src/binding/editDetection/compareArrays.js':[
71,
76,
],
'knockout:src/binding/expressionRewriting.js':[
13,
51,
64,
72,
78,
78,
78,
81,
93,
93,
93,
95,
95,
95,
98,
98,
],
'knockout:src/binding/selectExtensions.js':[
11,
43,
43,
49,
49,
54,
56,
67,
67,
],
'knockout:src/components/componentBinding.js':[
47,
],
'knockout:src/components/customElements.js':[
16,
],
'knockout:src/components/defaultLoader.js':[
182,
190,
],
'knockout:src/components/loaderRegistry.js':[
103,
],
'knockout:src/memoization.js':[
35,
],
'knockout:src/subscribables/dependentObservable.js':[
121,
167,
175,
],
'knockout:src/subscribables/extenders.js':[
43,
78,
],
'knockout:src/subscribables/mappingHelpers.js':[
27,
27,
47,
],
'knockout:src/subscribables/observableArray.changeTracking.js':[
28,
37,
140,
],
'knockout:src/subscribables/observableArray.js':[
39,
69,
],
'knockout:src/subscribables/subscribable.js':[
38,
40,
77,
81,
123,
170,
],
'knockout:src/templating/templateEngine.js':[
60,
],
'knockout:src/templating/templateSources.js':[
42,
43,
45,
51,
52,
88,
89,
104,
124,
],
'knockout:src/templating/templating.js':[
61,
61,
65,
65,
213,
233,
233,
],
'knockout:src/utils.domData.js':[
31,
58,
],
'knockout:src/utils.domManipulation.js':[
86,
114,
114,
],
'knockout:src/utils.domNodeDisposal.js':[
9,
44,
],
'knockout:src/utils.js':[
62,
135,
279,
313,
313,
329,
332,
445,
445,
525,
560,
],
'knockout:src/virtualElements.js':[
13,
200,
],
}
