{
'prettier-vscode:src/PrettierEditProvider.ts':[
75,
99,
117,
138,
146,
],
}
