{
'amplify:test/request/routes/echoraw-route.js':[
10,
],
}
