{
'amplify:demo/core/priority/demo.js':[
12,
],
'amplify:lib/amplify.core.js':[
36,
40,
],
'amplify:lib/amplify.js':[
36,
40,
202,
253,
330,
348,
361,
397,
423,
608,
790,
792,
794,
],
'amplify:lib/amplify.request.js':[
17,
202,
384,
386,
388,
],
'amplify:lib/amplify.store.js':[
86,
137,
214,
232,
245,
281,
],
'amplify:src/core.js':[
27,
31,
],
'amplify:src/request.js':[
8,
193,
375,
377,
379,
],
'amplify:src/store.js':[
77,
128,
205,
223,
236,
272,
],
'amplify:test/request/routes/echoraw-route.js':[
30,
],
'amplify:test/request/routes/jsonp-route.js':[
22,
34,
],
'amplify:test/request/unit.js':[
501,
774,
],
}
