{
'prototype:src/prototype/ajax/request.js':[
186,
206,
237,
284,
],
'prototype:src/prototype/deprecated.js':[
239,
],
'prototype:src/prototype/dom/dom.js':[
98,
235,
770,
793,
793,
798,
798,
1002,
1184,
1187,
1275,
1290,
1470,
2203,
2203,
2205,
2269,
2520,
2520,
2654,
2660,
2661,
2686,
2714,
],
'prototype:src/prototype/dom/event.js':[
176,
176,
177,
177,
178,
383,
461,
632,
829,
1195,
1195,
],
'prototype:src/prototype/dom/form.js':[
143,
761,
],
'prototype:src/prototype/dom/layout.js':[
21,
27,
28,
59,
104,
115,
291,
330,
330,
339,
350,
363,
363,
430,
479,
933,
952,
987,
990,
991,
1039,
1058,
1094,
1134,
1182,
1280,
1422,
1437,
1459,
1507,
1511,
1515,
1519,
],
'prototype:src/prototype/lang/array.js':[
325,
364,
450,
],
'prototype:src/prototype/lang/object.js':[
109,
180,
427,
448,
469,
490,
],
'prototype:src/prototype/lang/string.js':[
42,
347,
841,
],
'prototype:test/unit/phantomjs/core-extensions.js':[
57,
],
'prototype:test/unit/phantomjs/mocha-phantomjs.js':[
127,
165,
247,
],
'prototype:test/unit/static/js/assertions.js':[
126,
262,
273,
306,
317,
],
'prototype:test/unit/static/js/mocha.js':[
255,
256,
256,
256,
1600,
2692,
4103,
4678,
5086,
],
'prototype:test/unit/static/js/proclaim.js':[
336,
341,
346,
382,
497,
],
'prototype:test/unit/static/js/test_helpers.js':[
219,
],
'prototype:test/unit/tests/array.test.js':[
294,
352,
],
'prototype:test/unit/tests/base.test.js':[
11,
20,
22,
22,
28,
31,
41,
],
'prototype:test/unit/tests/dom.test.js':[
461,
469,
1250,
1253,
],
'prototype:test/unit/tests/form.test.js':[
72,
234,
],
'prototype:test/unit/tests/layout.test.js':[
6,
],
'prototype:test/unit/tests/prototype.test.js':[
9,
20,
22,
22,
28,
31,
],
'prototype:test/unit/tests/selector.test.js':[
16,
],
}
