{
'prototype:src/prototype/ajax/periodical_updater.js':[
258,
],
'prototype:src/prototype/ajax/request.js':[
194,
290,
],
'prototype:src/prototype/dom/dom.js':[
2232,
],
'prototype:src/prototype/dom/event.js':[
1017,
],
'prototype:src/prototype/dom/form.js':[
426,
],
'prototype:src/prototype/dom/layout.js':[
717,
796,
1016,
1046,
1069,
1079,
1082,
1604,
],
'prototype:test/unit/static/js/mocha.js':[
924,
1002,
1123,
1263,
1358,
1358,
1598,
1599,
1930,
1964,
1965,
2360,
2422,
3835,
4062,
4091,
4120,
4833,
4853,
4873,
4893,
5366,
5372,
5373,
],
'prototype:test/unit/tests/ajax.test.js':[
81,
93,
108,
135,
143,
161,
171,
180,
208,
243,
263,
275,
290,
308,
321,
333,
342,
351,
372,
376,
382,
390,
402,
409,
419,
427,
435,
444,
452,
461,
471,
482,
509,
516,
523,
534,
],
'prototype:test/unit/tests/event_handler.test.js':[
7,
],
'prototype:test/unit/tests/form.test.js':[
25,
43,
76,
107,
],
'prototype:test/unit/tests/function.test.js':[
94,
],
}
