{
'TypeScript:src/compiler/parser.ts':[
13,
16,
19,
],
'TypeScript:src/harness/harness.ts':[
75,
],
'TypeScript:src/harness/unittests/convertToBase64.ts':[
7,
],
'TypeScript:src/server/server.ts':[
210,
694,
],
'TypeScript:src/services/textChanges.ts':[
556,
],
}
