{
'backbone:backbone.js':[
99,
99,
762,
861,
912,
1036,
1200,
1200,
1201,
1202,
1261,
1265,
1574,
1574,
1574,
1587,
1587,
1587,
1598,
1678,
1730,
1785,
1814,
1839,
1840,
1976,
1983,
1983,
],
'backbone:docs/js/jquery.lazyload.js':[
58,
62,
71,
145,
145,
157,
157,
169,
169,
181,
181,
],
'backbone:docs/search.js':[
25,
],
'backbone:examples/backbone.localStorage.js':[
137,
],
'backbone:test/collection.js':[
448,
449,
452,
454,
483,
484,
489,
500,
501,
512,
513,
738,
739,
923,
968,
969,
1504,
1712,
1729,
1744,
2008,
2020,
2032,
2048,
2061,
2075,
2089,
],
'backbone:test/events.js':[
355,
356,
699,
],
'backbone:test/model.js':[
941,
1430,
],
'backbone:test/router.js':[
142,
343,
],
'backbone:test/sync.js':[
220,
],
'backbone:test/vendor/jquery.js':[
227,
253,
357,
361,
388,
401,
418,
422,
443,
465,
589,
595,
605,
611,
646,
646,
646,
710,
974,
1002,
1006,
1136,
1198,
1201,
1321,
1722,
1738,
1804,
1880,
1889,
1937,
1937,
2045,
2079,
2130,
2140,
2178,
2224,
2238,
2280,
2280,
2280,
2293,
2304,
2316,
2324,
2334,
2367,
2421,
2421,
2421,
2425,
2442,
2475,
2475,
2481,
2514,
2534,
2547,
2562,
2612,
2649,
2649,
2720,
2792,
2795,
2809,
2810,
2838,
2838,
2911,
2945,
2954,
2955,
2961,
2961,
2961,
3003,
3009,
3014,
3014,
3062,
3154,
3254,
3410,
3410,
3412,
3445,
3445,
3518,
3524,
3560,
3565,
3820,
3841,
3890,
3890,
3900,
3907,
3917,
3952,
3960,
3960,
3994,
3994,
3994,
4005,
4005,
4024,
4030,
4032,
4121,
4127,
4164,
4183,
4191,
4191,
4192,
4247,
4272,
4280,
4281,
4282,
4282,
4283,
4284,
4285,
4286,
4286,
4293,
4298,
4298,
4305,
4316,
4327,
4332,
4341,
4431,
4435,
4442,
4442,
4452,
4468,
4468,
4484,
4485,
4501,
4501,
4501,
4748,
4755,
4769,
4770,
4788,
4995,
5030,
5118,
5122,
5123,
5250,
5256,
5256,
5322,
5448,
5505,
5511,
5519,
5584,
5593,
5593,
5594,
5606,
5625,
5630,
5635,
5646,
5729,
5778,
5778,
5786,
5786,
5825,
5845,
5874,
5891,
5978,
5993,
6039,
6069,
6087,
6102,
6117,
6122,
6122,
6126,
6151,
6151,
6193,
6193,
6244,
6244,
6290,
6341,
6587,
6605,
6612,
6618,
6631,
6631,
6679,
6708,
6708,
6786,
6886,
6896,
6908,
6912,
6918,
6927,
6932,
6940,
6952,
6954,
7003,
7003,
7040,
7056,
7083,
7143,
7143,
7143,
7268,
7381,
7755,
7771,
7863,
7863,
7865,
7910,
7922,
7941,
7951,
8030,
8102,
8105,
8116,
8123,
8127,
8139,
8182,
8189,
8451,
8467,
8505,
8525,
8737,
8826,
8835,
8836,
8840,
8866,
8867,
8982,
9042,
9058,
9145,
9292,
9300,
9300,
9369,
9408,
9418,
9418,
9431,
],
'backbone:test/vendor/json2.js':[
293,
420,
],
'backbone:test/vendor/qunit.js':[
28,
29,
108,
126,
188,
200,
314,
340,
361,
447,
497,
653,
653,
698,
770,
826,
945,
959,
962,
965,
1115,
1180,
1187,
1193,
1263,
1447,
1447,
1539,
1543,
1547,
1551,
1557,
1557,
1577,
1638,
1641,
1647,
1647,
1648,
1648,
1684,
1882,
1900,
1910,
1911,
1912,
1914,
1921,
1924,
1925,
1926,
1929,
2041,
2050,
2050,
2233,
2233,
2304,
2323,
2339,
2784,
2819,
2887,
2895,
2949,
2950,
3093,
3167,
3207,
3222,
3234,
3235,
3357,
3486,
3515,
3550,
3573,
3577,
3598,
3668,
3887,
3992,
3993,
4049,
4097,
],
'backbone:test/vendor/require.js':[
35,
42,
46,
233,
236,
237,
237,
502,
507,
863,
879,
883,
1002,
1156,
1218,
1247,
1264,
1433,
1433,
1437,
1516,
1525,
1614,
1618,
1909,
1914,
2011,
],
'backbone:test/vendor/underscore.js':[
64,
108,
218,
218,
314,
339,
356,
386,
387,
712,
730,
787,
794,
806,
1098,
1129,
1174,
1196,
1202,
1208,
1220,
1247,
1252,
1252,
1252,
1257,
1262,
1367,
1510,
1510,
1510,
],
'backbone:test/view.js':[
40,
],
}
