{
'backbone:backbone.js':[
719,
1094,
1137,
],
'backbone:examples/todos/todos.js':[
42,
67,
199,
232,
],
'backbone:test/collection.js':[
8,
9,
10,
11,
13,
14,
39,
57,
68,
91,
92,
98,
118,
126,
154,
171,
172,
173,
174,
181,
196,
211,
212,
219,
220,
226,
232,
240,
253,
263,
268,
289,
295,
309,
313,
314,
315,
326,
377,
406,
413,
422,
423,
440,
441,
445,
446,
461,
471,
476,
495,
497,
498,
507,
509,
510,
519,
532,
542,
558,
572,
591,
613,
632,
647,
660,
671,
683,
696,
697,
723,
770,
771,
828,
839,
845,
846,
858,
868,
889,
896,
911,
931,
940,
945,
956,
957,
967,
975,
982,
983,
996,
997,
998,
999,
1008,
1009,
1025,
1050,
1069,
1070,
1078,
1089,
1098,
1107,
1115,
1138,
1144,
1170,
1192,
1202,
1203,
1211,
1212,
1213,
1214,
1265,
1266,
1267,
1285,
1300,
1301,
1316,
1322,
1336,
1337,
1346,
1358,
1359,
1360,
1361,
1382,
1387,
1397,
1408,
1412,
1425,
1453,
1465,
1479,
1498,
1518,
1524,
1534,
1548,
1559,
1612,
1651,
1660,
1673,
1681,
1682,
1698,
1712,
1712,
1715,
1729,
1729,
1735,
1744,
1744,
1751,
1764,
1767,
1779,
1782,
1785,
1800,
1808,
1809,
1810,
1811,
1821,
1822,
1823,
1824,
1834,
1835,
1836,
1837,
1847,
1857,
1866,
1867,
1868,
1869,
1878,
1879,
1880,
1881,
1890,
1891,
1892,
1893,
1902,
1911,
1918,
1925,
1932,
1939,
1945,
1966,
1972,
1981,
1989,
1990,
2001,
2002,
2003,
2016,
2017,
2027,
2028,
2029,
2040,
2041,
2042,
2043,
2055,
2056,
2057,
2058,
2069,
2070,
2071,
2072,
2082,
2083,
2084,
2085,
2086,
2098,
2099,
2109,
],
'backbone:test/model.js':[
12,
18,
32,
39,
50,
62,
75,
90,
104,
124,
138,
146,
156,
162,
174,
175,
183,
185,
187,
189,
190,
191,
215,
246,
258,
273,
306,
316,
326,
338,
361,
371,
381,
395,
399,
405,
418,
425,
442,
461,
464,
475,
481,
483,
485,
491,
508,
517,
531,
540,
551,
576,
590,
608,
627,
664,
674,
690,
705,
732,
748,
762,
774,
782,
804,
827,
854,
855,
870,
871,
885,
901,
914,
931,
938,
946,
954,
961,
967,
982,
995,
1002,
1009,
1019,
1027,
1036,
1050,
1058,
1068,
1078,
1084,
1101,
1112,
1139,
1164,
1175,
1189,
1200,
1209,
1222,
1230,
1238,
1254,
1265,
1276,
1289,
1301,
1302,
1316,
1323,
1333,
1349,
1356,
1368,
1375,
1386,
1405,
1408,
1411,
1422,
1433,
1446,
1452,
1462,
],
'backbone:test/router.js':[
48,
49,
383,
402,
407,
444,
454,
466,
475,
496,
516,
535,
547,
562,
581,
596,
619,
636,
660,
665,
671,
713,
721,
738,
751,
765,
781,
797,
813,
827,
843,
850,
859,
867,
876,
884,
892,
901,
909,
917,
925,
933,
943,
954,
965,
981,
982,
996,
1010,
1018,
1026,
1034,
1042,
1046,
1054,
1058,
1066,
1070,
],
'backbone:test/sync.js':[
17,
144,
154,
164,
171,
181,
195,
210,
229,
],
'backbone:test/vendor/jquery.js':[
6518,
],
'backbone:test/vendor/qunit.js':[
18,
2230,
2757,
],
'backbone:test/vendor/require.js':[
490,
],
'backbone:test/view.js':[
12,
35,
45,
61,
72,
82,
88,
96,
119,
133,
156,
165,
191,
205,
215,
225,
240,
251,
260,
268,
273,
278,
292,
293,
305,
306,
317,
331,
352,
356,
374,
385,
405,
418,
421,
434,
435,
436,
452,
468,
480,
496,
],
}
