{
'rxjs:spec/Notification-spec.ts':[
15,
],
'rxjs:spec/Observable-spec.ts':[
28,
38,
114,
145,
179,
205,
215,
232,
253,
274,
314,
337,
363,
364,
388,
410,
434,
522,
545,
567,
591,
704,
729,
],
'rxjs:spec/Subject-spec.ts':[
15,
28,
50,
103,
151,
199,
236,
279,
293,
405,
422,
439,
456,
467,
478,
516,
538,
],
'rxjs:spec/Subscriber-spec.ts':[
37,
53,
72,
92,
93,
110,
],
'rxjs:spec/Subscription-spec.ts':[
45,
84,
91,
98,
104,
116,
131,
142,
145,
152,
156,
],
'rxjs:spec/helpers/testScheduler-ui.ts':[
165,
180,
],
'rxjs:spec/observables/IteratorObservable-spec.ts':[
11,
16,
],
'rxjs:spec/observables/ScalarObservable-spec.ts':[
9,
14,
21,
22,
29,
34,
],
'rxjs:spec/observables/SubscribeOnObservable-spec.ts':[
17,
27,
33,
43,
53,
],
'rxjs:spec/observables/dom/ajax-spec.ts':[
369,
775,
],
'rxjs:spec/observables/generate-spec.ts':[
60,
],
'rxjs:spec/observables/range-spec.ts':[
81,
98,
],
'rxjs:spec/observables/throw-spec.ts':[
37,
],
'rxjs:spec/observables/using-spec.ts':[
11,
30,
47,
88,
],
'rxjs:spec/operators/bufferCount-spec.ts':[
41,
],
'rxjs:spec/operators/do-spec.ts':[
72,
],
'rxjs:spec/operators/elementAt-spec.ts':[
56,
116,
],
'rxjs:spec/operators/first-spec.ts':[
37,
51,
139,
],
'rxjs:spec/operators/groupBy-spec.ts':[
115,
],
'rxjs:spec/operators/last-spec.ts':[
29,
38,
],
'rxjs:spec/operators/multicast-spec.ts':[
20,
32,
47,
48,
49,
74,
91,
111,
131,
149,
159,
178,
198,
226,
252,
264,
276,
289,
306,
320,
348,
376,
406,
436,
459,
478,
501,
529,
539,
562,
581,
602,
624,
],
'rxjs:spec/operators/observeOn-spec.ts':[
93,
],
'rxjs:spec/operators/publish-spec.ts':[
231,
306,
],
'rxjs:spec/operators/publishBehavior-spec.ts':[
212,
287,
320,
],
'rxjs:spec/operators/publishLast-spec.ts':[
231,
],
'rxjs:spec/operators/publishReplay-spec.ts':[
231,
265,
301,
342,
],
'rxjs:spec/operators/refCount-spec.ts':[
46,
76,
96,
],
'rxjs:spec/operators/repeat-spec.ts':[
287,
],
'rxjs:spec/operators/retry-spec.ts':[
205,
],
'rxjs:spec/operators/sample-spec.ts':[
40,
],
'rxjs:spec/operators/share-spec.ts':[
28,
],
'rxjs:spec/operators/shareReplay-spec.ts':[
27,
],
'rxjs:spec/operators/single-spec.ts':[
28,
139,
],
'rxjs:spec/operators/skipUntil-spec.ts':[
229,
],
'rxjs:spec/operators/switch-spec.ts':[
229,
231,
249,
251,
],
'rxjs:spec/operators/take-spec.ts':[
148,
],
'rxjs:spec/operators/timeInterval-spec.ts':[
34,
35,
36,
37,
68,
69,
83,
84,
100,
101,
137,
138,
],
'rxjs:spec/operators/timeout-spec.ts':[
16,
],
'rxjs:spec/operators/timestamp-spec.ts':[
34,
35,
36,
37,
68,
69,
83,
84,
100,
101,
137,
138,
],
'rxjs:spec/schedulers/TestScheduler-spec.ts':[
100,
106,
116,
130,
],
'rxjs:spec/schedulers/VirtualTimeScheduler-spec.ts':[
15,
32,
50,
68,
85,
],
'rxjs:spec/subjects/AsyncSubject-spec.ts':[
25,
38,
50,
69,
83,
98,
116,
126,
145,
158,
177,
],
'rxjs:spec/subjects/BehaviorSubject-spec.ts':[
16,
21,
30,
38,
47,
61,
68,
81,
101,
120,
139,
163,
180,
],
'rxjs:spec/subjects/ReplaySubject-spec.ts':[
17,
22,
37,
56,
69,
85,
105,
129,
146,
202,
226,
244,
],
'rxjs:spec/util/FastMap-spec.ts':[
11,
23,
33,
43,
58,
65,
],
'rxjs:spec/util/Immediate-spec.ts':[
20,
39,
210,
231,
252,
273,
294,
586,
],
'rxjs:spec/util/MapPolyfill-spec.ts':[
11,
26,
37,
51,
58,
],
'rxjs:spec/util/Set-spec.ts':[
15,
26,
],
'rxjs:spec/util/subscribeToResult-spec.ts':[
12,
24,
38,
54,
65,
75,
87,
115,
124,
136,
150,
166,
],
}
