{
'jStorage:jstorage.js':[
124,
],
'jStorage:tests/tests.js':[
17,
23,
24,
35,
36,
37,
38,
43,
44,
86,
102,
115,
],
}
