{
'fireface:src/app-header/app-header.component.ts':[
13,
],
'fireface:src/avatar/avatar.component.ts':[
17,
],
}
