{
'p5.js:docs/preprocessor.js':[
7,
11,
12,
35,
50,
89,
89,
112,
158,
248,
255,
],
'p5.js:docs/yuidoc-p5-theme/assets/js/reference.js':[
242,
305,
317,
325,
349,
367,
386,
393,
397,
408,
857,
865,
1073,
1283,
1345,
1385,
1499,
1500,
1791,
1963,
1966,
2249,
2255,
2342,
2368,
2371,
2730,
2739,
2739,
2767,
2779,
2855,
2858,
2882,
2887,
2898,
2898,
2907,
2909,
2996,
2996,
3059,
3061,
3193,
3460,
3529,
3544,
3647,
3946,
3946,
3949,
4021,
4027,
4179,
4202,
4221,
4351,
4516,
4728,
4740,
4741,
4750,
4751,
4910,
4914,
4917,
4923,
4926,
4926,
4927,
],
'p5.js:docs/yuidoc-p5-theme/assets/js/render.js':[
13,
22,
40,
127,
159,
],
'p5.js:lib/addons/p5.sound.js':[
308,
368,
373,
417,
439,
484,
601,
624,
624,
1613,
1617,
1618,
1799,
1825,
1825,
1884,
1967,
1972,
2014,
2147,
2149,
2169,
2169,
2203,
2203,
2597,
2877,
2924,
3032,
3037,
3166,
3170,
3740,
3749,
3783,
3786,
3789,
3792,
3795,
3959,
3993,
4175,
4211,
4214,
4217,
4306,
4385,
4389,
4655,
4658,
4661,
4977,
5084,
5089,
5734,
5918,
5926,
5977,
6033,
6046,
6066,
6143,
6246,
6251,
6259,
6720,
6792,
6798,
6809,
6822,
6905,
6911,
6918,
6991,
7007,
7231,
7231,
7844,
8058,
8085,
8116,
8140,
8206,
8210,
8702,
8704,
9362,
9680,
10041,
10175,
10192,
10223,
10251,
10298,
10315,
10331,
10337,
10340,
10347,
10408,
10793,
11588,
11590,
12433,
12597,
12615,
12639,
12695,
12709,
],
'p5.js:src/color/color_conversion.js':[
55,
138,
205,
208,
211,
250,
253,
256,
],
'p5.js:src/color/p5.Color.js':[
37,
38,
39,
429,
459,
838,
840,
],
'p5.js:src/color/setting.js':[
310,
311,
312,
],
'p5.js:src/core/environment.js':[
458,
],
'p5.js:src/core/error_helpers.js':[
121,
123,
302,
312,
328,
328,
335,
353,
366,
434,
438,
577,
791,
794,
],
'p5.js:src/core/helpers.js':[
8,
10,
12,
14,
],
'p5.js:src/core/main.js':[
259,
259,
279,
343,
],
'p5.js:src/core/p5.Element.js':[
831,
],
'p5.js:src/core/p5.Graphics.js':[
176,
],
'p5.js:src/core/p5.Renderer.js':[
166,
167,
168,
169,
181,
188,
315,
317,
],
'p5.js:src/core/p5.Renderer2D.js':[
175,
211,
214,
215,
216,
217,
218,
219,
220,
221,
222,
223,
224,
225,
226,
227,
228,
358,
359,
360,
361,
458,
477,
480,
497,
501,
536,
550,
574,
578,
610,
614,
697,
701,
727,
733,
740,
775,
799,
820,
828,
836,
853,
876,
910,
927,
982,
983,
984,
993,
994,
995,
1003,
1126,
1200,
],
'p5.js:src/core/preload.js':[
36,
],
'p5.js:src/core/rendering.js':[
305,
],
'p5.js:src/core/shape/attributes.js':[
72,
73,
74,
75,
176,
177,
178,
179,
250,
251,
252,
317,
318,
319,
],
'p5.js:src/core/shape/vertex.js':[
249,
250,
251,
252,
253,
254,
255,
618,
],
'p5.js:src/core/shim.js':[
51,
],
'p5.js:src/data/local_storage.js':[
141,
],
'p5.js:src/dom/dom.js':[
62,
70,
134,
170,
170,
183,
183,
185,
190,
190,
652,
672,
674,
802,
835,
849,
1075,
1076,
1188,
1195,
1567,
1568,
1583,
1793,
1810,
1811,
1812,
1813,
1848,
1849,
1900,
1901,
1951,
2093,
2279,
2280,
2356,
2630,
3264,
],
'p5.js:src/events/acceleration.js':[
643,
643,
645,
647,
674,
694,
719,
738,
],
'p5.js:src/events/keyboard.js':[
189,
240,
295,
398,
],
'p5.js:src/events/mouse.js':[
433,
485,
487,
611,
618,
623,
697,
706,
776,
781,
854,
923,
993,
],
'p5.js:src/events/touch.js':[
42,
136,
145,
213,
218,
288,
293,
],
'p5.js:src/image/filters.js':[
187,
491,
],
'p5.js:src/image/image.js':[
200,
202,
],
'p5.js:src/image/loading_displaying.js':[
78,
184,
207,
209,
652,
653,
654,
],
'p5.js:src/image/p5.Image.js':[
238,
642,
],
'p5.js:src/image/pixels.js':[
490,
738,
],
'p5.js:src/io/files.js':[
400,
414,
417,
424,
502,
512,
513,
520,
529,
530,
535,
538,
556,
557,
557,
1149,
1221,
1376,
1692,
1707,
1745,
1854,
],
'p5.js:src/io/p5.Table.js':[
341,
348,
411,
418,
],
'p5.js:src/io/p5.XML.js':[
368,
486,
],
'p5.js:src/math/calculation.js':[
823,
823,
],
'p5.js:src/math/trigonometry.js':[
321,
321,
335,
350,
365,
],
'p5.js:src/typography/attributes.js':[
219,
],
'p5.js:src/typography/p5.Font.js':[
221,
223,
397,
399,
401,
403,
405,
515,
530,
530,
533,
535,
664,
715,
727,
728,
729,
730,
771,
832,
832,
842,
842,
889,
889,
],
'p5.js:src/utilities/conversion.js':[
73,
73,
75,
75,
272,
272,
275,
275,
276,
],
'p5.js:src/utilities/string_functions.js':[
120,
191,
192,
194,
209,
210,
214,
294,
295,
297,
301,
],
'p5.js:src/webgl/3d_primitives.js':[
322,
323,
323,
349,
1094,
1401,
1413,
1492,
1504,
1589,
1618,
1653,
],
'p5.js:src/webgl/interaction.js':[
79,
86,
331,
336,
],
'p5.js:src/webgl/light.js':[
479,
480,
480,
812,
816,
821,
],
'p5.js:src/webgl/loading.js':[
205,
205,
214,
219,
236,
272,
455,
461,
468,
479,
479,
499,
499,
511,
521,
537,
548,
550,
550,
],
'p5.js:src/webgl/material.js':[
254,
492,
492,
784,
],
'p5.js:src/webgl/p5.Camera.js':[
496,
497,
498,
499,
500,
501,
553,
554,
555,
556,
557,
558,
1252,
],
'p5.js:src/webgl/p5.Geometry.js':[
49,
50,
],
'p5.js:src/webgl/p5.Matrix.js':[
40,
351,
412,
412,
467,
467,
],
'p5.js:src/webgl/p5.RenderBuffer.js':[
49,
],
'p5.js:src/webgl/p5.RendererGL.Immediate.js':[
34,
78,
79,
84,
118,
150,
152,
153,
163,
167,
258,
259,
],
'p5.js:src/webgl/p5.RendererGL.js':[
244,
257,
488,
590,
708,
709,
710,
711,
712,
713,
714,
715,
716,
717,
721,
722,
723,
724,
725,
799,
838,
868,
1343,
1392,
1397,
],
'p5.js:src/webgl/p5.Shader.js':[
233,
263,
286,
371,
473,
474,
475,
476,
477,
478,
479,
480,
481,
482,
483,
484,
485,
490,
499,
500,
509,
537,
],
'p5.js:src/webgl/p5.Texture.js':[
98,
99,
138,
138,
186,
],
'p5.js:tasks/build/browserify.js':[
18,
19,
],
'p5.js:tasks/build/combineModules.js':[
20,
61,
],
'p5.js:tasks/build/eslint-samples.js':[
18,
40,
46,
],
'p5.js:test/js/sinon.js':[
54,
74,
92,
94,
117,
162,
178,
220,
367,
393,
404,
408,
415,
416,
419,
419,
434,
538,
546,
630,
630,
1085,
1185,
1346,
1346,
1346,
1346,
1505,
1698,
1700,
1769,
1769,
1780,
1829,
1893,
1893,
1934,
1934,
1947,
2020,
2484,
2627,
2805,
2809,
4362,
4559,
4744,
4837,
4850,
4931,
4981,
],
'p5.js:test/manual-test-examples/addons/p5.sound/FFT_waveform_2/sketch.js':[
73,
],
'p5.js:test/manual-test-examples/addons/p5.sound/amplitude_analysis/sketch.js':[
69,
78,
85,
],
'p5.js:test/manual-test-examples/addons/p5.sound/peakDetect/sketch.js':[
133,
],
'p5.js:test/manual-test-examples/addons/p5.sound/playbackRate/sketch.js':[
34,
],
'p5.js:test/manual-test-examples/addons/p5.sound/soundfile_playMode/sketch.js':[
48,
56,
],
'p5.js:test/manual-test-examples/dom/capture_video_sizing/sketch.js':[
15,
],
'p5.js:test/manual-test-examples/dom/dropdown_test/sketch.js':[
19,
26,
],
'p5.js:test/manual-test-examples/dom/file_input/sketch.js':[
25,
28,
],
'p5.js:test/manual-test-examples/dom/file_input_div/sketch.js':[
44,
47,
],
'p5.js:test/manual-test-examples/dom/radio_test/sketch.js':[
21,
29,
],
'p5.js:test/manual-test-examples/p5.Font/custom/sketch.js':[
861,
861,
863,
863,
],
'p5.js:test/manual-test-examples/p5.Font/opentype/sketch.js':[
33,
37,
37,
41,
],
'p5.js:test/manual-test-examples/p5.Font/system/sketch.js':[
699,
699,
701,
701,
],
'p5.js:test/manual-test-examples/p5.Image/GIF/sketch.js':[
29,
31,
],
'p5.js:test/manual-test-examples/tutorials/Integrating-other-libraries/0/buzz.js':[
478,
536,
538,
709,
715,
],
'p5.js:test/manual-test-examples/tutorials/Integrating-other-libraries/1/buzz.js':[
478,
536,
538,
709,
715,
],
'p5.js:test/manual-test-examples/tutorials/Integrating-other-libraries/2/buzz.js':[
478,
536,
538,
709,
715,
],
'p5.js:test/unit/core/environment.js':[
23,
28,
105,
],
'p5.js:test/unit/core/main.js':[
120,
],
'p5.js:test/unit/core/structure.js':[
224,
],
'p5.js:test/unit/data/local_storage.js':[
35,
54,
62,
],
'p5.js:test/unit/data/p5.TypedDict.js':[
35,
73,
],
'p5.js:test/unit/events/acceleration.js':[
164,
],
'p5.js:test/unit/image/loading.js':[
93,
101,
251,
266,
270,
272,
274,
276,
278,
279,
],
'p5.js:test/unit/webgl/p5.RendererGL.js':[
259,
280,
281,
305,
306,
309,
310,
501,
],
'p5.js:test/unit/webgl/p5.Shader.js':[
28,
43,
258,
262,
],
'p5.js:test/unit/webgl/p5.Texture.js':[
44,
],
'p5.js:utils/sample-linter.js':[
24,
24,
205,
238,
],
}
