{
'p5.js:bench/math/random-fe-off.bench.js':[
4,
],
'p5.js:bench/math/random-fe-on.bench.js':[
4,
],
'p5.js:bench/math/sin.bench.js':[
4,
],
'p5.js:docs/yuidoc-p5-theme/assets/js/reference.js':[
373,
375,
375,
375,
378,
425,
4557,
4563,
4571,
4579,
4587,
4661,
4839,
4911,
],
'p5.js:docs/yuidoc-p5-theme/assets/js/render.js':[
252,
],
'p5.js:lib/addons/p5.sound.js':[
342,
702,
992,
1745,
1803,
4153,
4162,
4428,
4461,
4488,
4632,
4790,
4856,
4865,
4872,
4920,
5062,
5085,
5090,
5134,
5135,
5155,
5176,
5177,
5264,
5304,
5323,
5354,
5459,
5759,
5775,
5802,
6091,
6402,
7049,
7065,
7084,
7154,
7198,
7510,
7691,
7755,
7772,
7773,
7774,
7795,
7802,
7822,
7824,
7843,
7866,
7867,
7868,
7869,
7912,
7942,
7979,
7985,
8000,
8025,
8034,
8042,
8297,
8320,
8321,
8322,
8323,
8324,
8325,
8389,
9548,
9549,
10045,
10278,
10281,
10380,
10630,
10733,
11002,
12113,
12114,
12440,
12454,
12611,
],
'p5.js:src/color/creating_reading.js':[
327,
],
'p5.js:src/core/error_helpers.js':[
599,
],
'p5.js:src/core/p5.Graphics.js':[
51,
53,
],
'p5.js:src/core/p5.Renderer.js':[
136,
],
'p5.js:src/core/rendering.js':[
100,
105,
229,
],
'p5.js:src/dom/dom.js':[
171,
186,
193,
195,
335,
1210,
],
'p5.js:src/image/image.js':[
99,
212,
],
'p5.js:src/image/loading_displaying.js':[
67,
160,
],
'p5.js:src/io/files.js':[
435,
561,
671,
1167,
],
'p5.js:src/io/p5.Table.js':[
138,
],
'p5.js:src/math/math.js':[
42,
44,
],
'p5.js:src/typography/loading_displaying.js':[
87,
],
'p5.js:src/webgl/3d_primitives.js':[
74,
80,
183,
195,
362,
367,
369,
371,
526,
651,
780,
787,
921,
927,
935,
994,
1012,
1013,
1014,
1020,
1035,
1095,
1107,
1155,
1196,
1211,
1242,
1243,
1244,
1245,
1249,
],
'p5.js:src/webgl/light.js':[
644,
645,
651,
652,
658,
663,
669,
670,
677,
678,
683,
687,
697,
702,
714,
715,
719,
722,
735,
741,
763,
768,
],
'p5.js:src/webgl/loading.js':[
117,
208,
409,
422,
488,
513,
552,
],
'p5.js:src/webgl/material.js':[
71,
176,
],
'p5.js:src/webgl/p5.Camera.js':[
401,
402,
],
'p5.js:src/webgl/p5.Geometry.js':[
129,
181,
192,
],
'p5.js:src/webgl/p5.RendererGL.Immediate.js':[
68,
303,
],
'p5.js:src/webgl/p5.RendererGL.js':[
121,
122,
123,
126,
147,
148,
152,
153,
154,
155,
157,
161,
162,
170,
178,
179,
180,
181,
182,
186,
187,
1137,
1143,
1156,
1168,
1180,
1192,
1203,
1216,
1228,
1230,
1242,
1344,
1464,
],
'p5.js:src/webgl/text.js':[
406,
407,
408,
409,
684,
687,
],
'p5.js:tasks/release/release-bower.js':[
18,
42,
60,
],
'p5.js:tasks/release/release-docs.js':[
18,
39,
57,
],
'p5.js:tasks/release/release-github.js':[
91,
],
'p5.js:tasks/test/mocha-chrome.js':[
24,
62,
],
'p5.js:test/js/p5_helpers.js':[
5,
6,
32,
],
'p5.js:test/js/sinon.js':[
4041,
4050,
4423,
4425,
4583,
4775,
4776,
4778,
4779,
4780,
4784,
4844,
4862,
4864,
4944,
4950,
4956,
4996,
],
'p5.js:test/manual-test-examples/addons/p5.sound/DelayNoiseEnvelope/sketch.js':[
14,
22,
27,
30,
],
'p5.js:test/manual-test-examples/addons/p5.sound/DelaySoundFile/sketch.js':[
20,
24,
],
'p5.js:test/manual-test-examples/addons/p5.sound/FFT_freqRange/sketch.js':[
26,
],
'p5.js:test/manual-test-examples/addons/p5.sound/FFT_frequency_spectrum/sketch.js':[
39,
],
'p5.js:test/manual-test-examples/addons/p5.sound/FFT_waveform/sketch.js':[
29,
],
'p5.js:test/manual-test-examples/addons/p5.sound/FFT_waveform_2/sketch.js':[
31,
],
'p5.js:test/manual-test-examples/addons/p5.sound/Filter_BandPass/sketch.js':[
18,
20,
26,
],
'p5.js:test/manual-test-examples/addons/p5.sound/Filter_LowPass/sketch.js':[
28,
35,
],
'p5.js:test/manual-test-examples/addons/p5.sound/PulseFFT/sketch.js':[
30,
34,
],
'p5.js:test/manual-test-examples/addons/p5.sound/Reverb_basic/sketch.js':[
20,
],
'p5.js:test/manual-test-examples/addons/p5.sound/Reverb_convolve_FFT/sketch.js':[
48,
],
'p5.js:test/manual-test-examples/addons/p5.sound/amplitude_analysis/sketch.js':[
30,
],
'p5.js:test/manual-test-examples/addons/p5.sound/autoCorrelation/sketch.js':[
21,
24,
],
'p5.js:test/manual-test-examples/addons/p5.sound/envelope/sketch.js':[
44,
48,
59,
],
'p5.js:test/manual-test-examples/addons/p5.sound/envelopeOnOff/sketch.js':[
32,
35,
48,
],
'p5.js:test/manual-test-examples/addons/p5.sound/looper_simple/sketch.js':[
16,
17,
23,
26,
29,
],
'p5.js:test/manual-test-examples/addons/p5.sound/micFFT/sketch.js':[
12,
14,
],
'p5.js:test/manual-test-examples/addons/p5.sound/micLevel/sketch.js':[
7,
],
'p5.js:test/manual-test-examples/addons/p5.sound/micLevel_on_off/sketch.js':[
16,
],
'p5.js:test/manual-test-examples/addons/p5.sound/noiseMod_AM/sketch.js':[
34,
41,
53,
],
'p5.js:test/manual-test-examples/addons/p5.sound/oscillatorMod_AM/sketch.js':[
34,
40,
50,
],
'p5.js:test/manual-test-examples/addons/p5.sound/oscillatorMod_FM/sketch.js':[
36,
41,
51,
],
'p5.js:test/manual-test-examples/addons/p5.sound/oscillatorSecondsFromNow/sketch.js':[
6,
],
'p5.js:test/manual-test-examples/addons/p5.sound/oscillatorWaveform/sketch.js':[
28,
44,
],
'p5.js:test/manual-test-examples/addons/p5.sound/oscillator_FMSynth/sketch.js':[
13,
15,
19,
22,
24,
29,
],
'p5.js:test/manual-test-examples/addons/p5.sound/outOfPhase/sketch.js':[
15,
16,
17,
],
'p5.js:test/manual-test-examples/addons/p5.sound/peakDetect/sketch.js':[
49,
57,
60,
63,
66,
67,
68,
],
'p5.js:test/manual-test-examples/addons/p5.sound/peakDetect_basic/sketch.js':[
11,
12,
],
'p5.js:test/manual-test-examples/addons/p5.sound/record/sketch.js':[
16,
22,
28,
],
'p5.js:test/manual-test-examples/addons/p5.sound/recordLoops/sketch.js':[
24,
30,
36,
44,
],
'p5.js:test/manual-test-examples/addons/p5.sound/soundfileMod_AM/sketch.js':[
44,
55,
],
'p5.js:test/manual-test-examples/addons/p5.sound/waveform/sketch.js':[
29,
],
'p5.js:test/manual-test-examples/async/loadFont/instance/sketch.js':[
33,
],
'p5.js:test/manual-test-examples/async/loadImage/instance/sketch.js':[
29,
],
'p5.js:test/manual-test-examples/dom/audio_button_slider/sketch.js':[
17,
],
'p5.js:test/manual-test-examples/dom/instance/sketch.js':[
38,
],
'p5.js:test/manual-test-examples/instantiation-instance/case0/sketch.js':[
17,
],
'p5.js:test/manual-test-examples/instantiation-instance/case1/sketch.js':[
21,
],
'p5.js:test/manual-test-examples/instantiation-instance/case3/sketch.js':[
21,
],
'p5.js:test/manual-test-examples/instantiation-instance/case4/sketch.js':[
23,
],
'p5.js:test/manual-test-examples/instantiation-instance/case5/sketch.js':[
4,
],
'p5.js:test/manual-test-examples/instantiation-instance/case6/sketch.js':[
32,
68,
],
'p5.js:test/manual-test-examples/mouse-events/instance-mousex-css/sketch.js':[
11,
],
'p5.js:test/manual-test-examples/mouse-events/instance-mousex-offset/sketch.js':[
25,
],
'p5.js:test/manual-test-examples/mouse-events/instance-mousex/sketch.js':[
24,
],
'p5.js:test/manual-test-examples/p5.Font/custom/sketch.js':[
875,
876,
877,
878,
879,
880,
881,
882,
883,
884,
885,
886,
887,
888,
889,
890,
891,
892,
893,
894,
895,
896,
897,
],
'p5.js:test/manual-test-examples/p5.Font/simple/sketch.js':[
158,
159,
160,
],
'p5.js:test/manual-test-examples/p5.Font/system/sketch.js':[
713,
714,
715,
716,
717,
718,
719,
720,
721,
722,
723,
724,
725,
726,
727,
728,
729,
730,
731,
732,
733,
734,
],
'p5.js:test/manual-test-examples/p5.Table/findRows/sketch.js':[
4,
],
'p5.js:test/manual-test-examples/p5.Table/getColumn/sketch.js':[
4,
],
'p5.js:test/manual-test-examples/p5.Table/getObject/sketch.js':[
4,
],
'p5.js:test/manual-test-examples/p5.Table/matchRow/sketch.js':[
4,
],
'p5.js:test/manual-test-examples/p5.Table/matchRows/sketch.js':[
4,
],
'p5.js:test/manual-test-examples/p5.Table/removeTokens/sketch.js':[
4,
],
'p5.js:test/manual-test-examples/p5.Table/saveTable/sketch.js':[
4,
],
'p5.js:test/manual-test-examples/p5.Table/trim/sketch.js':[
4,
],
'p5.js:test/manual-test-examples/tutorials/Integrating-other-libraries/0/sketch.js':[
24,
],
'p5.js:test/manual-test-examples/tutorials/Integrating-other-libraries/1/sketch.js':[
7,
],
'p5.js:test/manual-test-examples/tutorials/Integrating-other-libraries/2/sketch.js':[
9,
],
'p5.js:test/manual-test-examples/webgl/camera/cameraViews/sketch.js':[
1,
33,
],
'p5.js:test/manual-test-examples/webgl/stats.js':[
4,
],
'p5.js:test/unit/color/creating_reading.js':[
5,
],
'p5.js:test/unit/color/p5.Color.js':[
5,
],
'p5.js:test/unit/color/setting.js':[
5,
10,
],
'p5.js:test/unit/core/2d_primitives.js':[
5,
],
'p5.js:test/unit/core/attributes.js':[
5,
],
'p5.js:test/unit/core/curves.js':[
5,
],
'p5.js:test/unit/core/environment.js':[
5,
19,
21,
36,
102,
103,
],
'p5.js:test/unit/core/error_helpers.js':[
5,
],
'p5.js:test/unit/core/main.js':[
20,
45,
54,
63,
79,
217,
],
'p5.js:test/unit/core/p5.Element.js':[
2,
],
'p5.js:test/unit/core/p5.Graphics.js':[
5,
],
'p5.js:test/unit/core/preload.js':[
17,
167,
],
'p5.js:test/unit/core/rendering.js':[
5,
],
'p5.js:test/unit/core/structure.js':[
5,
19,
34,
46,
219,
243,
],
'p5.js:test/unit/core/transform.js':[
5,
10,
],
'p5.js:test/unit/core/vertex.js':[
6,
],
'p5.js:test/unit/data/local_storage.js':[
13,
],
'p5.js:test/unit/data/p5.TypedDict.js':[
7,
],
'p5.js:test/unit/dom/dom.js':[
7,
],
'p5.js:test/unit/events/acceleration.js':[
4,
],
'p5.js:test/unit/events/keyboard.js':[
5,
],
'p5.js:test/unit/events/mouse.js':[
14,
],
'p5.js:test/unit/events/touch.js':[
11,
],
'p5.js:test/unit/image/filters.js':[
5,
],
'p5.js:test/unit/image/loading.js':[
12,
32,
55,
64,
79,
90,
98,
148,
167,
174,
197,
206,
284,
],
'p5.js:test/unit/image/p5.Image.js':[
5,
26,
36,
],
'p5.js:test/unit/image/pixels.js':[
5,
],
'p5.js:test/unit/io/files.js':[
5,
29,
38,
47,
56,
65,
89,
164,
170,
179,
191,
207,
251,
257,
266,
275,
287,
310,
316,
326,
343,
353,
363,
375,
415,
422,
434,
442,
452,
],
'p5.js:test/unit/math/calculation.js':[
5,
],
'p5.js:test/unit/math/noise.js':[
5,
],
'p5.js:test/unit/math/p5.Vector.js':[
8,
50,
65,
77,
153,
188,
209,
214,
260,
261,
286,
332,
333,
352,
385,
403,
443,
471,
476,
493,
494,
517,
522,
532,
533,
560,
561,
584,
585,
798,
799,
860,
861,
871,
872,
881,
882,
890,
891,
903,
904,
],
'p5.js:test/unit/math/random.js':[
5,
79,
127,
],
'p5.js:test/unit/math/trigonometry.js':[
11,
],
'p5.js:test/unit/typography/attributes.js':[
5,
],
'p5.js:test/unit/typography/loadFont.js':[
5,
],
'p5.js:test/unit/typography/p5.Font.js':[
5,
],
'p5.js:test/unit/utilities/array_functions.js':[
5,
],
'p5.js:test/unit/utilities/conversion.js':[
5,
],
'p5.js:test/unit/utilities/string_functions.js':[
5,
],
'p5.js:test/unit/utilities/time_date.js':[
5,
],
'p5.js:test/unit/webgl/3d_primitives.js':[
9,
],
'p5.js:test/unit/webgl/interaction.js':[
8,
],
'p5.js:test/unit/webgl/light.js':[
9,
87,
88,
99,
100,
111,
112,
123,
124,
135,
146,
156,
157,
168,
179,
189,
190,
201,
212,
222,
232,
252,
262,
282,
292,
],
'p5.js:test/unit/webgl/p5.Camera.js':[
26,
],
'p5.js:test/unit/webgl/p5.Matrix.js':[
28,
42,
55,
62,
84,
85,
90,
96,
105,
111,
129,
141,
142,
148,
154,
170,
182,
183,
189,
195,
211,
219,
226,
243,
250,
256,
],
'p5.js:test/unit/webgl/p5.RendererGL.js':[
9,
495,
496,
],
'p5.js:test/unit/webgl/p5.Shader.js':[
10,
],
'p5.js:test/unit/webgl/p5.Texture.js':[
12,
],
'p5.js:utils/sample-linter.js':[
216,
],
}
